make: Entering directory '/home/yunwei37/workspace/namei_ext'
if ! mountpoint -q /sys/fs/bpf; then mount -t bpf bpf /sys/fs/bpf; fi
if ! mountpoint -q /sys/kernel/debug; then mount -t debugfs debugfs /sys/kernel/debug; fi
if ! mountpoint -q /sys/fs/cgroup; then mount -t cgroup2 cgroup2 /sys/fs/cgroup; fi
inner_status=0; \
make --no-print-directory -C "/home/yunwei37/workspace/namei_ext" \
	__toolchain_environment_guest_inner \
	TOOLCHAIN_ENV_BOOT_DIR="results/experiments/toolchain-environment/20260729T171551Z-toolchain-formal01/boots/repetition-01" \
	TOOLCHAIN_ENV_RUN_DIR="results/experiments/toolchain-environment/20260729T171551Z-toolchain-formal01" || \
	inner_status=$?; \
printf '%s\n' "$inner_status" \
	>"results/experiments/toolchain-environment/20260729T171551Z-toolchain-formal01/boots/repetition-01/guest-inner.status"; \
lower_after_status=0; \
if test -d "results/experiments/toolchain-environment/20260729T171551Z-toolchain-formal01/boots/repetition-01/lower"; then \
	find "results/experiments/toolchain-environment/20260729T171551Z-toolchain-formal01/boots/repetition-01/lower" -xdev \
		-printf '%y\t%m\t%U\t%G\t%s\t%D\t%i\t%T@\t%p\n' | \
		LC_ALL=C sort \
		>"results/experiments/toolchain-environment/20260729T171551Z-toolchain-formal01/boots/repetition-01/lower-after.tsv" || \
		lower_after_status=$?; \
	if test "$lower_after_status" -eq 0 && \
	   test -f "results/experiments/toolchain-environment/20260729T171551Z-toolchain-formal01/boots/repetition-01/lower-before.tsv"; then \
		cmp "results/experiments/toolchain-environment/20260729T171551Z-toolchain-formal01/boots/repetition-01/lower-before.tsv" \
			"results/experiments/toolchain-environment/20260729T171551Z-toolchain-formal01/boots/repetition-01/lower-after.tsv" || \
			lower_after_status=$?; \
	else \
		lower_after_status=1; \
	fi; \
else \
	lower_after_status=1; \
fi; \
printf '%s\n' "$lower_after_status" \
	>"results/experiments/toolchain-environment/20260729T171551Z-toolchain-formal01/boots/repetition-01/guest-lower-after.status"; \
inventory_after_status=0; \
test -d "results/experiments/toolchain-environment/20260729T171551Z-toolchain-formal01/boots/repetition-01"; test -n "results/experiments/toolchain-environment/20260729T171551Z-toolchain-formal01/artifacts/runtime/bpftool"; test -n "after"; command -v findmnt >/dev/null; command -v lsof >/dev/null; test -c /dev/fuse; "results/experiments/toolchain-environment/20260729T171551Z-toolchain-formal01/artifacts/runtime/bpftool" -j prog show >"results/experiments/toolchain-environment/20260729T171551Z-toolchain-formal01/boots/repetition-01/bpf-programs-after.json"; "results/experiments/toolchain-environment/20260729T171551Z-toolchain-formal01/artifacts/runtime/bpftool" -j cgroup tree >"results/experiments/toolchain-environment/20260729T171551Z-toolchain-formal01/boots/repetition-01/bpf-cgroup-after.json"; findmnt -rn -o FSTYPE,TARGET | awk '$1 == "fuse" || $1 == "fuseblk" || index($1, "fuse.") == 1' >"results/experiments/toolchain-environment/20260729T171551Z-toolchain-formal01/boots/repetition-01/fuse-mounts-after.txt"; lsof_status=0; lsof -Fpc /dev/fuse >"results/experiments/toolchain-environment/20260729T171551Z-toolchain-formal01/boots/repetition-01/fuse-open-fds-after.txt" || lsof_status=$?; printf '%s\n' "$lsof_status" >"results/experiments/toolchain-environment/20260729T171551Z-toolchain-formal01/boots/repetition-01/fuse-open-fds-after.status"; case "$lsof_status" in 0|1) ;; *) exit 1 ;; esac || \
	inventory_after_status=$?; \
printf '%s\n' "$inventory_after_status" \
	>"results/experiments/toolchain-environment/20260729T171551Z-toolchain-formal01/boots/repetition-01/guest-inventory-after.status"; \
dmesg_status=0; \
dmesg >"results/experiments/toolchain-environment/20260729T171551Z-toolchain-formal01/boots/repetition-01/dmesg.log" || dmesg_status=$?; \
if test "$dmesg_status" -eq 0; then \
	! grep -E 'BUG:|WARNING:|Oops:|Call Trace:|hung task|general protection|NULL pointer|KASAN|UBSAN|clocksource: Watchdog .*read timed out|Marking clocksource .* unstable' "results/experiments/toolchain-environment/20260729T171551Z-toolchain-formal01/boots/repetition-01/dmesg.log" >/dev/null || \
		dmesg_status=$?; \
fi; \
printf '%s\n' "$dmesg_status" \
	>"results/experiments/toolchain-environment/20260729T171551Z-toolchain-formal01/boots/repetition-01/guest-dmesg.status"; \
status=completed; \
if test "$inner_status" -ne 0 || \
   test "$lower_after_status" -ne 0 || \
   test "$inventory_after_status" -ne 0 || \
   test "$dmesg_status" -ne 0; then status=failed; fi; \
jq -n \
	--arg status "$status" \
	--argjson inner_status "$inner_status" \
	--argjson lower_after_status "$lower_after_status" \
	--argjson inventory_after_status "$inventory_after_status" \
	--argjson dmesg_status "$dmesg_status" \
	--arg completed_at "$(date -u +%Y-%m-%dT%H:%M:%SZ)" \
	'{schema:"namei_ext.toolchain_environment.boot.v1",status:$status,inner_status:$inner_status,lower_after_status:$lower_after_status,inventory_after_status:$inventory_after_status,dmesg_status:$dmesg_status,completed_at:$completed_at}' \
	>"results/experiments/toolchain-environment/20260729T171551Z-toolchain-formal01/boots/repetition-01/boot.json"; \
test "$status" = completed
test -n "results/experiments/toolchain-environment/20260729T171551Z-toolchain-formal01/boots/repetition-01"
test -n "results/experiments/toolchain-environment/20260729T171551Z-toolchain-formal01"
test -x "results/experiments/toolchain-environment/20260729T171551Z-toolchain-formal01/artifacts/runtime/namei_ext_toolchain_environment"
test -r "results/experiments/toolchain-environment/20260729T171551Z-toolchain-formal01/artifacts/runtime/toolchain_environment.bpf.o"
test -x "results/experiments/toolchain-environment/20260729T171551Z-toolchain-formal01/artifacts/runtime/bpftool"
test -x "results/experiments/toolchain-environment/20260729T171551Z-toolchain-formal01/artifacts/source/probe.py"
test -x "/usr/bin/python3.10"
test -x "/usr/bin/python3.12"
cp "results/experiments/toolchain-environment/20260729T171551Z-toolchain-formal01/artifacts/kernel/config" "results/experiments/toolchain-environment/20260729T171551Z-toolchain-formal01/boots/repetition-01/kernel.config"
printf '%s\n' "621aff8d1bb52fad718f11fd882c956d6a5686ae" >"results/experiments/toolchain-environment/20260729T171551Z-toolchain-formal01/boots/repetition-01/kernel-commit.txt"
actual_release=$(uname -r); test "$actual_release" = "7.1.0-rc7-g621aff8d1bb5"; printf '%s\n' "$actual_release" >"results/experiments/toolchain-environment/20260729T171551Z-toolchain-formal01/boots/repetition-01/kernel-release.txt"
uname -a >"results/experiments/toolchain-environment/20260729T171551Z-toolchain-formal01/boots/repetition-01/uname.txt"
cat /proc/version >"results/experiments/toolchain-environment/20260729T171551Z-toolchain-formal01/boots/repetition-01/proc-version.txt"
cat /proc/cmdline >"results/experiments/toolchain-environment/20260729T171551Z-toolchain-formal01/boots/repetition-01/kernel-cmdline.txt"
owner_uid=$(stat -c %u "results/experiments/toolchain-environment/20260729T171551Z-toolchain-formal01/boots/repetition-01"); \
owner_gid=$(stat -c %g "results/experiments/toolchain-environment/20260729T171551Z-toolchain-formal01/boots/repetition-01"); \
install -d -o "$owner_uid" -g "$owner_gid" \
	"results/experiments/toolchain-environment/20260729T171551Z-toolchain-formal01/boots/repetition-01/lower" \
	"results/experiments/toolchain-environment/20260729T171551Z-toolchain-formal01/boots/repetition-01/home"; \
setpriv --reuid="$owner_uid" --regid="$owner_gid" --clear-groups \
	"/usr/bin/python3.10" -m venv --copies \
	"results/experiments/toolchain-environment/20260729T171551Z-toolchain-formal01/boots/repetition-01/lower/python310" \
	>"results/experiments/toolchain-environment/20260729T171551Z-toolchain-formal01/boots/repetition-01/venv-310.stdout.log" \
	2>"results/experiments/toolchain-environment/20260729T171551Z-toolchain-formal01/boots/repetition-01/venv-310.stderr.log"; \
setpriv --reuid="$owner_uid" --regid="$owner_gid" --clear-groups \
	"/usr/bin/python3.12" -m venv --copies \
	"results/experiments/toolchain-environment/20260729T171551Z-toolchain-formal01/boots/repetition-01/lower/python312" \
	>"results/experiments/toolchain-environment/20260729T171551Z-toolchain-formal01/boots/repetition-01/venv-312.stdout.log" \
	2>"results/experiments/toolchain-environment/20260729T171551Z-toolchain-formal01/boots/repetition-01/venv-312.stderr.log"
test ! -s "results/experiments/toolchain-environment/20260729T171551Z-toolchain-formal01/boots/repetition-01/venv-310.stderr.log"
test ! -s "results/experiments/toolchain-environment/20260729T171551Z-toolchain-formal01/boots/repetition-01/venv-312.stderr.log"
"results/experiments/toolchain-environment/20260729T171551Z-toolchain-formal01/boots/repetition-01/lower/python310/bin/python" --version \
	>"results/experiments/toolchain-environment/20260729T171551Z-toolchain-formal01/boots/repetition-01/python-versions.txt" 2>&1
"results/experiments/toolchain-environment/20260729T171551Z-toolchain-formal01/boots/repetition-01/lower/python312/bin/python" --version \
	>>"results/experiments/toolchain-environment/20260729T171551Z-toolchain-formal01/boots/repetition-01/python-versions.txt" 2>&1
grep -Fx 'Python 3.10.19' \
	"results/experiments/toolchain-environment/20260729T171551Z-toolchain-formal01/boots/repetition-01/python-versions.txt" >/dev/null
grep -Fx 'Python 3.12.3' \
	"results/experiments/toolchain-environment/20260729T171551Z-toolchain-formal01/boots/repetition-01/python-versions.txt" >/dev/null
find "results/experiments/toolchain-environment/20260729T171551Z-toolchain-formal01/boots/repetition-01/lower" -xdev \
	-printf '%y\t%m\t%U\t%G\t%s\t%D\t%i\t%T@\t%p\n' | \
	LC_ALL=C sort >"results/experiments/toolchain-environment/20260729T171551Z-toolchain-formal01/boots/repetition-01/lower-before.tsv"
test -d "results/experiments/toolchain-environment/20260729T171551Z-toolchain-formal01/boots/repetition-01"; test -n "results/experiments/toolchain-environment/20260729T171551Z-toolchain-formal01/artifacts/runtime/bpftool"; test -n "before"; command -v findmnt >/dev/null; command -v lsof >/dev/null; test -c /dev/fuse; "results/experiments/toolchain-environment/20260729T171551Z-toolchain-formal01/artifacts/runtime/bpftool" -j prog show >"results/experiments/toolchain-environment/20260729T171551Z-toolchain-formal01/boots/repetition-01/bpf-programs-before.json"; "results/experiments/toolchain-environment/20260729T171551Z-toolchain-formal01/artifacts/runtime/bpftool" -j cgroup tree >"results/experiments/toolchain-environment/20260729T171551Z-toolchain-formal01/boots/repetition-01/bpf-cgroup-before.json"; findmnt -rn -o FSTYPE,TARGET | awk '$1 == "fuse" || $1 == "fuseblk" || index($1, "fuse.") == 1' >"results/experiments/toolchain-environment/20260729T171551Z-toolchain-formal01/boots/repetition-01/fuse-mounts-before.txt"; lsof_status=0; lsof -Fpc /dev/fuse >"results/experiments/toolchain-environment/20260729T171551Z-toolchain-formal01/boots/repetition-01/fuse-open-fds-before.txt" || lsof_status=$?; printf '%s\n' "$lsof_status" >"results/experiments/toolchain-environment/20260729T171551Z-toolchain-formal01/boots/repetition-01/fuse-open-fds-before.status"; case "$lsof_status" in 0|1) ;; *) exit 1 ;; esac
jq -e 'type == "array" and length == 0' "results/experiments/toolchain-environment/20260729T171551Z-toolchain-formal01/boots/repetition-01/bpf-programs-before.json" >/dev/null; jq -e 'type == "array" and all(.[]; has("error") | not) and ([.. | objects | select(has("id"))] | length) == 0' "results/experiments/toolchain-environment/20260729T171551Z-toolchain-formal01/boots/repetition-01/bpf-cgroup-before.json" >/dev/null; test ! -s "results/experiments/toolchain-environment/20260729T171551Z-toolchain-formal01/boots/repetition-01/fuse-mounts-before.txt"; test "$(cat "results/experiments/toolchain-environment/20260729T171551Z-toolchain-formal01/boots/repetition-01/fuse-open-fds-before.status")" = 1; test ! -s "results/experiments/toolchain-environment/20260729T171551Z-toolchain-formal01/boots/repetition-01/fuse-open-fds-before.txt"
: >"results/experiments/toolchain-environment/20260729T171551Z-toolchain-formal01/boots/repetition-01/observations.jsonl"
"results/experiments/toolchain-environment/20260729T171551Z-toolchain-formal01/artifacts/runtime/namei_ext_toolchain_environment" \
	"results/experiments/toolchain-environment/20260729T171551Z-toolchain-formal01/artifacts/runtime/toolchain_environment.bpf.o" \
	"results/experiments/toolchain-environment/20260729T171551Z-toolchain-formal01/artifacts/source/probe.py" \
	"results/experiments/toolchain-environment/20260729T171551Z-toolchain-formal01/boots/repetition-01/observations.jsonl" \
	"results/experiments/toolchain-environment/20260729T171551Z-toolchain-formal01/boots/repetition-01" \
	"results/experiments/toolchain-environment/20260729T171551Z-toolchain-formal01/boots/repetition-01/lower/python310" \
	"results/experiments/toolchain-environment/20260729T171551Z-toolchain-formal01/boots/repetition-01/lower/python312" \
	/sys/fs/cgroup
! jq -e 'select(.pass != true)' \
	"results/experiments/toolchain-environment/20260729T171551Z-toolchain-formal01/boots/repetition-01/observations.jsonl" >/dev/null
make: Leaving directory '/home/yunwei37/workspace/namei_ext'
