[    0.000000] Linux version 7.1.0-rc7-gb07117a3cb41 (yunwei37@lab) (gcc (Ubuntu 13.3.0-6ubuntu2~24.04.1) 13.3.0, GNU ld (GNU Binutils for Ubuntu) 2.42) #2 SMP PREEMPT_DYNAMIC Sun Aug  2 01:14:37 PDT 2026
[    0.000000] Command line: virtme_hostname=virtme-ng nr_open=1048576 virtme_initmount0=home/yunwei37/workspace/namei_ext virtme_rw_overlay0=/etc virtme_rw_overlay1=/lib virtme_rw_overlay2=/home virtme_rw_overlay3=/opt virtme_rw_overlay4=/srv virtme_rw_overlay5=/usr virtme_rw_overlay6=/var virtme_rw_overlay7=/tmp virtme_rw_overlay8=/tmp console=ttyS0 earlyprintk=serial,ttyS0,115200 quiet loglevel=0 panic=-1 virtme.exec=`bWFrZSAtQyAvaG9tZS95dW53ZWkzNy93b3Jrc3BhY2UvbmFtZWlfZXh0IC1mIE1ha2VmaWxlIC1mIHJlc3VsdHMvZXhwZXJpbWVudHMvc3BpbmRsZS1zdGFnaW5nLzIwMjYwODAyVDExNDIyMFotdzYtZm9ybWFsMDEvYm9vdHMvcmVwZXRpdGlvbi0wMS9ndWVzdC5tayBfX3NwaW5kbGVfc3RhZ2luZ19ndWVzdCBSVU5fSUQ9MjAyNjA4MDJUMTE0MjIwWi13Ni1mb3JtYWwwMSA=` virtme_chdir=home/yunwei37/workspace/namei_ext rootfstype=9p rootflags=version=9p2000.L,trans=virtio,access=any raid=noautodetect ro quiet loglevel=1 loglevel=7 panic=30 oops=panic tsc=reliable clocksource=tsc init=/home/yunwei37/.local/lib/python3.12/site-packages/virtme/guest/bin/virtme-ng-init
[    0.000000] x86/CPU: Model not found in latest microcode list
[    0.000000] x86/split lock detection: #DB: warning on user-space bus_locks
[    0.000000] BIOS-provided physical RAM map:
[    0.000000] BIOS-e820: [mem 0x0000000000000000-0x000000000009fbff]  System RAM
[    0.000000] BIOS-e820: [mem 0x000000000009fc00-0x000000000009ffff]  device reserved
[    0.000000] BIOS-e820: [gap 0x00000000000a0000-0x00000000000effff]
[    0.000000] BIOS-e820: [mem 0x00000000000f0000-0x00000000000fffff]  device reserved
[    0.000000] BIOS-e820: [mem 0x0000000000100000-0x00000000bffdffff]  System RAM
[    0.000000] BIOS-e820: [mem 0x00000000bffe0000-0x00000000bfffffff]  device reserved
[    0.000000] BIOS-e820: [gap 0x00000000c0000000-0x00000000feffbfff]
[    0.000000] BIOS-e820: [mem 0x00000000feffc000-0x00000000feffffff]  device reserved
[    0.000000] BIOS-e820: [gap 0x00000000ff000000-0x00000000fffbffff]
[    0.000000] BIOS-e820: [mem 0x00000000fffc0000-0x00000000ffffffff]  device reserved
[    0.000000] BIOS-e820: [mem 0x0000000100000000-0x000000023fffffff]  System RAM
[    0.000000] printk: legacy bootconsole [earlyser0] enabled
[    0.000000] NX (Execute Disable) protection: active
[    0.000000] APIC: Static calls initialized
[    0.000000] DMI: SMBIOS 2.8 present.
[    0.000000] DMI: QEMU Standard PC (i440FX + PIIX, 1996), BIOS rel-1.16.3-0-ga6ed6b701f0a-prebuilt.qemu.org 04/01/2014
[    0.000000] DMI: Memory slots populated: 1/1
[    0.000000] Hypervisor detected: KVM
[    0.000000] last_pfn = 0xbffe0 max_arch_pfn = 0x400000000
[    0.000000] kvm-clock: Using msrs 4b564d01 and 4b564d00
[    0.000000] kvm-clock: using sched offset of 227454429 cycles
[    0.000319] clocksource: kvm-clock: mask: 0xffffffffffffffff max_cycles: 0x1cd42e4dffb, max_idle_ns: 881590591483 ns
[    0.001311] tsc: Detected 3686.400 MHz processor
[    0.001747] e820: update [mem 0x00000000-0x00000fff] System RAM ==> device reserved
[    0.001750] e820: remove [mem 0x000a0000-0x000fffff] System RAM
[    0.001753] last_pfn = 0x240000 max_arch_pfn = 0x400000000
[    0.002111] MTRR map: 4 entries (3 fixed + 1 variable; max 19), built from 8 variable MTRRs
[    0.002623] x86/PAT: Configuration [0-7]: WB  WC  UC- UC  WB  WP  UC- WT  
[    0.003264] last_pfn = 0xbffe0 max_arch_pfn = 0x400000000
[    0.006075] found SMP MP-table at [mem 0x000f5440-0x000f544f]
[    0.006427] Using GB pages for direct mapping
[    0.006901] ACPI: Early table checksum verification disabled
[    0.007257] ACPI: RSDP 0x00000000000F5240 000014 (v00 BOCHS )
[    0.007611] ACPI: RSDT 0x00000000BFFE2443 000034 (v01 BOCHS  BXPC     00000001 BXPC 00000001)
[    0.008131] ACPI: FACP 0x00000000BFFE22DF 000074 (v01 BOCHS  BXPC     00000001 BXPC 00000001)
[    0.008658] ACPI: DSDT 0x00000000BFFE0040 00229F (v01 BOCHS  BXPC     00000001 BXPC 00000001)
[    0.009182] ACPI: FACS 0x00000000BFFE0000 000040
[    0.009466] ACPI: APIC 0x00000000BFFE2353 000090 (v03 BOCHS  BXPC     00000001 BXPC 00000001)
[    0.009990] ACPI: HPET 0x00000000BFFE23E3 000038 (v01 BOCHS  BXPC     00000001 BXPC 00000001)
[    0.010514] ACPI: WAET 0x00000000BFFE241B 000028 (v01 BOCHS  BXPC     00000001 BXPC 00000001)
[    0.011039] ACPI: Reserving FACP table memory at [mem 0xbffe22df-0xbffe2352]
[    0.011470] ACPI: Reserving DSDT table memory at [mem 0xbffe0040-0xbffe22de]
[    0.011898] ACPI: Reserving FACS table memory at [mem 0xbffe0000-0xbffe003f]
[    0.012323] ACPI: Reserving APIC table memory at [mem 0xbffe2353-0xbffe23e2]
[    0.012751] ACPI: Reserving HPET table memory at [mem 0xbffe23e3-0xbffe241a]
[    0.013176] ACPI: Reserving WAET table memory at [mem 0xbffe241b-0xbffe2442]
[    0.013770] No NUMA configuration found
[    0.014002] Faking a node at [mem 0x0000000000000000-0x000000023fffffff]
[    0.014408] NODE_DATA(0) allocated [mem 0x23fffa680-0x23fffdfff]
[    0.015073] ACPI: PM-Timer IO Port: 0x608
[    0.015325] ACPI: LAPIC_NMI (acpi_id[0xff] dfl dfl lint[0x1])
[    0.015698] IOAPIC[0]: apic_id 0, version 17, address 0xfec00000, GSI 0-23
[    0.016118] ACPI: INT_SRC_OVR (bus 0 bus_irq 0 global_irq 2 dfl dfl)
[    0.016504] ACPI: INT_SRC_OVR (bus 0 bus_irq 5 global_irq 5 high level)
[    0.016903] ACPI: INT_SRC_OVR (bus 0 bus_irq 9 global_irq 9 high level)
[    0.017302] ACPI: INT_SRC_OVR (bus 0 bus_irq 10 global_irq 10 high level)
[    0.017713] ACPI: INT_SRC_OVR (bus 0 bus_irq 11 global_irq 11 high level)
[    0.018125] ACPI: Using ACPI (MADT) for SMP configuration information
[    0.018516] ACPI: HPET id: 0x8086a201 base: 0xfed00000
[    0.018827] TSC deadline timer available
[    0.019064] CPU topo: Max. logical packages:   1
[    0.019343] CPU topo: Max. logical nodes:      1
[    0.019622] CPU topo: Num. nodes per package:  1
[    0.019902] CPU topo: Max. logical dies:       1
[    0.020180] CPU topo: Max. dies per package:   1
[    0.020460] CPU topo: Max. threads per core:   1
[    0.020739] CPU topo: Num. cores per package:     4
[    0.021033] CPU topo: Num. threads per package:   4
[    0.021327] CPU topo: Allowing 4 present CPUs plus 0 hotplug CPUs
[    0.021705] kvm-guest: APIC: eoi() replaced with kvm_guest_apic_eoi_write()
[    0.022135] kvm-guest: KVM setup pv remote TLB flush
[    0.022437] kvm-guest: setup PV sched yield
[    0.022693] PM: hibernation: Registered nosave memory: [mem 0x00000000-0x00000fff]
[    0.023150] PM: hibernation: Registered nosave memory: [mem 0x0009f000-0x000fffff]
[    0.023610] PM: hibernation: Registered nosave memory: [mem 0xbffe0000-0xffffffff]
[    0.024067] [gap 0xc0000000-0xfeffbfff] available for PCI devices
[    0.024435] Booting paravirtualized kernel on KVM
[    0.024721] clocksource: refined-jiffies: mask: 0xffffffff max_cycles: 0xffffffff, max_idle_ns: 1910969940391419 ns
[    0.030423] Zone ranges:
[    0.030598]   DMA      [mem 0x0000000000001000-0x0000000000ffffff]
[    0.030985]   DMA32    [mem 0x0000000001000000-0x00000000ffffffff]
[    0.031359]   Normal   [mem 0x0000000100000000-0x000000023fffffff]
[    0.031733] Movable zone start for each node
[    0.031992] Early memory node ranges
[    0.032207]   node   0: [mem 0x0000000000001000-0x000000000009efff]
[    0.032586]   node   0: [mem 0x0000000000100000-0x00000000bffdffff]
[    0.032964]   node   0: [mem 0x0000000100000000-0x000000023fffffff]
[    0.033342] Initmem setup node 0 [mem 0x0000000000001000-0x000000023fffffff]
[    0.033918] On node 0, zone DMA: 1 pages in unavailable ranges
[    0.034280] On node 0, zone DMA: 97 pages in unavailable ranges
[    0.047784] On node 0, zone Normal: 32 pages in unavailable ranges
[    0.048177] setup_percpu: NR_CPUS:64 nr_cpumask_bits:4 nr_cpu_ids:4 nr_node_ids:1
[    0.048868] percpu: Embedded 54 pages/cpu s183960 r8192 d29032 u524288
[    0.049270] pcpu-alloc: s183960 r8192 d29032 u524288 alloc=1*2097152
[    0.049272] pcpu-alloc: [0] 0 1 2 3 
[    0.049297] Kernel command line: virtme_hostname=virtme-ng nr_open=1048576 virtme_initmount0=home/yunwei37/workspace/namei_ext virtme_rw_overlay0=/etc virtme_rw_overlay1=/lib virtme_rw_overlay2=/home virtme_rw_overlay3=/opt virtme_rw_overlay4=/srv virtme_rw_overlay5=/usr virtme_rw_overlay6=/var virtme_rw_overlay7=/tmp virtme_rw_overlay8=/tmp console=ttyS0 earlyprintk=serial,ttyS0,115200 quiet loglevel=0 panic=-1 virtme.exec=`bWFrZSAtQyAvaG9tZS95dW53ZWkzNy93b3Jrc3BhY2UvbmFtZWlfZXh0IC1mIE1ha2VmaWxlIC1mIHJlc3VsdHMvZXhwZXJpbWVudHMvc3BpbmRsZS1zdGFnaW5nLzIwMjYwODAyVDExNDIyMFotdzYtZm9ybWFsMDEvYm9vdHMvcmVwZXRpdGlvbi0wMS9ndWVzdC5tayBfX3NwaW5kbGVfc3RhZ2luZ19ndWVzdCBSVU5fSUQ9MjAyNjA4MDJUMTE0MjIwWi13Ni1mb3JtYWwwMSA=` virtme_chdir=home/yunwei37/workspace/namei_ext rootfstype=9p rootflags=version=9p2000.L,trans=virtio,access=any raid=noautodetect ro quiet loglevel=1 loglevel=7 panic=30 oops=panic tsc=reliable clocksource=tsc init=/home/yunwei37/.local/lib/python3.12/site-packages/virtme/guest/bin/virtme-ng-init
[    0.054871] Unknown kernel command line parameters "virtme_hostname=virtme-ng nr_open=1048576 virtme_initmount0=home/yunwei37/workspace/namei_ext virtme_rw_overlay0=/etc virtme_rw_overlay1=/lib virtme_rw_overlay2=/home virtme_rw_overlay3=/opt virtme_rw_overlay4=/srv virtme_rw_overlay5=/usr virtme_rw_overlay6=/var virtme_rw_overlay7=/tmp virtme_rw_overlay8=/tmp virtme_chdir=home/yunwei37/workspace/namei_ext", will be passed to user space.
[    0.057263] random: crng init done
[    0.057473] printk: log buffer data + meta data: 262144 + 917504 = 1179648 bytes
[    0.058731] Dentry cache hash table entries: 1048576 (order: 11, 8388608 bytes, linear)
[    0.059631] Inode-cache hash table entries: 524288 (order: 10, 4194304 bytes, linear)
[    0.060176] software IO TLB: area num 4.
[    0.070709] Fallback order for Node 0: 0 
[    0.070713] Built 1 zonelists, mobility grouping on.  Total pages: 2097022
[    0.071370] Policy zone: Normal
[    0.071559] mem auto-init: stack:all(zero), heap alloc:off, heap free:off
[    0.080222] SLUB: HWalign=64, Order=0-3, MinObjects=0, CPUs=4, Nodes=1
[    0.081289] Dynamic Preempt: lazy
[    0.081681] rcu: Preemptible hierarchical RCU implementation.
[    0.082017] rcu: 	RCU event tracing is enabled.
[    0.082287] rcu: 	RCU restricting CPUs from NR_CPUS=64 to nr_cpu_ids=4.
[    0.082673] 	Trampoline variant of Tasks RCU enabled.
[    0.082969] 	Tracing variant of Tasks RCU enabled.
[    0.083250] rcu: RCU calculated value of scheduler-enlistment delay is 100 jiffies.
[    0.083702] rcu: Adjusting geometry for rcu_fanout_leaf=16, nr_cpu_ids=4
[    0.084095] RCU Tasks: Setting shift to 2 and lim to 1 rcu_task_cb_adjust=1 rcu_task_cpu_ids=4.
[    0.086824] NR_IRQS: 4352, nr_irqs: 456, preallocated irqs: 16
[    0.087341] rcu: srcu_init: Setting srcu_struct sizes based on contention.
[    0.087835] Console: colour *CGA 80x25
[    0.088078] printk: legacy console [ttyS0] enabled
[    0.088652] printk: legacy bootconsole [earlyser0] disabled
[    0.089325] ACPI: Core revision 20251212
[    0.089656] clocksource: hpet: mask: 0xffffffff max_cycles: 0xffffffff, max_idle_ns: 19112604467 ns
[    0.090312] APIC: Switch to symmetric I/O mode setup
[    0.090796] x2apic enabled
[    0.091150] APIC: Switched APIC routing to: physical x2apic
[    0.091524] kvm-guest: APIC: send_IPI_mask() replaced with kvm_send_ipi_mask()
[    0.091969] kvm-guest: APIC: send_IPI_mask_allbutself() replaced with kvm_send_ipi_mask_allbutself()
[    0.092559] kvm-guest: setup PV IPIs
[    0.093474] ..TIMER: vector=0x30 apic1=0 pin1=2 apic2=-1 pin2=-1
[    0.093846] clocksource: tsc-early: mask: 0xffffffffffffffff max_cycles: 0x6a464ae9873, max_idle_ns: 881590529744 ns
[    0.094498] Calibrating delay loop (skipped) preset value.. 7372.80 BogoMIPS (lpj=3686400)
[    0.095100] x86/cpu: User Mode Instruction Prevention (UMIP) activated
[    0.095556] Last level iTLB entries: 4KB 0, 2MB 0, 4MB 0
[    0.095882] Last level dTLB entries: 4KB 0, 2MB 0, 4MB 0, 1GB 0
[    0.096238] mitigations: Enabled attack vectors: user_kernel, user_user, SMT mitigations: auto
[    0.096497] Speculative Store Bypass: Mitigation: Speculative Store Bypass disabled via prctl
[    0.097001] Spectre V2 : Mitigation: Enhanced / Automatic IBRS
[    0.097497] Spectre V1 : Mitigation: usercopy/swapgs barriers and __user pointer sanitization
[    0.098001] Spectre V2 : mitigation: Enabling conditional Indirect Branch Prediction Barrier
[    0.098511] x86/fpu: Supporting XSAVE feature 0x001: 'x87 floating point registers'
[    0.098982] x86/fpu: Supporting XSAVE feature 0x002: 'SSE registers'
[    0.099496] x86/fpu: Supporting XSAVE feature 0x004: 'AVX registers'
[    0.099899] x86/fpu: Supporting XSAVE feature 0x200: 'Protection Keys User registers'
[    0.100497] x86/fpu: xstate_offset[2]:  576, xstate_sizes[2]:  256
[    0.100884] x86/fpu: xstate_offset[9]:  832, xstate_sizes[9]:    8
[    0.101496] x86/fpu: Enabled xstate features 0x207, context size is 840 bytes, using 'compacted' format.
[    0.117503] pid_max: default: 32768 minimum: 301
[    0.117830] SELinux:  Initializing.
[    0.118288] Mount-cache hash table entries: 16384 (order: 5, 131072 bytes, linear)
[    0.118502] Mountpoint-cache hash table entries: 16384 (order: 5, 131072 bytes, linear)
[    0.119030] VFS: Finished mounting rootfs on nullfs
[    0.119608] smpboot: CPU0: Intel(R) Core(TM) Ultra 9 285K (family: 0x6, model: 0xc6, stepping: 0x2)
[    0.120266] Performance Events: unsupported CPU family 6 model 198 no PMU driver, software events only.
[    0.120530] signal: max sigframe size: 3632
[    0.120803] rcu: Hierarchical SRCU implementation.
[    0.121108] rcu: 	Max phase no-delay instances is 400.
[    0.121450] Timer migration: 1 hierarchy levels; 8 children per group; 1 crossnode level
[    0.121594] smp: Bringing up secondary CPUs ...
[    0.121936] smpboot: x86: Booting SMP configuration:
[    0.122292] .... node  #0, CPUs:      #1 #2 #3
[    0.124821] smp: Brought up 1 node, 4 CPUs
[    0.125752] smpboot: Total of 4 processors activated (29491.20 BogoMIPS)
[    0.126516] Memory: 8122236K/8388088K available (20133K kernel code, 3048K rwdata, 14964K rodata, 3032K init, 632K bss, 261276K reserved, 0K cma-reserved)
[    0.127618] devtmpfs: initialized
[    0.127861] clocksource: jiffies: mask: 0xffffffff max_cycles: 0xffffffff, max_idle_ns: 1911260446275000 ns
[    0.128500] posixtimers hash table entries: 2048 (order: 3, 32768 bytes, linear)
[    0.128974] futex hash table entries: 1024 (65536 bytes on 1 NUMA nodes, total 64 KiB, linear).
[    0.129563] PM: RTC time: 11:42:38, date: 2026-08-02
[    0.130312] NET: Registered PF_NETLINK/PF_ROUTE protocol family
[    0.130565] audit: initializing netlink subsys (disabled)
[    0.130907] audit: type=2000 audit(1785670958.510:1): state=initialized audit_enabled=0 res=1
[    0.130907] thermal_sys: Registered thermal governor 'step_wise'
[    0.131501] cpuidle: using governor menu
[    0.132296] Freeing SMP alternatives memory: 60K
[    0.132587] PCI: Using configuration type 1 for base access
[    0.132971] kprobes: kprobe jump-optimization is enabled. All kprobes are optimized if possible.
[    0.133700] HugeTLB: registered 2.00 MiB page size, pre-allocated 0 pages
[    0.133964] HugeTLB: 28 KiB vmemmap can be freed for a 2.00 MiB page
[    0.134774] ACPI: Added _OSI(Module Device)
[    0.135037] ACPI: Added _OSI(Processor Device)
[    0.135313] ACPI: Added _OSI(Processor Aggregator Device)
[    0.135951] ACPI: 1 ACPI AML tables successfully acquired and loaded
[    0.138502] ACPI: \_SB_: platform _OSC: OS support mask [002a7eee]
[    0.139573] ACPI: Interpreter enabled
[    0.139841] ACPI: PM: (supports S0 S3 S4 S5)
[    0.140106] ACPI: Using IOAPIC for interrupt routing
[    0.140419] PCI: Using host bridge windows from ACPI; if necessary, use "pci=nocrs" and report a bug
[    0.140497] PCI: Using E820 reservations for host bridge windows
[    0.140920] ACPI: Enabled 2 GPEs in block 00 to 0F
[    0.142276] ACPI: PCI Root Bridge [PCI0] (domain 0000 [bus 00-ff])
[    0.142499] acpi PNP0A03:00: _OSC: OS supports [ASPM ClockPM Segments MSI HPX-Type3]
[    0.143005] acpi PNP0A03:00: _OSC: not requesting OS control; OS requires [ExtendedConfig ASPM ClockPM MSI]
[    0.143500] acpi PNP0A03:00: _OSC: platform retains control of PCIe features (AE_ERROR)
[    0.144025] acpi PNP0A03:00: fail to add MMCONFIG information, can't access extended configuration space under this bridge
[    0.144561] PCI host bridge to bus 0000:00
[    0.144817] pci_bus 0000:00: root bus resource [io  0x0000-0x0cf7 window]
[    0.145234] pci_bus 0000:00: root bus resource [io  0x0d00-0xffff window]
[    0.145497] pci_bus 0000:00: root bus resource [mem 0x000a0000-0x000bffff window]
[    0.145958] pci_bus 0000:00: root bus resource [mem 0xc0000000-0xfebfffff window]
[    0.146468] pci_bus 0000:00: root bus resource [mem 0x380000000000-0x38007fffffff window]
[    0.146498] pci_bus 0000:00: root bus resource [bus 00-ff]
[    0.146902] pci 0000:00:00.0: [8086:1237] type 00 class 0x060000 conventional PCI endpoint
[    0.147713] pci 0000:00:01.0: [8086:7000] type 00 class 0x060100 conventional PCI endpoint
[    0.148550] pci 0000:00:01.1: [8086:7010] type 00 class 0x010180 conventional PCI endpoint
[    0.149839] pci 0000:00:01.1: BAR 4 [io  0xc200-0xc20f]
[    0.150185] pci 0000:00:01.1: BAR 0 [io  0x01f0-0x01f7]: legacy IDE quirk
[    0.150497] pci 0000:00:01.1: BAR 1 [io  0x03f6]: legacy IDE quirk
[    0.150933] pci 0000:00:01.1: BAR 2 [io  0x0170-0x0177]: legacy IDE quirk
[    0.151349] pci 0000:00:01.1: BAR 3 [io  0x0376]: legacy IDE quirk
[    0.151588] pci 0000:00:01.3: [8086:7113] type 00 class 0x068000 conventional PCI endpoint
[    0.152306] pci 0000:00:01.3: quirk: [io  0x0600-0x063f] claimed by PIIX4 ACPI
[    0.152502] pci 0000:00:01.3: quirk: [io  0x0700-0x070f] claimed by PIIX4 SMB
[    0.153148] pci 0000:00:02.0: [1af4:1009] type 00 class 0x000200 conventional PCI endpoint
[    0.154502] pci 0000:00:02.0: BAR 0 [io  0xc000-0xc03f]
[    0.155141] pci 0000:00:02.0: BAR 1 [mem 0xfebf7000-0xfebf7fff]
[    0.155514] pci 0000:00:02.0: BAR 4 [mem 0x380000000000-0x380000003fff 64bit pref]
[    0.156610] pci 0000:00:03.0: [1af4:1009] type 00 class 0x000200 conventional PCI endpoint
[    0.158153] pci 0000:00:03.0: BAR 0 [io  0xc040-0xc07f]
[    0.158483] pci 0000:00:03.0: BAR 1 [mem 0xfebf8000-0xfebf8fff]
[    0.158515] pci 0000:00:03.0: BAR 4 [mem 0x380000004000-0x380000007fff 64bit pref]
[    0.159503] pci 0000:00:04.0: [8086:25ab] type 00 class 0x088000 conventional PCI endpoint
[    0.160502] pci 0000:00:04.0: BAR 0 [mem 0xfebf9000-0xfebf900f]
[    0.161211] pci 0000:00:05.0: [1af4:1003] type 00 class 0x078000 conventional PCI endpoint
[    0.162502] pci 0000:00:05.0: BAR 0 [io  0xc080-0xc0bf]
[    0.162855] pci 0000:00:05.0: BAR 1 [mem 0xfebfa000-0xfebfafff]
[    0.163238] pci 0000:00:05.0: BAR 4 [mem 0x380000008000-0x38000000bfff 64bit pref]
[    0.164407] pci 0000:00:06.0: [1af4:1003] type 00 class 0x078000 conventional PCI endpoint
[    0.165379] pci 0000:00:06.0: BAR 0 [io  0xc0c0-0xc0ff]
[    0.165502] pci 0000:00:06.0: BAR 1 [mem 0xfebfb000-0xfebfbfff]
[    0.165883] pci 0000:00:06.0: BAR 4 [mem 0x38000000c000-0x38000000ffff 64bit pref]
[    0.166972] pci 0000:00:07.0: [1af4:1003] type 00 class 0x078000 conventional PCI endpoint
[    0.168502] pci 0000:00:07.0: BAR 0 [io  0xc100-0xc13f]
[    0.168831] pci 0000:00:07.0: BAR 1 [mem 0xfebfc000-0xfebfcfff]
[    0.169238] pci 0000:00:07.0: BAR 4 [mem 0x380000010000-0x380000013fff 64bit pref]
[    0.170058] pci 0000:00:08.0: [1af4:1003] type 00 class 0x078000 conventional PCI endpoint
[    0.171502] pci 0000:00:08.0: BAR 0 [io  0xc140-0xc17f]
[    0.171872] pci 0000:00:08.0: BAR 1 [mem 0xfebfd000-0xfebfdfff]
[    0.172260] pci 0000:00:08.0: BAR 4 [mem 0x380000014000-0x380000017fff 64bit pref]
[    0.173074] pci 0000:00:09.0: [1af4:1003] type 00 class 0x078000 conventional PCI endpoint
[    0.174310] pci 0000:00:09.0: BAR 0 [io  0xc180-0xc1bf]
[    0.174502] pci 0000:00:09.0: BAR 1 [mem 0xfebfe000-0xfebfefff]
[    0.174883] pci 0000:00:09.0: BAR 4 [mem 0x380000018000-0x38000001bfff 64bit pref]
[    0.175913] pci 0000:00:0a.0: [1af4:1003] type 00 class 0x078000 conventional PCI endpoint
[    0.176928] pci 0000:00:0a.0: BAR 0 [io  0xc1c0-0xc1ff]
[    0.177275] pci 0000:00:0a.0: BAR 1 [mem 0xfebff000-0xfebfffff]
[    0.177515] pci 0000:00:0a.0: BAR 4 [mem 0x38000001c000-0x38000001ffff 64bit pref]
[    0.179885] ACPI: PCI: Interrupt link LNKA configured for IRQ 10
[    0.180335] ACPI: PCI: Interrupt link LNKB configured for IRQ 10
[    0.180539] ACPI: PCI: Interrupt link LNKC configured for IRQ 11
[    0.180972] ACPI: PCI: Interrupt link LNKD configured for IRQ 11
[    0.181362] ACPI: PCI: Interrupt link LNKS configured for IRQ 9
[    0.181637] iommu: Default domain type: Translated
[    0.181959] iommu: DMA domain TLB invalidation policy: lazy mode
[    0.183523] SCSI subsystem initialized
[    0.183760] libata version 3.00 loaded.
[    0.183760] ACPI: bus type USB registered
[    0.183835] usbcore: registered new interface driver usbfs
[    0.184500] usbcore: registered new interface driver hub
[    0.184858] usbcore: registered new device driver usb
[    0.185214] pps_core: LinuxPPS API ver. 1 registered
[    0.185497] pps_core: Software ver. 5.3.6 - Copyright 2005-2007 Rodolfo Giometti <giometti@linux.it>
[    0.186072] PTP clock support registered
[    0.186324] Advanced Linux Sound Architecture Driver Initialized.
[    0.186588] NetLabel: Initializing
[    0.186831] NetLabel:  domain hash size = 128
[    0.187102] NetLabel:  protocols = UNLABELED CIPSOv4 CALIPSO
[    0.187460] NetLabel:  unlabeled traffic allowed by default
[    0.187536] PCI: Using ACPI for IRQ routing
[    0.187761] PCI: pci_cache_line_size set to 64 bytes
[    0.187878] e820: register RAM buffer resource [mem 0x0009fc00-0x0009ffff]
[    0.188317] e820: register RAM buffer resource [mem 0xbffe0000-0xbfffffff]
[    0.188506] vgaarb: loaded
[    0.188705] hpet0: at MMIO 0xfed00000, IRQs 2, 8, 0
[    0.189018] hpet0: 3 comparators, 64-bit 100.000000 MHz counter
[    0.194520] clocksource: Switched to clocksource kvm-clock
[    0.194918] VFS: Disk quotas dquot_6.6.0
[    0.195168] VFS: Dquot-cache hash table entries: 512 (order 0, 4096 bytes)
[    0.195638] pnp: PnP ACPI init
[    0.195907] pnp 00:02: [dma 2]
[    0.196001] pnp: PnP ACPI: found 4 devices
[    0.201779] clocksource: acpi_pm: mask: 0xffffff max_cycles: 0xffffff, max_idle_ns: 2085701024 ns
[    0.202343] NET: Registered PF_INET protocol family
[    0.202857] IP idents hash table entries: 131072 (order: 8, 1048576 bytes, linear)
[    0.212963] tcp_listen_portaddr_hash hash table entries: 4096 (order: 4, 65536 bytes, linear)
[    0.213498] Table-perturb hash table entries: 65536 (order: 6, 262144 bytes, linear)
[    0.214032] TCP established hash table entries: 65536 (order: 7, 524288 bytes, linear)
[    0.214543] TCP bind hash table entries: 65536 (order: 9, 2097152 bytes, linear)
[    0.215170] TCP: Hash tables configured (established 65536 bind 65536)
[    0.215586] UDP hash table entries: 4096 (order: 6, 262144 bytes, linear)
[    0.216204] NET: Registered PF_UNIX/PF_LOCAL protocol family
[    0.216750] RPC: Registered named UNIX socket transport module.
[    0.217149] RPC: Registered udp transport module.
[    0.217440] RPC: Registered tcp transport module.
[    0.217731] RPC: Registered tcp-with-tls transport module.
[    0.218129] RPC: Registered tcp NFSv4.1 backchannel transport module.
[    0.218865] pci_bus 0000:00: resource 4 [io  0x0000-0x0cf7 window]
[    0.219259] pci_bus 0000:00: resource 5 [io  0x0d00-0xffff window]
[    0.219639] pci_bus 0000:00: resource 6 [mem 0x000a0000-0x000bffff window]
[    0.220114] pci_bus 0000:00: resource 7 [mem 0xc0000000-0xfebfffff window]
[    0.220539] pci_bus 0000:00: resource 8 [mem 0x380000000000-0x38007fffffff window]
[    0.221070] pci 0000:00:01.0: PIIX3: Enabling Passive Release
[    0.221435] pci 0000:00:00.0: Limiting direct PCI/PCI transfers
[    0.221888] PCI: CLS 0 bytes, default 64
[    0.222188] PCI-DMA: Using software bounce buffering for IO (SWIOTLB)
[    0.222584] software IO TLB: mapped [mem 0x00000000bbfe0000-0x00000000bffe0000] (64MB)
[    0.223136] RAPL PMU: API unit is 2^-32 Joules, 0 fixed counters, 10737418240 ms ovfl timer
[    0.223657] clocksource: tsc: mask: 0xffffffffffffffff max_cycles: 0x6a464ae9873, max_idle_ns: 881590529744 ns
[    0.224475] clocksource: Switched to clocksource tsc
[    0.229966] Initialise system trusted keyrings
[    0.230494] workingset: timestamp_bits=56 (anon: 52) max_order=21 bucket_order=0 (anon: 0)
[    0.231386] NFS: Registering the id_resolver key type
[    0.231831] Key type id_resolver registered
[    0.232219] Key type id_legacy registered
[    0.232567] nfs4filelayout_init: NFSv4 File Layout Driver Registering...
[    0.233162] nfs4flexfilelayout_init: NFSv4 Flexfile Layout Driver Registering...
[    0.233855] fuse: init (API version 7.45)
[    0.234243] 9p: Installing v9fs 9p2000 file system support
[    0.234902] Key type asymmetric registered
[    0.235275] Asymmetric key parser 'x509' registered
[    0.235703] Block layer SCSI generic (bsg) driver version 0.4 loaded (major 251)
[    0.236372] io scheduler mq-deadline registered
[    0.236767] io scheduler kyber registered
[    0.237401] input: Power Button as /devices/platform/LNXPWRBN:00/input/input0
[    0.238072] ACPI: button: Power Button [PWRF]
[    0.239155] ACPI: \_SB_.LNKB: Enabled at IRQ 10
[    0.240954] ACPI: \_SB_.LNKC: Enabled at IRQ 11
[    0.242612] ACPI: \_SB_.LNKA: Enabled at IRQ 10
[    0.246610] ACPI: \_SB_.LNKD: Enabled at IRQ 11
[    0.250229] Serial: 8250/16550 driver, 4 ports, IRQ sharing enabled
[    0.251171] 00:03: ttyS0 at I/O 0x3f8 (irq = 4, base_baud = 115200) is a 16550A
[    0.338407] Non-volatile memory driver v1.3
[    0.338748] ACPI: bus type drm_connector registered
[    0.339888] loop: module loaded
[    0.340879] scsi host0: ata_piix
[    0.341363] scsi host1: ata_piix
[    0.341578] ata1: PATA max MWDMA2 cmd 0x1f0 ctl 0x3f6 bmdma 0xc200 irq 14 lpm-pol 0
[    0.342105] ata2: PATA max MWDMA2 cmd 0x170 ctl 0x376 bmdma 0xc208 irq 15 lpm-pol 0
[    0.342654] e100: Intel(R) PRO/100 Network Driver
[    0.343088] e100: Copyright(c) 1999-2006 Intel Corporation
[    0.343481] e1000: Intel(R) PRO/1000 Network Driver
[    0.343804] e1000: Copyright (c) 1999-2006 Intel Corporation.
[    0.344180] e1000e: Intel(R) PRO/1000 Network Driver
[    0.344485] e1000e: Copyright(c) 1999 - 2015 Intel Corporation.
[    0.344886] sky2: driver version 1.30
[    0.345199] usbcore: registered new interface driver usblp
[    0.345540] usbcore: registered new interface driver usb-storage
[    0.345968] i8042: PNP: PS/2 Controller [PNP0303:KBD,PNP0f13:MOU] at 0x60,0x64 irq 1,12
[    0.346939] serio: i8042 KBD port at 0x60,0x64 irq 1
[    0.347272] serio: i8042 AUX port at 0x60,0x64 irq 12
[    0.347641] rtc_cmos PNP0B00:00: RTC can wake from S4
[    0.348327] rtc_cmos PNP0B00:00: registered as rtc0
[    0.348661] rtc_cmos PNP0B00:00: alarms up to one day, y3k, 242 bytes nvram, hpet irqs
[    0.349255] device-mapper: ioctl: 4.50.0-ioctl (2025-04-28) initialised: dm-devel@lists.linux.dev
[    0.349841] intel_pstate: CPU model not supported
[    0.350153] hid: raw HID events driver (C) Jiri Kosina
[    0.350504] usbcore: registered new interface driver usbhid
[    0.350862] usbhid: USB HID core driver
[    0.351204] input: AT Translated Set 2 keyboard as /devices/platform/i8042/serio0/input/input1
[    0.352469] Initializing XFRM netlink socket
[    0.353054] NET: Registered PF_INET6 protocol family
[    0.353782] Segment Routing with IPv6
[    0.354165] In-situ OAM (IOAM) with IPv6
[    0.354526] NET: Registered PF_PACKET protocol family
[    0.355040] 9pnet: Installing 9P2000 support
[    0.357170] Key type dns_resolver registered
[    0.357864] IPI shorthand broadcast: enabled
[    0.360056] sched_clock: Marking stable (357001211, 2739493)->(373290389, -13549685)
[    0.360876] registered taskstats version 1
[    0.361321] Loading compiled-in X.509 certificates
[    0.362663] Demotion targets for Node 0: null
[    0.363156] PM:   Magic number: 6:13:731
[    0.363532] netconsole: network logging started
[    0.364107] cfg80211: Loading compiled-in X.509 certificates for regulatory database
[    0.365022] kworker/u16:0 (66) used greatest stack depth: 14480 bytes left
[    0.365196] Loaded X.509 cert 'sforshee: 00b28ddf47aef9cea7'
[    0.365955] Loaded X.509 cert 'wens: 61c038651aabdcf94bd0ac7ff06c7248db18c600'
[    0.366407] ALSA device list:
[    0.366596]   No soundcards found.
[    0.367051] faux_driver regulatory: Direct firmware load for regulatory.db failed with error -2
[    0.367408] cfg80211: failed to load regulatory.db
[    0.498538] ata2: found unknown device (class 0)
[    0.500609] ata2.00: ATAPI: QEMU DVD-ROM, 2.5+, max UDMA/100
[    0.501610] scsi 1:0:0:0: CD-ROM            QEMU     QEMU DVD-ROM     2.5+ PQ: 0 ANSI: 5
[    0.517265] sr 1:0:0:0: [sr0] scsi3-mmc drive: 4x/4x cd/rw xa/form2 tray
[    0.530044] cdrom: Uniform CD-ROM driver Revision: 3.20
[    0.536178] sr 1:0:0:0: Attached scsi CD-ROM sr0
[    0.536281] sr 1:0:0:0: Attached scsi generic sg0 type 5
[    0.764270] input: ImExPS/2 Generic Explorer Mouse as /devices/platform/i8042/serio1/input/input3
[    0.765133] md: Skipping autodetection of RAID arrays. (raid=autodetect will force)
[    0.765449] 9p: Bad value for 'source'
[    0.767328] VFS: Mounted root (9p filesystem) readonly on device 0:20.
[    0.768301] devtmpfs: mounted
[    0.768519] VFS: Pivoted into new rootfs
[    0.769153] Freeing unused kernel image (initmem) memory: 3032K
[    0.769399] Write protecting the kernel read-only data: 36864k
[    0.770022] Freeing unused kernel image (text/rodata gap) memory: 344K
[    0.770774] Freeing unused kernel image (rodata/data gap) memory: 1420K
[    0.774899] x86/mm: Checked W+X mappings: passed, no W+X pages found.
[    0.775169] Run /home/yunwei37/.local/lib/python3.12/site-packages/virtme/guest/bin/virtme-ng-init as init process
[    0.775566]   with arguments:
[    0.775567]     /home/yunwei37/.local/lib/python3.12/site-packages/virtme/guest/bin/virtme-ng-init
[    0.775567]   with environment:
[    0.775568]     HOME=/
[    0.775568]     TERM=linux
[    0.775568]     virtme_hostname=virtme-ng
[    0.775569]     nr_open=1048576
[    0.775569]     virtme_initmount0=home/yunwei37/workspace/namei_ext
[    0.775570]     virtme_rw_overlay0=/etc
[    0.775570]     virtme_rw_overlay1=/lib
[    0.775570]     virtme_rw_overlay2=/home
[    0.775571]     virtme_rw_overlay3=/opt
[    0.775571]     virtme_rw_overlay4=/srv
[    0.775571]     virtme_rw_overlay5=/usr
[    0.775571]     virtme_rw_overlay6=/var
[    0.775572]     virtme_rw_overlay7=/tmp
[    0.775572]     virtme_rw_overlay8=/tmp
[    0.775572]     virtme_chdir=home/yunwei37/workspace/namei_ext
[    0.799475] virtme-ng-init: mount devtmpfs -> /dev: EBUSY: Device or resource busy
[    1.198161] systemd-tmpfile (73) used greatest stack depth: 12992 bytes left
[    1.198326] virtme-ng-init: Failed to open path '/var/lib/containers/storage': Permission denied
               Failed to opendir() '/proc/self/fd/5': Permission denied
[    1.218335] ip (77) used greatest stack depth: 12768 bytes left
[    1.225372] virtme-ng-init: Starting systemd-udevd version 255.4-1ubuntu8.16
[    1.225825] virtme-ng-init: triggering udev coldplug
[    2.064554] virtme-ng-init: waiting for udev to settle
[    2.216473] virtme-ng-init: udev is done
[    2.217439] virtme-ng-init: initialization done
