dlstart libtest10.so
dlstart libtest11.so
dlstart libtest12.so
dlstart libtest13.so
dlstart libtest14.so
dlstart libtest15.so
dlstart libtest16.so
dlstart libtest17.so
dlstart libtest18.so
dlstart libtest19.so
dlstart libtest20.so
dlstart libtest50.so
dlstart libtest100.so
dlstart libtest500.so
dlstart libtest1000.so
dlstart libtest2000.so
dlstart libtest4000.so
dlstart libtest6000.so
dlstart libtest8000.so
dlstart libtest10000.so
dlstart libdepA.so
dlstart libcxxexceptA.so
dlstart libnoexist.so
dlstart liboriginlib.so
dlstart libtls1.so
dlstart libtls2.so
dlstart libtls3.so
dlstart libtls4.so
dlstart libtls5.so
dlstart libtls6.so
dlstart libtls7.so
dlstart libtls8.so
dlstart libtls9.so
dlstart libtls10.so
dlstart libtls11.so
dlstart libtls12.so
dlstart libtls13.so
dlstart libtls14.so
dlstart libtls15.so
dlstart libtls16.so
dlstart libtls17.so
dlstart libtls18.so
dlstart libtls19.so
dlstart libtls20.so
