[    0.000000] Linux version 7.1.0-rc7-gb07117a3cb41 (yunwei37@lab) (gcc (Ubuntu 13.3.0-6ubuntu2~24.04.1) 13.3.0, GNU ld (GNU Binutils for Ubuntu) 2.42) #2 SMP PREEMPT_DYNAMIC Sun Aug  2 01:14:37 PDT 2026
[    0.000000] Command line: virtme_hostname=virtme-ng nr_open=1048576 virtme_initmount0=home/yunwei37/workspace/namei_ext virtme_rw_overlay0=/etc virtme_rw_overlay1=/lib virtme_rw_overlay2=/home virtme_rw_overlay3=/opt virtme_rw_overlay4=/srv virtme_rw_overlay5=/usr virtme_rw_overlay6=/var virtme_rw_overlay7=/tmp virtme_rw_overlay8=/tmp console=ttyS0 earlyprintk=serial,ttyS0,115200 quiet loglevel=0 panic=-1 virtme.exec=`bWFrZSAtQyAvaG9tZS95dW53ZWkzNy93b3Jrc3BhY2UvbmFtZWlfZXh0IC1mIE1ha2VmaWxlIC1mIHJlc3VsdHMvZXhwZXJpbWVudHMvY2hlY2twb2ludC1yZXN0b3JlLXJxMS8yMDI2MDgwMlQxMTEwMDBaLXc1LWZvcm1hbDAxL2Jvb3RzL2Jsb2NrLTAyL2d1ZXN0Lm1rIF9fY2hlY2twb2ludF9yZXN0b3JlX2d1ZXN0IFJVTl9JRD0yMDI2MDgwMlQxMTEwMDBaLXc1LWZvcm1hbDAxIA==` virtme_chdir=home/yunwei37/workspace/namei_ext rootfstype=9p rootflags=version=9p2000.L,trans=virtio,access=any raid=noautodetect ro quiet loglevel=1 loglevel=7 panic=30 oops=panic tsc=reliable clocksource=tsc init=/home/yunwei37/.local/lib/python3.12/site-packages/virtme/guest/bin/virtme-ng-init
[    0.000000] x86/CPU: Model not found in latest microcode list
[    0.000000] x86/split lock detection: #DB: warning on user-space bus_locks
[    0.000000] BIOS-provided physical RAM map:
[    0.000000] BIOS-e820: [mem 0x0000000000000000-0x000000000009fbff]  System RAM
[    0.000000] BIOS-e820: [mem 0x000000000009fc00-0x000000000009ffff]  device reserved
[    0.000000] BIOS-e820: [gap 0x00000000000a0000-0x00000000000effff]
[    0.000000] BIOS-e820: [mem 0x00000000000f0000-0x00000000000fffff]  device reserved
[    0.000000] BIOS-e820: [mem 0x0000000000100000-0x00000000bffdffff]  System RAM
[    0.000000] BIOS-e820: [mem 0x00000000bffe0000-0x00000000bfffffff]  device reserved
[    0.000000] BIOS-e820: [gap 0x00000000c0000000-0x00000000feffbfff]
[    0.000000] BIOS-e820: [mem 0x00000000feffc000-0x00000000feffffff]  device reserved
[    0.000000] BIOS-e820: [gap 0x00000000ff000000-0x00000000fffbffff]
[    0.000000] BIOS-e820: [mem 0x00000000fffc0000-0x00000000ffffffff]  device reserved
[    0.000000] BIOS-e820: [mem 0x0000000100000000-0x000000023fffffff]  System RAM
[    0.000000] printk: legacy bootconsole [earlyser0] enabled
[    0.000000] NX (Execute Disable) protection: active
[    0.000000] APIC: Static calls initialized
[    0.000000] DMI: SMBIOS 2.8 present.
[    0.000000] DMI: QEMU Standard PC (i440FX + PIIX, 1996), BIOS rel-1.16.3-0-ga6ed6b701f0a-prebuilt.qemu.org 04/01/2014
[    0.000000] DMI: Memory slots populated: 1/1
[    0.000000] Hypervisor detected: KVM
[    0.000000] last_pfn = 0xbffe0 max_arch_pfn = 0x400000000
[    0.000000] kvm-clock: Using msrs 4b564d01 and 4b564d00
[    0.000000] kvm-clock: using sched offset of 234555907 cycles
[    0.000314] clocksource: kvm-clock: mask: 0xffffffffffffffff max_cycles: 0x1cd42e4dffb, max_idle_ns: 881590591483 ns
[    0.001292] tsc: Detected 3686.400 MHz processor
[    0.001703] e820: update [mem 0x00000000-0x00000fff] System RAM ==> device reserved
[    0.001706] e820: remove [mem 0x000a0000-0x000fffff] System RAM
[    0.001709] last_pfn = 0x240000 max_arch_pfn = 0x400000000
[    0.002113] MTRR map: 4 entries (3 fixed + 1 variable; max 19), built from 8 variable MTRRs
[    0.002615] x86/PAT: Configuration [0-7]: WB  WC  UC- UC  WB  WP  UC- WT  
[    0.003250] last_pfn = 0xbffe0 max_arch_pfn = 0x400000000
[    0.006024] found SMP MP-table at [mem 0x000f5440-0x000f544f]
[    0.006375] Using GB pages for direct mapping
[    0.006712] ACPI: Early table checksum verification disabled
[    0.007060] ACPI: RSDP 0x00000000000F5240 000014 (v00 BOCHS )
[    0.007410] ACPI: RSDT 0x00000000BFFE2443 000034 (v01 BOCHS  BXPC     00000001 BXPC 00000001)
[    0.007927] ACPI: FACP 0x00000000BFFE22DF 000074 (v01 BOCHS  BXPC     00000001 BXPC 00000001)
[    0.008443] ACPI: DSDT 0x00000000BFFE0040 00229F (v01 BOCHS  BXPC     00000001 BXPC 00000001)
[    0.008957] ACPI: FACS 0x00000000BFFE0000 000040
[    0.009235] ACPI: APIC 0x00000000BFFE2353 000090 (v03 BOCHS  BXPC     00000001 BXPC 00000001)
[    0.009750] ACPI: HPET 0x00000000BFFE23E3 000038 (v01 BOCHS  BXPC     00000001 BXPC 00000001)
[    0.010263] ACPI: WAET 0x00000000BFFE241B 000028 (v01 BOCHS  BXPC     00000001 BXPC 00000001)
[    0.010776] ACPI: Reserving FACP table memory at [mem 0xbffe22df-0xbffe2352]
[    0.011200] ACPI: Reserving DSDT table memory at [mem 0xbffe0040-0xbffe22de]
[    0.011623] ACPI: Reserving FACS table memory at [mem 0xbffe0000-0xbffe003f]
[    0.012047] ACPI: Reserving APIC table memory at [mem 0xbffe2353-0xbffe23e2]
[    0.012470] ACPI: Reserving HPET table memory at [mem 0xbffe23e3-0xbffe241a]
[    0.012894] ACPI: Reserving WAET table memory at [mem 0xbffe241b-0xbffe2442]
[    0.013486] No NUMA configuration found
[    0.013719] Faking a node at [mem 0x0000000000000000-0x000000023fffffff]
[    0.014123] NODE_DATA(0) allocated [mem 0x23fffc680-0x23fffffff]
[    0.014964] ACPI: PM-Timer IO Port: 0x608
[    0.015222] ACPI: LAPIC_NMI (acpi_id[0xff] dfl dfl lint[0x1])
[    0.015594] IOAPIC[0]: apic_id 0, version 17, address 0xfec00000, GSI 0-23
[    0.016010] ACPI: INT_SRC_OVR (bus 0 bus_irq 0 global_irq 2 dfl dfl)
[    0.016392] ACPI: INT_SRC_OVR (bus 0 bus_irq 5 global_irq 5 high level)
[    0.016792] ACPI: INT_SRC_OVR (bus 0 bus_irq 9 global_irq 9 high level)
[    0.017188] ACPI: INT_SRC_OVR (bus 0 bus_irq 10 global_irq 10 high level)
[    0.017595] ACPI: INT_SRC_OVR (bus 0 bus_irq 11 global_irq 11 high level)
[    0.018006] ACPI: Using ACPI (MADT) for SMP configuration information
[    0.018392] ACPI: HPET id: 0x8086a201 base: 0xfed00000
[    0.018703] TSC deadline timer available
[    0.018939] CPU topo: Max. logical packages:   1
[    0.019215] CPU topo: Max. logical nodes:      1
[    0.019492] CPU topo: Num. nodes per package:  1
[    0.019770] CPU topo: Max. logical dies:       1
[    0.020046] CPU topo: Max. dies per package:   1
[    0.020323] CPU topo: Max. threads per core:   1
[    0.020600] CPU topo: Num. cores per package:     4
[    0.020935] CPU topo: Num. threads per package:   4
[    0.021227] CPU topo: Allowing 4 present CPUs plus 0 hotplug CPUs
[    0.021601] kvm-guest: APIC: eoi() replaced with kvm_guest_apic_eoi_write()
[    0.022029] kvm-guest: KVM setup pv remote TLB flush
[    0.022329] kvm-guest: setup PV sched yield
[    0.022582] PM: hibernation: Registered nosave memory: [mem 0x00000000-0x00000fff]
[    0.023038] PM: hibernation: Registered nosave memory: [mem 0x0009f000-0x000fffff]
[    0.023491] PM: hibernation: Registered nosave memory: [mem 0xbffe0000-0xffffffff]
[    0.023947] [gap 0xc0000000-0xfeffbfff] available for PCI devices
[    0.024312] Booting paravirtualized kernel on KVM
[    0.024594] clocksource: refined-jiffies: mask: 0xffffffff max_cycles: 0xffffffff, max_idle_ns: 1910969940391419 ns
[    0.030302] Zone ranges:
[    0.030475]   DMA      [mem 0x0000000000001000-0x0000000000ffffff]
[    0.030862]   DMA32    [mem 0x0000000001000000-0x00000000ffffffff]
[    0.031233]   Normal   [mem 0x0000000100000000-0x000000023fffffff]
[    0.031604] Movable zone start for each node
[    0.031861] Early memory node ranges
[    0.032075]   node   0: [mem 0x0000000000001000-0x000000000009efff]
[    0.032451]   node   0: [mem 0x0000000000100000-0x00000000bffdffff]
[    0.032831]   node   0: [mem 0x0000000100000000-0x000000023fffffff]
[    0.033207] Initmem setup node 0 [mem 0x0000000000001000-0x000000023fffffff]
[    0.033814] On node 0, zone DMA: 1 pages in unavailable ranges
[    0.034177] On node 0, zone DMA: 97 pages in unavailable ranges
[    0.048331] On node 0, zone Normal: 32 pages in unavailable ranges
[    0.048724] setup_percpu: NR_CPUS:64 nr_cpumask_bits:4 nr_cpu_ids:4 nr_node_ids:1
[    0.049421] percpu: Embedded 54 pages/cpu s183960 r8192 d29032 u524288
[    0.049821] pcpu-alloc: s183960 r8192 d29032 u524288 alloc=1*2097152
[    0.049824] pcpu-alloc: [0] 0 1 2 3 
[    0.049850] Kernel command line: virtme_hostname=virtme-ng nr_open=1048576 virtme_initmount0=home/yunwei37/workspace/namei_ext virtme_rw_overlay0=/etc virtme_rw_overlay1=/lib virtme_rw_overlay2=/home virtme_rw_overlay3=/opt virtme_rw_overlay4=/srv virtme_rw_overlay5=/usr virtme_rw_overlay6=/var virtme_rw_overlay7=/tmp virtme_rw_overlay8=/tmp console=ttyS0 earlyprintk=serial,ttyS0,115200 quiet loglevel=0 panic=-1 virtme.exec=`bWFrZSAtQyAvaG9tZS95dW53ZWkzNy93b3Jrc3BhY2UvbmFtZWlfZXh0IC1mIE1ha2VmaWxlIC1mIHJlc3VsdHMvZXhwZXJpbWVudHMvY2hlY2twb2ludC1yZXN0b3JlLXJxMS8yMDI2MDgwMlQxMTEwMDBaLXc1LWZvcm1hbDAxL2Jvb3RzL2Jsb2NrLTAyL2d1ZXN0Lm1rIF9fY2hlY2twb2ludF9yZXN0b3JlX2d1ZXN0IFJVTl9JRD0yMDI2MDgwMlQxMTEwMDBaLXc1LWZvcm1hbDAxIA==` virtme_chdir=home/yunwei37/workspace/namei_ext rootfstype=9p rootflags=version=9p2000.L,trans=virtio,access=any raid=noautodetect ro quiet loglevel=1 loglevel=7 panic=30 oops=panic tsc=reliable clocksource=tsc init=/home/yunwei37/.local/lib/python3.12/site-packages/virtme/guest/bin/virtme-ng-init
[    0.055411] Unknown kernel command line parameters "virtme_hostname=virtme-ng nr_open=1048576 virtme_initmount0=home/yunwei37/workspace/namei_ext virtme_rw_overlay0=/etc virtme_rw_overlay1=/lib virtme_rw_overlay2=/home virtme_rw_overlay3=/opt virtme_rw_overlay4=/srv virtme_rw_overlay5=/usr virtme_rw_overlay6=/var virtme_rw_overlay7=/tmp virtme_rw_overlay8=/tmp virtme_chdir=home/yunwei37/workspace/namei_ext", will be passed to user space.
[    0.057784] random: crng init done
[    0.057992] printk: log buffer data + meta data: 262144 + 917504 = 1179648 bytes
[    0.059310] Dentry cache hash table entries: 1048576 (order: 11, 8388608 bytes, linear)
[    0.060247] Inode-cache hash table entries: 524288 (order: 10, 4194304 bytes, linear)
[    0.060792] software IO TLB: area num 4.
[    0.071774] Fallback order for Node 0: 0 
[    0.071779] Built 1 zonelists, mobility grouping on.  Total pages: 2097022
[    0.072415] Policy zone: Normal
[    0.072595] mem auto-init: stack:all(zero), heap alloc:off, heap free:off
[    0.081484] SLUB: HWalign=64, Order=0-3, MinObjects=0, CPUs=4, Nodes=1
[    0.082550] Dynamic Preempt: lazy
[    0.082924] rcu: Preemptible hierarchical RCU implementation.
[    0.083255] rcu: 	RCU event tracing is enabled.
[    0.083513] rcu: 	RCU restricting CPUs from NR_CPUS=64 to nr_cpu_ids=4.
[    0.083893] 	Trampoline variant of Tasks RCU enabled.
[    0.084183] 	Tracing variant of Tasks RCU enabled.
[    0.084457] rcu: RCU calculated value of scheduler-enlistment delay is 100 jiffies.
[    0.084895] rcu: Adjusting geometry for rcu_fanout_leaf=16, nr_cpu_ids=4
[    0.085283] RCU Tasks: Setting shift to 2 and lim to 1 rcu_task_cb_adjust=1 rcu_task_cpu_ids=4.
[    0.087919] NR_IRQS: 4352, nr_irqs: 456, preallocated irqs: 16
[    0.088433] rcu: srcu_init: Setting srcu_struct sizes based on contention.
[    0.088912] Console: colour *CGA 80x25
[    0.089148] printk: legacy console [ttyS0] enabled
[    0.089708] printk: legacy bootconsole [earlyser0] disabled
[    0.090360] ACPI: Core revision 20251212
[    0.090681] clocksource: hpet: mask: 0xffffffff max_cycles: 0xffffffff, max_idle_ns: 19112604467 ns
[    0.091341] APIC: Switch to symmetric I/O mode setup
[    0.091801] x2apic enabled
[    0.092144] APIC: Switched APIC routing to: physical x2apic
[    0.092511] kvm-guest: APIC: send_IPI_mask() replaced with kvm_send_ipi_mask()
[    0.092943] kvm-guest: APIC: send_IPI_mask_allbutself() replaced with kvm_send_ipi_mask_allbutself()
[    0.093497] kvm-guest: setup PV IPIs
[    0.094360] ..TIMER: vector=0x30 apic1=0 pin1=2 apic2=-1 pin2=-1
[    0.094761] clocksource: tsc-early: mask: 0xffffffffffffffff max_cycles: 0x6a464ae9873, max_idle_ns: 881590529744 ns
[    0.095380] Calibrating delay loop (skipped) preset value.. 7372.80 BogoMIPS (lpj=3686400)
[    0.096494] x86/cpu: User Mode Instruction Prevention (UMIP) activated
[    0.097408] Last level iTLB entries: 4KB 0, 2MB 0, 4MB 0
[    0.097724] Last level dTLB entries: 4KB 0, 2MB 0, 4MB 0, 1GB 0
[    0.098078] mitigations: Enabled attack vectors: user_kernel, user_user, SMT mitigations: auto
[    0.098379] Speculative Store Bypass: Mitigation: Speculative Store Bypass disabled via prctl
[    0.098881] Spectre V2 : Mitigation: Enhanced / Automatic IBRS
[    0.099378] Spectre V1 : Mitigation: usercopy/swapgs barriers and __user pointer sanitization
[    0.099882] Spectre V2 : mitigation: Enabling conditional Indirect Branch Prediction Barrier
[    0.100395] x86/fpu: Supporting XSAVE feature 0x001: 'x87 floating point registers'
[    0.100880] x86/fpu: Supporting XSAVE feature 0x002: 'SSE registers'
[    0.101378] x86/fpu: Supporting XSAVE feature 0x004: 'AVX registers'
[    0.101801] x86/fpu: Supporting XSAVE feature 0x200: 'Protection Keys User registers'
[    0.102279] x86/fpu: xstate_offset[2]:  576, xstate_sizes[2]:  256
[    0.102378] x86/fpu: xstate_offset[9]:  832, xstate_sizes[9]:    8
[    0.102757] x86/fpu: Enabled xstate features 0x207, context size is 840 bytes, using 'compacted' format.
[    0.118748] pid_max: default: 32768 minimum: 301
[    0.119069] SELinux:  Initializing.
[    0.119383] Mount-cache hash table entries: 16384 (order: 5, 131072 bytes, linear)
[    0.119850] Mountpoint-cache hash table entries: 16384 (order: 5, 131072 bytes, linear)
[    0.120420] VFS: Finished mounting rootfs on nullfs
[    0.120837] smpboot: CPU0: Intel(R) Core(TM) Ultra 9 285K (family: 0x6, model: 0xc6, stepping: 0x2)
[    0.121378] Performance Events: unsupported CPU family 6 model 198 no PMU driver, software events only.
[    0.121412] signal: max sigframe size: 3632
[    0.121722] rcu: Hierarchical SRCU implementation.
[    0.122017] rcu: 	Max phase no-delay instances is 400.
[    0.122352] Timer migration: 1 hierarchy levels; 8 children per group; 1 crossnode level
[    0.122488] smp: Bringing up secondary CPUs ...
[    0.122826] smpboot: x86: Booting SMP configuration:
[    0.123142] .... node  #0, CPUs:      #1 #2 #3
[    0.125380] smp: Brought up 1 node, 4 CPUs
[    0.125909] smpboot: Total of 4 processors activated (29491.20 BogoMIPS)
[    0.126593] Memory: 8122236K/8388088K available (20133K kernel code, 3048K rwdata, 14964K rodata, 3032K init, 632K bss, 261276K reserved, 0K cma-reserved)
[    0.127672] devtmpfs: initialized
[    0.128386] clocksource: jiffies: mask: 0xffffffff max_cycles: 0xffffffff, max_idle_ns: 1911260446275000 ns
[    0.128992] posixtimers hash table entries: 2048 (order: 3, 32768 bytes, linear)
[    0.129384] futex hash table entries: 1024 (65536 bytes on 1 NUMA nodes, total 64 KiB, linear).
[    0.130034] PM: RTC time: 11:03:39, date: 2026-08-02
[    0.130808] NET: Registered PF_NETLINK/PF_ROUTE protocol family
[    0.131245] audit: initializing netlink subsys (disabled)
[    0.131406] audit: type=2000 audit(1785668619.879:1): state=initialized audit_enabled=0 res=1
[    0.131425] thermal_sys: Registered thermal governor 'step_wise'
[    0.132384] cpuidle: using governor menu
[    0.133120] Freeing SMP alternatives memory: 60K
[    0.133552] PCI: Using configuration type 1 for base access
[    0.133936] kprobes: kprobe jump-optimization is enabled. All kprobes are optimized if possible.
[    0.134591] HugeTLB: registered 2.00 MiB page size, pre-allocated 0 pages
[    0.134803] HugeTLB: 28 KiB vmemmap can be freed for a 2.00 MiB page
[    0.135686] ACPI: Added _OSI(Module Device)
[    0.135945] ACPI: Added _OSI(Processor Device)
[    0.136270] ACPI: Added _OSI(Processor Aggregator Device)
[    0.136836] ACPI: 1 ACPI AML tables successfully acquired and loaded
[    0.139384] ACPI: \_SB_: platform _OSC: OS support mask [002a7eee]
[    0.139872] ACPI: Interpreter enabled
[    0.140106] ACPI: PM: (supports S0 S3 S4 S5)
[    0.140380] ACPI: Using IOAPIC for interrupt routing
[    0.140723] PCI: Using host bridge windows from ACPI; if necessary, use "pci=nocrs" and report a bug
[    0.141300] PCI: Using E820 reservations for host bridge windows
[    0.141421] ACPI: Enabled 2 GPEs in block 00 to 0F
[    0.142830] ACPI: PCI Root Bridge [PCI0] (domain 0000 [bus 00-ff])
[    0.143210] acpi PNP0A03:00: _OSC: OS supports [ASPM ClockPM Segments MSI HPX-Type3]
[    0.143380] acpi PNP0A03:00: _OSC: not requesting OS control; OS requires [ExtendedConfig ASPM ClockPM MSI]
[    0.143990] acpi PNP0A03:00: _OSC: platform retains control of PCIe features (AE_ERROR)
[    0.144381] acpi PNP0A03:00: fail to add MMCONFIG information, can't access extended configuration space under this bridge
[    0.145167] PCI host bridge to bus 0000:00
[    0.145380] pci_bus 0000:00: root bus resource [io  0x0000-0x0cf7 window]
[    0.145814] pci_bus 0000:00: root bus resource [io  0x0d00-0xffff window]
[    0.146263] pci_bus 0000:00: root bus resource [mem 0x000a0000-0x000bffff window]
[    0.146379] pci_bus 0000:00: root bus resource [mem 0xc0000000-0xfebfffff window]
[    0.146879] pci_bus 0000:00: root bus resource [mem 0x380000000000-0x38007fffffff window]
[    0.147375] pci_bus 0000:00: root bus resource [bus 00-ff]
[    0.147771] pci 0000:00:00.0: [8086:1237] type 00 class 0x060000 conventional PCI endpoint
[    0.148603] pci 0000:00:01.0: [8086:7000] type 00 class 0x060100 conventional PCI endpoint
[    0.149392] pci 0000:00:01.1: [8086:7010] type 00 class 0x010180 conventional PCI endpoint
[    0.150760] pci 0000:00:01.1: BAR 4 [io  0xc200-0xc20f]
[    0.151116] pci 0000:00:01.1: BAR 0 [io  0x01f0-0x01f7]: legacy IDE quirk
[    0.151379] pci 0000:00:01.1: BAR 1 [io  0x03f6]: legacy IDE quirk
[    0.151762] pci 0000:00:01.1: BAR 2 [io  0x0170-0x0177]: legacy IDE quirk
[    0.152173] pci 0000:00:01.1: BAR 3 [io  0x0376]: legacy IDE quirk
[    0.152473] pci 0000:00:01.3: [8086:7113] type 00 class 0x068000 conventional PCI endpoint
[    0.153239] pci 0000:00:01.3: quirk: [io  0x0600-0x063f] claimed by PIIX4 ACPI
[    0.153385] pci 0000:00:01.3: quirk: [io  0x0700-0x070f] claimed by PIIX4 SMB
[    0.154070] pci 0000:00:02.0: [1af4:1009] type 00 class 0x000200 conventional PCI endpoint
[    0.155384] pci 0000:00:02.0: BAR 0 [io  0xc000-0xc03f]
[    0.156117] pci 0000:00:02.0: BAR 1 [mem 0xfebf7000-0xfebf7fff]
[    0.156396] pci 0000:00:02.0: BAR 4 [mem 0x380000000000-0x380000003fff 64bit pref]
[    0.157514] pci 0000:00:03.0: [1af4:1009] type 00 class 0x000200 conventional PCI endpoint
[    0.159031] pci 0000:00:03.0: BAR 0 [io  0xc040-0xc07f]
[    0.159357] pci 0000:00:03.0: BAR 1 [mem 0xfebf8000-0xfebf8fff]
[    0.159396] pci 0000:00:03.0: BAR 4 [mem 0x380000004000-0x380000007fff 64bit pref]
[    0.160393] pci 0000:00:04.0: [8086:25ab] type 00 class 0x088000 conventional PCI endpoint
[    0.161383] pci 0000:00:04.0: BAR 0 [mem 0xfebf9000-0xfebf900f]
[    0.162128] pci 0000:00:05.0: [1af4:1003] type 00 class 0x078000 conventional PCI endpoint
[    0.163387] pci 0000:00:05.0: BAR 0 [io  0xc080-0xc0bf]
[    0.163713] pci 0000:00:05.0: BAR 1 [mem 0xfebfa000-0xfebfafff]
[    0.164099] pci 0000:00:05.0: BAR 4 [mem 0x380000008000-0x38000000bfff 64bit pref]
[    0.164949] pci 0000:00:06.0: [1af4:1003] type 00 class 0x078000 conventional PCI endpoint
[    0.166384] pci 0000:00:06.0: BAR 0 [io  0xc0c0-0xc0ff]
[    0.166724] pci 0000:00:06.0: BAR 1 [mem 0xfebfb000-0xfebfbfff]
[    0.167103] pci 0000:00:06.0: BAR 4 [mem 0x38000000c000-0x38000000ffff 64bit pref]
[    0.167965] pci 0000:00:07.0: [1af4:1003] type 00 class 0x078000 conventional PCI endpoint
[    0.169394] pci 0000:00:07.0: BAR 0 [io  0xc100-0xc13f]
[    0.169721] pci 0000:00:07.0: BAR 1 [mem 0xfebfc000-0xfebfcfff]
[    0.170136] pci 0000:00:07.0: BAR 4 [mem 0x380000010000-0x380000013fff 64bit pref]
[    0.170957] pci 0000:00:08.0: [1af4:1003] type 00 class 0x078000 conventional PCI endpoint
[    0.172385] pci 0000:00:08.0: BAR 0 [io  0xc140-0xc17f]
[    0.172744] pci 0000:00:08.0: BAR 1 [mem 0xfebfd000-0xfebfdfff]
[    0.173396] pci 0000:00:08.0: BAR 4 [mem 0x380000014000-0x380000017fff 64bit pref]
[    0.174419] pci 0000:00:09.0: [1af4:1003] type 00 class 0x078000 conventional PCI endpoint
[    0.175752] pci 0000:00:09.0: BAR 0 [io  0xc180-0xc1bf]
[    0.176090] pci 0000:00:09.0: BAR 1 [mem 0xfebfe000-0xfebfefff]
[    0.176396] pci 0000:00:09.0: BAR 4 [mem 0x380000018000-0x38000001bfff 64bit pref]
[    0.177445] pci 0000:00:0a.0: [1af4:1003] type 00 class 0x078000 conventional PCI endpoint
[    0.178864] pci 0000:00:0a.0: BAR 0 [io  0xc1c0-0xc1ff]
[    0.179199] pci 0000:00:0a.0: BAR 1 [mem 0xfebff000-0xfebfffff]
[    0.179396] pci 0000:00:0a.0: BAR 4 [mem 0x38000001c000-0x38000001ffff 64bit pref]
[    0.181814] ACPI: PCI: Interrupt link LNKA configured for IRQ 10
[    0.182231] ACPI: PCI: Interrupt link LNKB configured for IRQ 10
[    0.182422] ACPI: PCI: Interrupt link LNKC configured for IRQ 11
[    0.182842] ACPI: PCI: Interrupt link LNKD configured for IRQ 11
[    0.183402] ACPI: PCI: Interrupt link LNKS configured for IRQ 9
[    0.183933] iommu: Default domain type: Translated
[    0.184238] iommu: DMA domain TLB invalidation policy: lazy mode
[    0.184409] SCSI subsystem initialized
[    0.185405] libata version 3.00 loaded.
[    0.185405] ACPI: bus type USB registered
[    0.185653] usbcore: registered new interface driver usbfs
[    0.186005] usbcore: registered new interface driver hub
[    0.186382] usbcore: registered new device driver usb
[    0.186701] pps_core: LinuxPPS API ver. 1 registered
[    0.187029] pps_core: Software ver. 5.3.6 - Copyright 2005-2007 Rodolfo Giometti <giometti@linux.it>
[    0.187380] PTP clock support registered
[    0.187631] Advanced Linux Sound Architecture Driver Initialized.
[    0.187897] NetLabel: Initializing
[    0.188379] NetLabel:  domain hash size = 128
[    0.188650] NetLabel:  protocols = UNLABELED CIPSOv4 CALIPSO
[    0.189022] NetLabel:  unlabeled traffic allowed by default
[    0.189417] PCI: Using ACPI for IRQ routing
[    0.189669] PCI: pci_cache_line_size set to 64 bytes
[    0.189785] e820: register RAM buffer resource [mem 0x0009fc00-0x0009ffff]
[    0.190206] e820: register RAM buffer resource [mem 0xbffe0000-0xbfffffff]
[    0.190391] vgaarb: loaded
[    0.190589] hpet0: at MMIO 0xfed00000, IRQs 2, 8, 0
[    0.190909] hpet0: 3 comparators, 64-bit 100.000000 MHz counter
[    0.195485] clocksource: Switched to clocksource kvm-clock
[    0.195881] VFS: Disk quotas dquot_6.6.0
[    0.196143] VFS: Dquot-cache hash table entries: 512 (order 0, 4096 bytes)
[    0.196793] pnp: PnP ACPI init
[    0.197033] pnp 00:02: [dma 2]
[    0.197126] pnp: PnP ACPI: found 4 devices
[    0.202952] clocksource: acpi_pm: mask: 0xffffff max_cycles: 0xffffff, max_idle_ns: 2085701024 ns
[    0.203534] NET: Registered PF_INET protocol family
[    0.203899] IP idents hash table entries: 131072 (order: 8, 1048576 bytes, linear)
[    0.214130] tcp_listen_portaddr_hash hash table entries: 4096 (order: 4, 65536 bytes, linear)
[    0.214668] Table-perturb hash table entries: 65536 (order: 6, 262144 bytes, linear)
[    0.215189] TCP established hash table entries: 65536 (order: 7, 524288 bytes, linear)
[    0.215703] TCP bind hash table entries: 65536 (order: 9, 2097152 bytes, linear)
[    0.216470] TCP: Hash tables configured (established 65536 bind 65536)
[    0.216888] UDP hash table entries: 4096 (order: 6, 262144 bytes, linear)
[    0.217356] NET: Registered PF_UNIX/PF_LOCAL protocol family
[    0.217839] RPC: Registered named UNIX socket transport module.
[    0.218384] RPC: Registered udp transport module.
[    0.218793] RPC: Registered tcp transport module.
[    0.219209] RPC: Registered tcp-with-tls transport module.
[    0.219688] RPC: Registered tcp NFSv4.1 backchannel transport module.
[    0.220576] pci_bus 0000:00: resource 4 [io  0x0000-0x0cf7 window]
[    0.221115] pci_bus 0000:00: resource 5 [io  0x0d00-0xffff window]
[    0.221651] pci_bus 0000:00: resource 6 [mem 0x000a0000-0x000bffff window]
[    0.222243] pci_bus 0000:00: resource 7 [mem 0xc0000000-0xfebfffff window]
[    0.222833] pci_bus 0000:00: resource 8 [mem 0x380000000000-0x38007fffffff window]
[    0.223527] pci 0000:00:01.0: PIIX3: Enabling Passive Release
[    0.224040] pci 0000:00:00.0: Limiting direct PCI/PCI transfers
[    0.224643] PCI: CLS 0 bytes, default 64
[    0.225024] PCI-DMA: Using software bounce buffering for IO (SWIOTLB)
[    0.225585] software IO TLB: mapped [mem 0x00000000bbfe0000-0x00000000bffe0000] (64MB)
[    0.226316] RAPL PMU: API unit is 2^-32 Joules, 0 fixed counters, 10737418240 ms ovfl timer
[    0.227049] clocksource: tsc: mask: 0xffffffffffffffff max_cycles: 0x6a464ae9873, max_idle_ns: 881590529744 ns
[    0.227980] clocksource: Switched to clocksource tsc
[    0.232802] Initialise system trusted keyrings
[    0.234907] workingset: timestamp_bits=56 (anon: 52) max_order=21 bucket_order=0 (anon: 0)
[    0.235568] NFS: Registering the id_resolver key type
[    0.235911] Key type id_resolver registered
[    0.236209] Key type id_legacy registered
[    0.236475] nfs4filelayout_init: NFSv4 File Layout Driver Registering...
[    0.236889] nfs4flexfilelayout_init: NFSv4 Flexfile Layout Driver Registering...
[    0.237377] fuse: init (API version 7.45)
[    0.237661] 9p: Installing v9fs 9p2000 file system support
[    0.238211] Key type asymmetric registered
[    0.238472] Asymmetric key parser 'x509' registered
[    0.238782] Block layer SCSI generic (bsg) driver version 0.4 loaded (major 251)
[    0.239249] io scheduler mq-deadline registered
[    0.239529] io scheduler kyber registered
[    0.240025] input: Power Button as /devices/platform/LNXPWRBN:00/input/input0
[    0.240530] ACPI: button: Power Button [PWRF]
[    0.241364] ACPI: \_SB_.LNKB: Enabled at IRQ 10
[    0.242780] ACPI: \_SB_.LNKC: Enabled at IRQ 11
[    0.244053] ACPI: \_SB_.LNKA: Enabled at IRQ 10
[    0.247391] ACPI: \_SB_.LNKD: Enabled at IRQ 11
[    0.250299] Serial: 8250/16550 driver, 4 ports, IRQ sharing enabled
[    0.250796] 00:03: ttyS0 at I/O 0x3f8 (irq = 4, base_baud = 115200) is a 16550A
[    0.313468] Non-volatile memory driver v1.3
[    0.313798] ACPI: bus type drm_connector registered
[    0.315411] loop: module loaded
[    0.316509] scsi host0: ata_piix
[    0.316925] scsi host1: ata_piix
[    0.317164] ata1: PATA max MWDMA2 cmd 0x1f0 ctl 0x3f6 bmdma 0xc200 irq 14 lpm-pol 0
[    0.317644] ata2: PATA max MWDMA2 cmd 0x170 ctl 0x376 bmdma 0xc208 irq 15 lpm-pol 0
[    0.318239] e100: Intel(R) PRO/100 Network Driver
[    0.318792] e100: Copyright(c) 1999-2006 Intel Corporation
[    0.319202] e1000: Intel(R) PRO/1000 Network Driver
[    0.319506] e1000: Copyright (c) 1999-2006 Intel Corporation.
[    0.319869] e1000e: Intel(R) PRO/1000 Network Driver
[    0.320231] e1000e: Copyright(c) 1999 - 2015 Intel Corporation.
[    0.320606] sky2: driver version 1.30
[    0.321057] usbcore: registered new interface driver usblp
[    0.321404] usbcore: registered new interface driver usb-storage
[    0.321793] i8042: PNP: PS/2 Controller [PNP0303:KBD,PNP0f13:MOU] at 0x60,0x64 irq 1,12
[    0.322764] serio: i8042 KBD port at 0x60,0x64 irq 1
[    0.323103] serio: i8042 AUX port at 0x60,0x64 irq 12
[    0.323639] rtc_cmos PNP0B00:00: RTC can wake from S4
[    0.324382] rtc_cmos PNP0B00:00: registered as rtc0
[    0.324721] rtc_cmos PNP0B00:00: alarms up to one day, y3k, 242 bytes nvram, hpet irqs
[    0.325332] input: AT Translated Set 2 keyboard as /devices/platform/i8042/serio0/input/input1
[    0.325591] device-mapper: ioctl: 4.50.0-ioctl (2025-04-28) initialised: dm-devel@lists.linux.dev
[    0.326715] intel_pstate: CPU model not supported
[    0.327163] hid: raw HID events driver (C) Jiri Kosina
[    0.327678] usbcore: registered new interface driver usbhid
[    0.328324] usbhid: USB HID core driver
[    0.329520] Initializing XFRM netlink socket
[    0.329917] NET: Registered PF_INET6 protocol family
[    0.330582] Segment Routing with IPv6
[    0.330912] In-situ OAM (IOAM) with IPv6
[    0.331300] NET: Registered PF_PACKET protocol family
[    0.331764] 9pnet: Installing 9P2000 support
[    0.333830] Key type dns_resolver registered
[    0.334530] IPI shorthand broadcast: enabled
[    0.336729] sched_clock: Marking stable (333001752, 3540235)->(346866368, -10324381)
[    0.337595] registered taskstats version 1
[    0.338036] Loading compiled-in X.509 certificates
[    0.339418] Demotion targets for Node 0: null
[    0.340098] PM:   Magic number: 6:839:73
[    0.340483] netconsole: network logging started
[    0.341009] cfg80211: Loading compiled-in X.509 certificates for regulatory database
[    0.341855] kworker/u16:0 (66) used greatest stack depth: 14480 bytes left
[    0.342035] Loaded X.509 cert 'sforshee: 00b28ddf47aef9cea7'
[    0.342505] kworker/u16:0 (67) used greatest stack depth: 14128 bytes left
[    0.342945] Loaded X.509 cert 'wens: 61c038651aabdcf94bd0ac7ff06c7248db18c600'
[    0.343821] ALSA device list:
[    0.344010]   No soundcards found.
[    0.344305] faux_driver regulatory: Direct firmware load for regulatory.db failed with error -2
[    0.344862] cfg80211: failed to load regulatory.db
[    0.476132] ata2: found unknown device (class 0)
[    0.476842] ata2.00: ATAPI: QEMU DVD-ROM, 2.5+, max UDMA/100
[    0.478477] scsi 1:0:0:0: CD-ROM            QEMU     QEMU DVD-ROM     2.5+ PQ: 0 ANSI: 5
[    0.495015] sr 1:0:0:0: [sr0] scsi3-mmc drive: 4x/4x cd/rw xa/form2 tray
[    0.506784] cdrom: Uniform CD-ROM driver Revision: 3.20
[    0.513100] sr 1:0:0:0: Attached scsi CD-ROM sr0
[    0.513192] sr 1:0:0:0: Attached scsi generic sg0 type 5
[    0.742023] input: ImExPS/2 Generic Explorer Mouse as /devices/platform/i8042/serio1/input/input3
[    0.742716] md: Skipping autodetection of RAID arrays. (raid=autodetect will force)
[    0.743787] 9p: Bad value for 'source'
[    0.746064] VFS: Mounted root (9p filesystem) readonly on device 0:20.
[    0.747107] devtmpfs: mounted
[    0.747443] VFS: Pivoted into new rootfs
[    0.748330] Freeing unused kernel image (initmem) memory: 3032K
[    0.748681] Write protecting the kernel read-only data: 36864k
[    0.749456] Freeing unused kernel image (text/rodata gap) memory: 344K
[    0.750125] Freeing unused kernel image (rodata/data gap) memory: 1420K
[    0.755559] x86/mm: Checked W+X mappings: passed, no W+X pages found.
[    0.755926] Run /home/yunwei37/.local/lib/python3.12/site-packages/virtme/guest/bin/virtme-ng-init as init process
[    0.756534]   with arguments:
[    0.756535]     /home/yunwei37/.local/lib/python3.12/site-packages/virtme/guest/bin/virtme-ng-init
[    0.756536]   with environment:
[    0.756537]     HOME=/
[    0.756537]     TERM=linux
[    0.756545]     virtme_hostname=virtme-ng
[    0.756545]     nr_open=1048576
[    0.756546]     virtme_initmount0=home/yunwei37/workspace/namei_ext
[    0.756546]     virtme_rw_overlay0=/etc
[    0.756547]     virtme_rw_overlay1=/lib
[    0.756548]     virtme_rw_overlay2=/home
[    0.756548]     virtme_rw_overlay3=/opt
[    0.756549]     virtme_rw_overlay4=/srv
[    0.756549]     virtme_rw_overlay5=/usr
[    0.756550]     virtme_rw_overlay6=/var
[    0.756550]     virtme_rw_overlay7=/tmp
[    0.756551]     virtme_rw_overlay8=/tmp
[    0.756551]     virtme_chdir=home/yunwei37/workspace/namei_ext
[    0.776440] virtme-ng-init: mount devtmpfs -> /dev: EBUSY: Device or resource busy
[    1.150157] systemd-tmpfile (71) used greatest stack depth: 12968 bytes left
[    1.150409] virtme-ng-init: Failed to open path '/var/lib/containers/storage': Permission denied
               Failed to opendir() '/proc/self/fd/5': Permission denied
[    1.170291] ip (75) used greatest stack depth: 12184 bytes left
[    1.176406] virtme-ng-init: Starting systemd-udevd version 255.4-1ubuntu8.16
[    1.176821] virtme-ng-init: triggering udev coldplug
[    2.146150] virtme-ng-init: waiting for udev to settle
[    2.316770] virtme-ng-init: udev is done
[    2.317620] virtme-ng-init: initialization done
[    5.417577] __vm_enough_memory: pid: 188, comm: mtcp_restart, bytes: 94779968712704 not enough memory for the allocation
[    8.741837] __vm_enough_memory: pid: 208, comm: mtcp_restart, bytes: 94800216838144 not enough memory for the allocation
[   12.238790] __vm_enough_memory: pid: 230, comm: mtcp_restart, bytes: 94475221733376 not enough memory for the allocation
