[    0.000000] Linux version 7.1.0-rc7-g621aff8d1bb5 (yunwei37@lab) (gcc (Ubuntu 13.3.0-6ubuntu2~24.04.1) 13.3.0, GNU ld (GNU Binutils for Ubuntu) 2.42) #1 SMP PREEMPT_DYNAMIC Wed Jul 29 05:35:23 PDT 2026
[    0.000000] Command line: virtme_hostname=virtme-ng nr_open=1048576 virtme_initmount0=home/yunwei37/workspace/namei_ext virtme_rw_overlay0=/etc virtme_rw_overlay1=/lib virtme_rw_overlay2=/home virtme_rw_overlay3=/opt virtme_rw_overlay4=/srv virtme_rw_overlay5=/usr virtme_rw_overlay6=/var virtme_rw_overlay7=/tmp virtme_rw_overlay8=/tmp console=ttyS0 earlyprintk=serial,ttyS0,115200 quiet loglevel=0 panic=-1 virtme.exec=`bWFrZSAtQyAvaG9tZS95dW53ZWkzNy93b3Jrc3BhY2UvbmFtZWlfZXh0IF9fYXBwbGljYXRpb25fZmlsZV9zaGFyaW5nX2d1ZXN0IEFQUExJQ0FUSU9OX0ZJTEVfU0hBUklOR19CT09UX0RJUj1yZXN1bHRzL2V4cGVyaW1lbnRzL2FwcGxpY2F0aW9uLWZpbGUtc2hhcmluZy1ycTEvMjAyNjA3MjlUMTgyNFotdzEtZm9ybWFsMDEvYm9vdHMvcmVwZXRpdGlvbi0wMiBBUFBMSUNBVElPTl9GSUxFX1NIQVJJTkdfUlVOX0RJUj1yZXN1bHRzL2V4cGVyaW1lbnRzL2FwcGxpY2F0aW9uLWZpbGUtc2hhcmluZy1ycTEvMjAyNjA3MjlUMTgyNFotdzEtZm9ybWFsMDEgUlVOX0lEPTIwMjYwNzI5VDE4MjRaLXcxLWZvcm1hbDAxIA==` virtme_chdir=home/yunwei37/workspace/namei_ext rootfstype=9p rootflags=version=9p2000.L,trans=virtio,access=any raid=noautodetect ro quiet lo
[    0.000000] x86/CPU: Model not found in latest microcode list
[    0.000000] x86/split lock detection: #DB: warning on user-space bus_locks
[    0.000000] BIOS-provided physical RAM map:
[    0.000000] BIOS-e820: [mem 0x0000000000000000-0x000000000009fbff]  System RAM
[    0.000000] BIOS-e820: [mem 0x000000000009fc00-0x000000000009ffff]  device reserved
[    0.000000] BIOS-e820: [gap 0x00000000000a0000-0x00000000000effff]
[    0.000000] BIOS-e820: [mem 0x00000000000f0000-0x00000000000fffff]  device reserved
[    0.000000] BIOS-e820: [mem 0x0000000000100000-0x00000000bffdffff]  System RAM
[    0.000000] BIOS-e820: [mem 0x00000000bffe0000-0x00000000bfffffff]  device reserved
[    0.000000] BIOS-e820: [gap 0x00000000c0000000-0x00000000feffbfff]
[    0.000000] BIOS-e820: [mem 0x00000000feffc000-0x00000000feffffff]  device reserved
[    0.000000] BIOS-e820: [gap 0x00000000ff000000-0x00000000fffbffff]
[    0.000000] BIOS-e820: [mem 0x00000000fffc0000-0x00000000ffffffff]  device reserved
[    0.000000] BIOS-e820: [mem 0x0000000100000000-0x000000023fffffff]  System RAM
[    0.000000] printk: legacy bootconsole [earlyser0] enabled
[    0.000000] NX (Execute Disable) protection: active
[    0.000000] APIC: Static calls initialized
[    0.000000] DMI: SMBIOS 2.8 present.
[    0.000000] DMI: QEMU Standard PC (i440FX + PIIX, 1996), BIOS rel-1.16.3-0-ga6ed6b701f0a-prebuilt.qemu.org 04/01/2014
[    0.000000] DMI: Memory slots populated: 1/1
[    0.000000] Hypervisor detected: KVM
[    0.000000] last_pfn = 0xbffe0 max_arch_pfn = 0x400000000
[    0.000000] kvm-clock: Using msrs 4b564d01 and 4b564d00
[    0.000000] kvm-clock: using sched offset of 222141523 cycles
[    0.000304] clocksource: kvm-clock: mask: 0xffffffffffffffff max_cycles: 0x1cd42e4dffb, max_idle_ns: 881590591483 ns
[    0.001248] tsc: Detected 3686.400 MHz processor
[    0.001673] e820: update [mem 0x00000000-0x00000fff] System RAM ==> device reserved
[    0.001676] e820: remove [mem 0x000a0000-0x000fffff] System RAM
[    0.001680] last_pfn = 0x240000 max_arch_pfn = 0x400000000
[    0.002042] MTRR map: 4 entries (3 fixed + 1 variable; max 19), built from 8 variable MTRRs
[    0.002526] x86/PAT: Configuration [0-7]: WB  WC  UC- UC  WB  WP  UC- WT  
[    0.003144] last_pfn = 0xbffe0 max_arch_pfn = 0x400000000
[    0.006764] found SMP MP-table at [mem 0x000f5440-0x000f544f]
[    0.007107] Using GB pages for direct mapping
[    0.007444] ACPI: Early table checksum verification disabled
[    0.007803] ACPI: RSDP 0x00000000000F5240 000014 (v00 BOCHS )
[    0.008143] ACPI: RSDT 0x00000000BFFE2443 000034 (v01 BOCHS  BXPC     00000001 BXPC 00000001)
[    0.008643] ACPI: FACP 0x00000000BFFE22DF 000074 (v01 BOCHS  BXPC     00000001 BXPC 00000001)
[    0.009142] ACPI: DSDT 0x00000000BFFE0040 00229F (v01 BOCHS  BXPC     00000001 BXPC 00000001)
[    0.009641] ACPI: FACS 0x00000000BFFE0000 000040
[    0.009910] ACPI: APIC 0x00000000BFFE2353 000090 (v03 BOCHS  BXPC     00000001 BXPC 00000001)
[    0.010406] ACPI: HPET 0x00000000BFFE23E3 000038 (v01 BOCHS  BXPC     00000001 BXPC 00000001)
[    0.010906] ACPI: WAET 0x00000000BFFE241B 000028 (v01 BOCHS  BXPC     00000001 BXPC 00000001)
[    0.011401] ACPI: Reserving FACP table memory at [mem 0xbffe22df-0xbffe2352]
[    0.011813] ACPI: Reserving DSDT table memory at [mem 0xbffe0040-0xbffe22de]
[    0.012222] ACPI: Reserving FACS table memory at [mem 0xbffe0000-0xbffe003f]
[    0.012636] ACPI: Reserving APIC table memory at [mem 0xbffe2353-0xbffe23e2]
[    0.013045] ACPI: Reserving HPET table memory at [mem 0xbffe23e3-0xbffe241a]
[    0.013454] ACPI: Reserving WAET table memory at [mem 0xbffe241b-0xbffe2442]
[    0.014030] No NUMA configuration found
[    0.014280] Faking a node at [mem 0x0000000000000000-0x000000023fffffff]
[    0.014673] NODE_DATA(0) allocated [mem 0x23fffc680-0x23fffffff]
[    0.015462] ACPI: PM-Timer IO Port: 0x608
[    0.015707] ACPI: LAPIC_NMI (acpi_id[0xff] dfl dfl lint[0x1])
[    0.016067] IOAPIC[0]: apic_id 0, version 17, address 0xfec00000, GSI 0-23
[    0.016467] ACPI: INT_SRC_OVR (bus 0 bus_irq 0 global_irq 2 dfl dfl)
[    0.016839] ACPI: INT_SRC_OVR (bus 0 bus_irq 5 global_irq 5 high level)
[    0.017223] ACPI: INT_SRC_OVR (bus 0 bus_irq 9 global_irq 9 high level)
[    0.017609] ACPI: INT_SRC_OVR (bus 0 bus_irq 10 global_irq 10 high level)
[    0.018003] ACPI: INT_SRC_OVR (bus 0 bus_irq 11 global_irq 11 high level)
[    0.018399] ACPI: Using ACPI (MADT) for SMP configuration information
[    0.018775] ACPI: HPET id: 0x8086a201 base: 0xfed00000
[    0.019076] TSC deadline timer available
[    0.019305] CPU topo: Max. logical packages:   1
[    0.019573] CPU topo: Max. logical nodes:      1
[    0.019843] CPU topo: Num. nodes per package:  1
[    0.020112] CPU topo: Max. logical dies:       1
[    0.020380] CPU topo: Max. dies per package:   1
[    0.020652] CPU topo: Max. threads per core:   1
[    0.020919] CPU topo: Num. cores per package:     4
[    0.021201] CPU topo: Num. threads per package:   4
[    0.021484] CPU topo: Allowing 4 present CPUs plus 0 hotplug CPUs
[    0.021850] kvm-guest: APIC: eoi() replaced with kvm_guest_apic_eoi_write()
[    0.022263] kvm-guest: KVM setup pv remote TLB flush
[    0.022553] kvm-guest: setup PV sched yield
[    0.022801] PM: hibernation: Registered nosave memory: [mem 0x00000000-0x00000fff]
[    0.023241] PM: hibernation: Registered nosave memory: [mem 0x0009f000-0x000fffff]
[    0.023682] PM: hibernation: Registered nosave memory: [mem 0xbffe0000-0xffffffff]
[    0.024122] [gap 0xc0000000-0xfeffbfff] available for PCI devices
[    0.024476] Booting paravirtualized kernel on KVM
[    0.024751] clocksource: refined-jiffies: mask: 0xffffffff max_cycles: 0xffffffff, max_idle_ns: 1910969940391419 ns
[    0.030442] Zone ranges:
[    0.030612]   DMA      [mem 0x0000000000001000-0x0000000000ffffff]
[    0.030978]   DMA32    [mem 0x0000000001000000-0x00000000ffffffff]
[    0.031337]   Normal   [mem 0x0000000100000000-0x000000023fffffff]
[    0.031697] Movable zone start for each node
[    0.031945] Early memory node ranges
[    0.032151]   node   0: [mem 0x0000000000001000-0x000000000009efff]
[    0.032514]   node   0: [mem 0x0000000000100000-0x00000000bffdffff]
[    0.032880]   node   0: [mem 0x0000000100000000-0x000000023fffffff]
[    0.033244] Initmem setup node 0 [mem 0x0000000000001000-0x000000023fffffff]
[    0.033805] On node 0, zone DMA: 1 pages in unavailable ranges
[    0.034153] On node 0, zone DMA: 97 pages in unavailable ranges
[    0.047766] On node 0, zone Normal: 32 pages in unavailable ranges
[    0.048147] setup_percpu: NR_CPUS:64 nr_cpumask_bits:4 nr_cpu_ids:4 nr_node_ids:1
[    0.048825] percpu: Embedded 54 pages/cpu s183960 r8192 d29032 u524288
[    0.049212] pcpu-alloc: s183960 r8192 d29032 u524288 alloc=1*2097152
[    0.049214] pcpu-alloc: [0] 0 1 2 3 
[    0.049240] Kernel command line: virtme_hostname=virtme-ng nr_open=1048576 virtme_initmount0=home/yunwei37/workspace/namei_ext virtme_rw_overlay0=/etc virtme_rw_overlay1=/lib virtme_rw_overlay2=/home virtme_rw_overlay3=/opt virtme_rw_overlay4=/srv virtme_rw_overlay5=/usr virtme_rw_overlay6=/var virtme_rw_overlay7=/tmp virtme_rw_overlay8=/tmp console=ttyS0 earlyprintk=serial,ttyS0,115200 quiet loglevel=0 panic=-1 virtme.exec=`bWFrZSAtQyAvaG9tZS95dW53ZWkzNy93b3Jrc3BhY2UvbmFtZWlfZXh0IF9fYXBwbGljYXRpb25fZmlsZV9zaGFyaW5nX2d1ZXN0IEFQUExJQ0FUSU9OX0ZJTEVfU0hBUklOR19CT09UX0RJUj1yZXN1bHRzL2V4cGVyaW1lbnRzL2FwcGxpY2F0aW9uLWZpbGUtc2hhcmluZy1ycTEvMjAyNjA3MjlUMTgyNFotdzEtZm9ybWFsMDEvYm9vdHMvcmVwZXRpdGlvbi0wMiBBUFBMSUNBVElPTl9GSUxFX1NIQVJJTkdfUlVOX0RJUj1yZXN1bHRzL2V4cGVyaW1lbnRzL2FwcGxpY2F0aW9uLWZpbGUtc2hhcmluZy1ycTEvMjAyNjA3MjlUMTgyNFotdzEtZm9ybWFsMDEgUlVOX0lEPTIwMjYwNzI5VDE4MjRaLXcxLWZvcm1hbDAxIA==` virtme_chdir=home/yunwei37/workspace/namei_ext rootfstype=9p rootflags=version=9p2000.L,trans=virtio,access=any raid=noautodetect ro \
[    0.049242] Kernel command line: quiet loglevel=1 loglevel=7 panic=30 oops=panic tsc=reliable clocksource=tsc init=/home/yunwei37/.local/lib/python3.12/site-packages/virtme/guest/bin/virtme-ng-init
[    0.055790] Unknown kernel command line parameters "virtme_hostname=virtme-ng nr_open=1048576 virtme_initmount0=home/yunwei37/workspace/namei_ext virtme_rw_overlay0=/etc virtme_rw_overlay1=/lib virtme_rw_overlay2=/home virtme_rw_overlay3=/opt virtme_rw_overlay4=/srv virtme_rw_overlay5=/usr virtme_rw_overlay6=/var virtme_rw_overlay7=/tmp virtme_rw_overlay8=/tmp virtme_chdir=home/yunwei37/workspace/namei_ext", will be passed to user space.
[    0.058096] random: crng init done
[    0.058297] printk: log buffer data + meta data: 262144 + 917504 = 1179648 bytes
[    0.059495] Dentry cache hash table entries: 1048576 (order: 11, 8388608 bytes, linear)
[    0.060383] Inode-cache hash table entries: 524288 (order: 10, 4194304 bytes, linear)
[    0.060917] software IO TLB: area num 4.
[    0.072207] Fallback order for Node 0: 0 
[    0.072211] Built 1 zonelists, mobility grouping on.  Total pages: 2097022
[    0.072828] Policy zone: Normal
[    0.073002] mem auto-init: stack:all(zero), heap alloc:off, heap free:off
[    0.081853] SLUB: HWalign=64, Order=0-3, MinObjects=0, CPUs=4, Nodes=1
[    0.082893] Dynamic Preempt: lazy
[    0.083282] rcu: Preemptible hierarchical RCU implementation.
[    0.083601] rcu: 	RCU event tracing is enabled.
[    0.083854] rcu: 	RCU restricting CPUs from NR_CPUS=64 to nr_cpu_ids=4.
[    0.084221] 	Trampoline variant of Tasks RCU enabled.
[    0.084500] 	Tracing variant of Tasks RCU enabled.
[    0.084767] rcu: RCU calculated value of scheduler-enlistment delay is 100 jiffies.
[    0.085189] rcu: Adjusting geometry for rcu_fanout_leaf=16, nr_cpu_ids=4
[    0.085563] RCU Tasks: Setting shift to 2 and lim to 1 rcu_task_cb_adjust=1 rcu_task_cpu_ids=4.
[    0.088158] NR_IRQS: 4352, nr_irqs: 456, preallocated irqs: 16
[    0.088660] rcu: srcu_init: Setting srcu_struct sizes based on contention.
[    0.089124] Console: colour *CGA 80x25
[    0.089353] printk: legacy console [ttyS0] enabled
[    0.089895] printk: legacy bootconsole [earlyser0] disabled
[    0.090530] ACPI: Core revision 20251212
[    0.090850] clocksource: hpet: mask: 0xffffffff max_cycles: 0xffffffff, max_idle_ns: 19112604467 ns
[    0.091464] APIC: Switch to symmetric I/O mode setup
[    0.091884] x2apic enabled
[    0.092223] APIC: Switched APIC routing to: physical x2apic
[    0.092576] kvm-guest: APIC: send_IPI_mask() replaced with kvm_send_ipi_mask()
[    0.092993] kvm-guest: APIC: send_IPI_mask_allbutself() replaced with kvm_send_ipi_mask_allbutself()
[    0.093535] kvm-guest: setup PV IPIs
[    0.094393] ..TIMER: vector=0x30 apic1=0 pin1=2 apic2=-1 pin2=-1
[    0.094763] clocksource: tsc-early: mask: 0xffffffffffffffff max_cycles: 0x6a464ae9873, max_idle_ns: 881590529744 ns
[    0.095364] Calibrating delay loop (skipped) preset value.. 7372.80 BogoMIPS (lpj=3686400)
[    0.096477] x86/cpu: User Mode Instruction Prevention (UMIP) activated
[    0.096905] Last level iTLB entries: 4KB 0, 2MB 0, 4MB 0
[    0.097362] Last level dTLB entries: 4KB 0, 2MB 0, 4MB 0, 1GB 0
[    0.097705] mitigations: Enabled attack vectors: user_kernel, user_user, SMT mitigations: auto
[    0.098363] Speculative Store Bypass: Mitigation: Speculative Store Bypass disabled via prctl
[    0.098850] Spectre V2 : Mitigation: Enhanced / Automatic IBRS
[    0.099182] Spectre V1 : Mitigation: usercopy/swapgs barriers and __user pointer sanitization
[    0.099364] Spectre V2 : mitigation: Enabling conditional Indirect Branch Prediction Barrier
[    0.099860] x86/fpu: Supporting XSAVE feature 0x001: 'x87 floating point registers'
[    0.100362] x86/fpu: Supporting XSAVE feature 0x002: 'SSE registers'
[    0.100740] x86/fpu: Supporting XSAVE feature 0x004: 'AVX registers'
[    0.101362] x86/fpu: Supporting XSAVE feature 0x200: 'Protection Keys User registers'
[    0.101825] x86/fpu: xstate_offset[2]:  576, xstate_sizes[2]:  256
[    0.102363] x86/fpu: xstate_offset[9]:  832, xstate_sizes[9]:    8
[    0.102736] x86/fpu: Enabled xstate features 0x207, context size is 840 bytes, using 'compacted' format.
[    0.118433] pid_max: default: 32768 minimum: 301
[    0.118756] SELinux:  Initializing.
[    0.119202] Mount-cache hash table entries: 16384 (order: 5, 131072 bytes, linear)
[    0.119368] Mountpoint-cache hash table entries: 16384 (order: 5, 131072 bytes, linear)
[    0.119881] VFS: Finished mounting rootfs on nullfs
[    0.120489] smpboot: CPU0: Intel(R) Core(TM) Ultra 9 285K (family: 0x6, model: 0xc6, stepping: 0x2)
[    0.121114] Performance Events: unsupported CPU family 6 model 198 no PMU driver, software events only.
[    0.121396] signal: max sigframe size: 3632
[    0.121659] rcu: Hierarchical SRCU implementation.
[    0.121951] rcu: 	Max phase no-delay instances is 400.
[    0.122279] Timer migration: 1 hierarchy levels; 8 children per group; 1 crossnode level
[    0.122463] smp: Bringing up secondary CPUs ...
[    0.122793] smpboot: x86: Booting SMP configuration:
[    0.123114] .... node  #0, CPUs:      #1 #2 #3
[    0.124393] smp: Brought up 1 node, 4 CPUs
[    0.124937] smpboot: Total of 4 processors activated (29491.20 BogoMIPS)
[    0.125536] Memory: 8122240K/8388088K available (20133K kernel code, 3048K rwdata, 14964K rodata, 3032K init, 632K bss, 261268K reserved, 0K cma-reserved)
[    0.126596] devtmpfs: initialized
[    0.126743] clocksource: jiffies: mask: 0xffffffff max_cycles: 0xffffffff, max_idle_ns: 1911260446275000 ns
[    0.127366] posixtimers hash table entries: 2048 (order: 3, 32768 bytes, linear)
[    0.127847] futex hash table entries: 1024 (65536 bytes on 1 NUMA nodes, total 64 KiB, linear).
[    0.128437] PM: RTC time: 18:23:20, date: 2026-07-29
[    0.129161] NET: Registered PF_NETLINK/PF_ROUTE protocol family
[    0.129434] audit: initializing netlink subsys (disabled)
[    0.129774] audit: type=2000 audit(1785349401.183:1): state=initialized audit_enabled=0 res=1
[    0.129774] thermal_sys: Registered thermal governor 'step_wise'
[    0.130367] cpuidle: using governor menu
[    0.131032] Freeing SMP alternatives memory: 60K
[    0.131458] PCI: Using configuration type 1 for base access
[    0.131844] kprobes: kprobe jump-optimization is enabled. All kprobes are optimized if possible.
[    0.132583] HugeTLB: registered 2.00 MiB page size, pre-allocated 0 pages
[    0.132583] HugeTLB: 28 KiB vmemmap can be freed for a 2.00 MiB page
[    0.133699] ACPI: Added _OSI(Module Device)
[    0.134365] ACPI: Added _OSI(Processor Device)
[    0.134758] ACPI: Added _OSI(Processor Aggregator Device)
[    0.135836] ACPI: 1 ACPI AML tables successfully acquired and loaded
[    0.138369] ACPI: \_SB_: platform _OSC: OS support mask [002a7eee]
[    0.139064] ACPI: Interpreter enabled
[    0.139375] ACPI: PM: (supports S0 S3 S4 S5)
[    0.139748] ACPI: Using IOAPIC for interrupt routing
[    0.140198] PCI: Using host bridge windows from ACPI; if necessary, use "pci=nocrs" and report a bug
[    0.140364] PCI: Using E820 reservations for host bridge windows
[    0.140956] ACPI: Enabled 2 GPEs in block 00 to 0F
[    0.143187] ACPI: PCI Root Bridge [PCI0] (domain 0000 [bus 00-ff])
[    0.144368] acpi PNP0A03:00: _OSC: OS supports [ASPM ClockPM Segments MSI HPX-Type3]
[    0.145036] acpi PNP0A03:00: _OSC: not requesting OS control; OS requires [ExtendedConfig ASPM ClockPM MSI]
[    0.145368] acpi PNP0A03:00: _OSC: platform retains control of PCIe features (AE_ERROR)
[    0.146070] acpi PNP0A03:00: fail to add MMCONFIG information, can't access extended configuration space under this bridge
[    0.147489] PCI host bridge to bus 0000:00
[    0.147857] pci_bus 0000:00: root bus resource [io  0x0000-0x0cf7 window]
[    0.148364] pci_bus 0000:00: root bus resource [io  0x0d00-0xffff window]
[    0.148962] pci_bus 0000:00: root bus resource [mem 0x000a0000-0x000bffff window]
[    0.149364] pci_bus 0000:00: root bus resource [mem 0xc0000000-0xfebfffff window]
[    0.150007] pci_bus 0000:00: root bus resource [mem 0x380000000000-0x38007fffffff window]
[    0.150364] pci_bus 0000:00: root bus resource [bus 00-ff]
[    0.150880] pci 0000:00:00.0: [8086:1237] type 00 class 0x060000 conventional PCI endpoint
[    0.152758] pci 0000:00:01.0: [8086:7000] type 00 class 0x060100 conventional PCI endpoint
[    0.153751] pci 0000:00:01.1: [8086:7010] type 00 class 0x010180 conventional PCI endpoint
[    0.155336] pci 0000:00:01.1: BAR 4 [io  0xc200-0xc20f]
[    0.155394] pci 0000:00:01.1: BAR 0 [io  0x01f0-0x01f7]: legacy IDE quirk
[    0.155976] pci 0000:00:01.1: BAR 1 [io  0x03f6]: legacy IDE quirk
[    0.156364] pci 0000:00:01.1: BAR 2 [io  0x0170-0x0177]: legacy IDE quirk
[    0.157106] pci 0000:00:01.1: BAR 3 [io  0x0376]: legacy IDE quirk
[    0.158496] pci 0000:00:01.3: [8086:7113] type 00 class 0x068000 conventional PCI endpoint
[    0.159502] pci 0000:00:01.3: quirk: [io  0x0600-0x063f] claimed by PIIX4 ACPI
[    0.160142] pci 0000:00:01.3: quirk: [io  0x0700-0x070f] claimed by PIIX4 SMB
[    0.160622] pci 0000:00:02.0: [1af4:1009] type 00 class 0x000200 conventional PCI endpoint
[    0.163381] pci 0000:00:02.0: BAR 0 [io  0xc000-0xc03f]
[    0.163851] pci 0000:00:02.0: BAR 1 [mem 0xfebf7000-0xfebf7fff]
[    0.164388] pci 0000:00:02.0: BAR 4 [mem 0x380000000000-0x380000003fff 64bit pref]
[    0.165891] pci 0000:00:03.0: [1af4:1009] type 00 class 0x000200 conventional PCI endpoint
[    0.169285] pci 0000:00:03.0: BAR 0 [io  0xc040-0xc07f]
[    0.169371] pci 0000:00:03.0: BAR 1 [mem 0xfebf8000-0xfebf8fff]
[    0.169976] pci 0000:00:03.0: BAR 4 [mem 0x380000004000-0x380000007fff 64bit pref]
[    0.171081] pci 0000:00:04.0: [8086:25ab] type 00 class 0x088000 conventional PCI endpoint
[    0.173003] pci 0000:00:04.0: BAR 0 [mem 0xfebf9000-0xfebf900f]
[    0.173882] pci 0000:00:05.0: [1af4:1003] type 00 class 0x078000 conventional PCI endpoint
[    0.176372] pci 0000:00:05.0: BAR 0 [io  0xc080-0xc0bf]
[    0.176839] pci 0000:00:05.0: BAR 1 [mem 0xfebfa000-0xfebfafff]
[    0.177377] pci 0000:00:05.0: BAR 4 [mem 0x380000008000-0x38000000bfff 64bit pref]
[    0.179165] pci 0000:00:06.0: [1af4:1003] type 00 class 0x078000 conventional PCI endpoint
[    0.181371] pci 0000:00:06.0: BAR 0 [io  0xc0c0-0xc0ff]
[    0.181842] pci 0000:00:06.0: BAR 1 [mem 0xfebfb000-0xfebfbfff]
[    0.182376] pci 0000:00:06.0: BAR 4 [mem 0x38000000c000-0x38000000ffff 64bit pref]
[    0.183806] pci 0000:00:07.0: [1af4:1003] type 00 class 0x078000 conventional PCI endpoint
[    0.185386] pci 0000:00:07.0: BAR 0 [io  0xc100-0xc13f]
[    0.185845] pci 0000:00:07.0: BAR 1 [mem 0xfebfc000-0xfebfcfff]
[    0.186388] pci 0000:00:07.0: BAR 4 [mem 0x380000010000-0x380000013fff 64bit pref]
[    0.187831] pci 0000:00:08.0: [1af4:1003] type 00 class 0x078000 conventional PCI endpoint
[    0.190371] pci 0000:00:08.0: BAR 0 [io  0xc140-0xc17f]
[    0.190853] pci 0000:00:08.0: BAR 1 [mem 0xfebfd000-0xfebfdfff]
[    0.191388] pci 0000:00:08.0: BAR 4 [mem 0x380000014000-0x380000017fff 64bit pref]
[    0.192853] pci 0000:00:09.0: [1af4:1003] type 00 class 0x078000 conventional PCI endpoint
[    0.194371] pci 0000:00:09.0: BAR 0 [io  0xc180-0xc1bf]
[    0.194829] pci 0000:00:09.0: BAR 1 [mem 0xfebfe000-0xfebfefff]
[    0.195370] pci 0000:00:09.0: BAR 4 [mem 0x380000018000-0x38000001bfff 64bit pref]
[    0.196811] pci 0000:00:0a.0: [1af4:1003] type 00 class 0x078000 conventional PCI endpoint
[    0.199253] pci 0000:00:0a.0: BAR 0 [io  0xc1c0-0xc1ff]
[    0.200375] pci 0000:00:0a.0: BAR 1 [mem 0xfebff000-0xfebfffff]
[    0.200910] pci 0000:00:0a.0: BAR 4 [mem 0x38000001c000-0x38000001ffff 64bit pref]
[    0.203984] ACPI: PCI: Interrupt link LNKA configured for IRQ 10
[    0.205440] ACPI: PCI: Interrupt link LNKB configured for IRQ 10
[    0.206040] ACPI: PCI: Interrupt link LNKC configured for IRQ 11
[    0.206430] ACPI: PCI: Interrupt link LNKD configured for IRQ 11
[    0.206997] ACPI: PCI: Interrupt link LNKS configured for IRQ 9
[    0.207829] iommu: Default domain type: Translated
[    0.208249] iommu: DMA domain TLB invalidation policy: lazy mode
[    0.209416] SCSI subsystem initialized
[    0.209753] libata version 3.00 loaded.
[    0.209753] ACPI: bus type USB registered
[    0.209753] usbcore: registered new interface driver usbfs
[    0.209849] usbcore: registered new interface driver hub
[    0.210368] usbcore: registered new device driver usb
[    0.210836] pps_core: LinuxPPS API ver. 1 registered
[    0.211299] pps_core: Software ver. 5.3.6 - Copyright 2005-2007 Rodolfo Giometti <giometti@linux.it>
[    0.212367] PTP clock support registered
[    0.213388] Advanced Linux Sound Architecture Driver Initialized.
[    0.213525] NetLabel: Initializing
[    0.213829] NetLabel:  domain hash size = 128
[    0.214208] NetLabel:  protocols = UNLABELED CIPSOv4 CALIPSO
[    0.214380] NetLabel:  unlabeled traffic allowed by default
[    0.215399] PCI: Using ACPI for IRQ routing
[    0.215739] PCI: pci_cache_line_size set to 64 bytes
[    0.216376] e820: register RAM buffer resource [mem 0x0009fc00-0x0009ffff]
[    0.216376] e820: register RAM buffer resource [mem 0xbffe0000-0xbfffffff]
[    0.217386] vgaarb: loaded
[    0.217692] hpet0: at MMIO 0xfed00000, IRQs 2, 8, 0
[    0.218120] hpet0: 3 comparators, 64-bit 100.000000 MHz counter
[    0.226410] clocksource: Switched to clocksource kvm-clock
[    0.226990] VFS: Disk quotas dquot_6.6.0
[    0.227254] VFS: Dquot-cache hash table entries: 512 (order 0, 4096 bytes)
[    0.227813] pnp: PnP ACPI init
[    0.228186] pnp 00:02: [dma 2]
[    0.228389] pnp: PnP ACPI: found 4 devices
[    0.234423] clocksource: acpi_pm: mask: 0xffffff max_cycles: 0xffffff, max_idle_ns: 2085701024 ns
[    0.235237] NET: Registered PF_INET protocol family
[    0.235909] IP idents hash table entries: 131072 (order: 8, 1048576 bytes, linear)
[    0.248453] tcp_listen_portaddr_hash hash table entries: 4096 (order: 4, 65536 bytes, linear)
[    0.249225] Table-perturb hash table entries: 65536 (order: 6, 262144 bytes, linear)
[    0.249887] TCP established hash table entries: 65536 (order: 7, 524288 bytes, linear)
[    0.250611] TCP bind hash table entries: 65536 (order: 9, 2097152 bytes, linear)
[    0.251513] TCP: Hash tables configured (established 65536 bind 65536)
[    0.252107] UDP hash table entries: 4096 (order: 6, 262144 bytes, linear)
[    0.252750] NET: Registered PF_UNIX/PF_LOCAL protocol family
[    0.253416] RPC: Registered named UNIX socket transport module.
[    0.253922] RPC: Registered udp transport module.
[    0.254349] RPC: Registered tcp transport module.
[    0.254754] RPC: Registered tcp-with-tls transport module.
[    0.255248] RPC: Registered tcp NFSv4.1 backchannel transport module.
[    0.256093] pci_bus 0000:00: resource 4 [io  0x0000-0x0cf7 window]
[    0.256636] pci_bus 0000:00: resource 5 [io  0x0d00-0xffff window]
[    0.257174] pci_bus 0000:00: resource 6 [mem 0x000a0000-0x000bffff window]
[    0.257767] pci_bus 0000:00: resource 7 [mem 0xc0000000-0xfebfffff window]
[    0.258367] pci_bus 0000:00: resource 8 [mem 0x380000000000-0x38007fffffff window]
[    0.259053] pci 0000:00:01.0: PIIX3: Enabling Passive Release
[    0.259567] pci 0000:00:00.0: Limiting direct PCI/PCI transfers
[    0.260171] PCI: CLS 0 bytes, default 64
[    0.260559] PCI-DMA: Using software bounce buffering for IO (SWIOTLB)
[    0.261117] software IO TLB: mapped [mem 0x00000000bbfe0000-0x00000000bffe0000] (64MB)
[    0.261860] RAPL PMU: API unit is 2^-32 Joules, 0 fixed counters, 10737418240 ms ovfl timer
[    0.262594] clocksource: tsc: mask: 0xffffffffffffffff max_cycles: 0x6a464ae9873, max_idle_ns: 881590529744 ns
[    0.263531] clocksource: Switched to clocksource tsc
[    0.264536] Initialise system trusted keyrings
[    0.264969] workingset: timestamp_bits=56 (anon: 52) max_order=21 bucket_order=0 (anon: 0)
[    0.265805] NFS: Registering the id_resolver key type
[    0.266249] Key type id_resolver registered
[    0.266614] Key type id_legacy registered
[    0.266963] nfs4filelayout_init: NFSv4 File Layout Driver Registering...
[    0.267562] nfs4flexfilelayout_init: NFSv4 Flexfile Layout Driver Registering...
[    0.268263] fuse: init (API version 7.45)
[    0.268647] 9p: Installing v9fs 9p2000 file system support
[    0.269320] Key type asymmetric registered
[    0.269677] Asymmetric key parser 'x509' registered
[    0.270124] Block layer SCSI generic (bsg) driver version 0.4 loaded (major 251)
[    0.270768] io scheduler mq-deadline registered
[    0.271166] io scheduler kyber registered
[    0.271668] input: Power Button as /devices/platform/LNXPWRBN:00/input/input0
[    0.272330] ACPI: button: Power Button [PWRF]
[    0.273438] ACPI: \_SB_.LNKB: Enabled at IRQ 10
[    0.275247] ACPI: \_SB_.LNKC: Enabled at IRQ 11
[    0.276949] ACPI: \_SB_.LNKA: Enabled at IRQ 10
[    0.281020] ACPI: \_SB_.LNKD: Enabled at IRQ 11
[    0.284726] Serial: 8250/16550 driver, 4 ports, IRQ sharing enabled
[    0.285682] 00:03: ttyS0 at I/O 0x3f8 (irq = 4, base_baud = 115200) is a 16550A
[    0.366212] Non-volatile memory driver v1.3
[    0.366591] ACPI: bus type drm_connector registered
[    0.367632] loop: module loaded
[    0.368637] scsi host0: ata_piix
[    0.368938] scsi host1: ata_piix
[    0.369188] ata1: PATA max MWDMA2 cmd 0x1f0 ctl 0x3f6 bmdma 0xc200 irq 14 lpm-pol 0
[    0.369670] ata2: PATA max MWDMA2 cmd 0x170 ctl 0x376 bmdma 0xc208 irq 15 lpm-pol 0
[    0.370261] e100: Intel(R) PRO/100 Network Driver
[    0.370673] e100: Copyright(c) 1999-2006 Intel Corporation
[    0.371017] e1000: Intel(R) PRO/1000 Network Driver
[    0.371377] e1000: Copyright (c) 1999-2006 Intel Corporation.
[    0.371738] e1000e: Intel(R) PRO/1000 Network Driver
[    0.372046] e1000e: Copyright(c) 1999 - 2015 Intel Corporation.
[    0.372448] sky2: driver version 1.30
[    0.373001] usbcore: registered new interface driver usblp
[    0.373374] usbcore: registered new interface driver usb-storage
[    0.373762] i8042: PNP: PS/2 Controller [PNP0303:KBD,PNP0f13:MOU] at 0x60,0x64 irq 1,12
[    0.374736] serio: i8042 KBD port at 0x60,0x64 irq 1
[    0.375046] serio: i8042 AUX port at 0x60,0x64 irq 12
[    0.375445] rtc_cmos PNP0B00:00: RTC can wake from S4
[    0.376044] rtc_cmos PNP0B00:00: registered as rtc0
[    0.376506] rtc_cmos PNP0B00:00: alarms up to one day, y3k, 242 bytes nvram, hpet irqs
[    0.377071] device-mapper: ioctl: 4.50.0-ioctl (2025-04-28) initialised: dm-devel@lists.linux.dev
[    0.377715] intel_pstate: CPU model not supported
[    0.378021] hid: raw HID events driver (C) Jiri Kosina
[    0.378554] usbcore: registered new interface driver usbhid
[    0.378966] usbhid: USB HID core driver
[    0.379294] input: AT Translated Set 2 keyboard as /devices/platform/i8042/serio0/input/input1
[    0.380565] Initializing XFRM netlink socket
[    0.381191] NET: Registered PF_INET6 protocol family
[    0.382133] Segment Routing with IPv6
[    0.382498] In-situ OAM (IOAM) with IPv6
[    0.382886] NET: Registered PF_PACKET protocol family
[    0.383450] 9pnet: Installing 9P2000 support
[    0.385287] Key type dns_resolver registered
[    0.385925] IPI shorthand broadcast: enabled
[    0.388173] sched_clock: Marking stable (384001416, 3311018)->(389694822, -2382388)
[    0.389000] registered taskstats version 1
[    0.389478] Loading compiled-in X.509 certificates
[    0.391006] Demotion targets for Node 0: null
[    0.391512] PM:   Magic number: 2:918:393
[    0.391901] netconsole: network logging started
[    0.392450] cfg80211: Loading compiled-in X.509 certificates for regulatory database
[    0.393210] kworker/u16:3 (66) used greatest stack depth: 14480 bytes left
[    0.393471] Loaded X.509 cert 'sforshee: 00b28ddf47aef9cea7'
[    0.394298] Loaded X.509 cert 'wens: 61c038651aabdcf94bd0ac7ff06c7248db18c600'
[    0.394938] ALSA device list:
[    0.395224]   No soundcards found.
[    0.395784] faux_driver regulatory: Direct firmware load for regulatory.db failed with error -2
[    0.396296] cfg80211: failed to load regulatory.db
[    0.525503] ata2: found unknown device (class 0)
[    0.526502] ata2.00: ATAPI: QEMU DVD-ROM, 2.5+, max UDMA/100
[    0.527753] scsi 1:0:0:0: CD-ROM            QEMU     QEMU DVD-ROM     2.5+ PQ: 0 ANSI: 5
[    0.543791] sr 1:0:0:0: [sr0] scsi3-mmc drive: 4x/4x cd/rw xa/form2 tray
[    0.555591] cdrom: Uniform CD-ROM driver Revision: 3.20
[    0.561789] sr 1:0:0:0: Attached scsi CD-ROM sr0
[    0.561900] sr 1:0:0:0: Attached scsi generic sg0 type 5
[    0.797980] input: ImExPS/2 Generic Explorer Mouse as /devices/platform/i8042/serio1/input/input3
[    0.798508] md: Skipping autodetection of RAID arrays. (raid=autodetect will force)
[    0.798846] 9p: Bad value for 'source'
[    0.799578] VFS: Mounted root (9p filesystem) readonly on device 0:20.
[    0.800080] devtmpfs: mounted
[    0.800236] VFS: Pivoted into new rootfs
[    0.800750] Freeing unused kernel image (initmem) memory: 3032K
[    0.801001] Write protecting the kernel read-only data: 36864k
[    0.801436] Freeing unused kernel image (text/rodata gap) memory: 344K
[    0.801976] Freeing unused kernel image (rodata/data gap) memory: 1420K
[    0.806215] x86/mm: Checked W+X mappings: passed, no W+X pages found.
[    0.806485] Run /home/yunwei37/.local/lib/python3.12/site-packages/virtme/guest/bin/virtme-ng-init as init process
[    0.806887]   with arguments:
[    0.806888]     /home/yunwei37/.local/lib/python3.12/site-packages/virtme/guest/bin/virtme-ng-init
[    0.806888]   with environment:
[    0.806889]     HOME=/
[    0.806889]     TERM=linux
[    0.806889]     virtme_hostname=virtme-ng
[    0.806890]     nr_open=1048576
[    0.806890]     virtme_initmount0=home/yunwei37/workspace/namei_ext
[    0.806890]     virtme_rw_overlay0=/etc
[    0.806891]     virtme_rw_overlay1=/lib
[    0.806891]     virtme_rw_overlay2=/home
[    0.806891]     virtme_rw_overlay3=/opt
[    0.806892]     virtme_rw_overlay4=/srv
[    0.806892]     virtme_rw_overlay5=/usr
[    0.806892]     virtme_rw_overlay6=/var
[    0.806893]     virtme_rw_overlay7=/tmp
[    0.806893]     virtme_rw_overlay8=/tmp
[    0.806893]     virtme_chdir=home/yunwei37/workspace/namei_ext
[    0.830112] virtme-ng-init: mount devtmpfs -> /dev: EBUSY: Device or resource busy
[    1.229581] systemd-tmpfile (73) used greatest stack depth: 12672 bytes left
[    1.229734] virtme-ng-init: Failed to open path '/var/lib/containers/storage': Permission denied
               Failed to opendir() '/proc/self/fd/5': Permission denied
[    1.256785] virtme-ng-init: Starting systemd-udevd version 255.4-1ubuntu8.16
[    1.257245] virtme-ng-init: triggering udev coldplug
[    2.236569] virtme-ng-init: waiting for udev to settle
[    2.400904] virtme-ng-init: udev is done
[    2.401968] virtme-ng-init: initialization done
