[    0.000000] Linux version 7.1.0-rc7-g621aff8d1bb5 (yunwei37@lab) (gcc (Ubuntu 13.3.0-6ubuntu2~24.04.1) 13.3.0, GNU ld (GNU Binutils for Ubuntu) 2.42) #1 SMP PREEMPT_DYNAMIC Wed Jul 29 05:35:23 PDT 2026
[    0.000000] Command line: virtme_hostname=virtme-ng nr_open=1048576 virtme_initmount0=home/yunwei37/workspace/namei_ext virtme_rw_overlay0=/etc virtme_rw_overlay1=/lib virtme_rw_overlay2=/home virtme_rw_overlay3=/opt virtme_rw_overlay4=/srv virtme_rw_overlay5=/usr virtme_rw_overlay6=/var virtme_rw_overlay7=/tmp virtme_rw_overlay8=/tmp console=ttyS0 earlyprintk=serial,ttyS0,115200 quiet loglevel=0 panic=-1 virtme.exec=`bWFrZSAtQyAvaG9tZS95dW53ZWkzNy93b3Jrc3BhY2UvbmFtZWlfZXh0IF9fYXBwbGljYXRpb25fZmlsZV9zaGFyaW5nX2d1ZXN0IEFQUExJQ0FUSU9OX0ZJTEVfU0hBUklOR19CT09UX0RJUj1yZXN1bHRzL2V4cGVyaW1lbnRzL2FwcGxpY2F0aW9uLWZpbGUtc2hhcmluZy1ycTEvMjAyNjA3MjlUMTgyNFotdzEtZm9ybWFsMDEvYm9vdHMvcmVwZXRpdGlvbi0wMSBBUFBMSUNBVElPTl9GSUxFX1NIQVJJTkdfUlVOX0RJUj1yZXN1bHRzL2V4cGVyaW1lbnRzL2FwcGxpY2F0aW9uLWZpbGUtc2hhcmluZy1ycTEvMjAyNjA3MjlUMTgyNFotdzEtZm9ybWFsMDEgUlVOX0lEPTIwMjYwNzI5VDE4MjRaLXcxLWZvcm1hbDAxIA==` virtme_chdir=home/yunwei37/workspace/namei_ext rootfstype=9p rootflags=version=9p2000.L,trans=virtio,access=any raid=noautodetect ro quiet lo
[    0.000000] x86/CPU: Model not found in latest microcode list
[    0.000000] x86/split lock detection: #DB: warning on user-space bus_locks
[    0.000000] BIOS-provided physical RAM map:
[    0.000000] BIOS-e820: [mem 0x0000000000000000-0x000000000009fbff]  System RAM
[    0.000000] BIOS-e820: [mem 0x000000000009fc00-0x000000000009ffff]  device reserved
[    0.000000] BIOS-e820: [gap 0x00000000000a0000-0x00000000000effff]
[    0.000000] BIOS-e820: [mem 0x00000000000f0000-0x00000000000fffff]  device reserved
[    0.000000] BIOS-e820: [mem 0x0000000000100000-0x00000000bffdffff]  System RAM
[    0.000000] BIOS-e820: [mem 0x00000000bffe0000-0x00000000bfffffff]  device reserved
[    0.000000] BIOS-e820: [gap 0x00000000c0000000-0x00000000feffbfff]
[    0.000000] BIOS-e820: [mem 0x00000000feffc000-0x00000000feffffff]  device reserved
[    0.000000] BIOS-e820: [gap 0x00000000ff000000-0x00000000fffbffff]
[    0.000000] BIOS-e820: [mem 0x00000000fffc0000-0x00000000ffffffff]  device reserved
[    0.000000] BIOS-e820: [mem 0x0000000100000000-0x000000023fffffff]  System RAM
[    0.000000] printk: legacy bootconsole [earlyser0] enabled
[    0.000000] NX (Execute Disable) protection: active
[    0.000000] APIC: Static calls initialized
[    0.000000] DMI: SMBIOS 2.8 present.
[    0.000000] DMI: QEMU Standard PC (i440FX + PIIX, 1996), BIOS rel-1.16.3-0-ga6ed6b701f0a-prebuilt.qemu.org 04/01/2014
[    0.000000] DMI: Memory slots populated: 1/1
[    0.000000] Hypervisor detected: KVM
[    0.000000] last_pfn = 0xbffe0 max_arch_pfn = 0x400000000
[    0.000000] kvm-clock: Using msrs 4b564d01 and 4b564d00
[    0.000000] kvm-clock: using sched offset of 234318177 cycles
[    0.000314] clocksource: kvm-clock: mask: 0xffffffffffffffff max_cycles: 0x1cd42e4dffb, max_idle_ns: 881590591483 ns
[    0.001292] tsc: Detected 3686.400 MHz processor
[    0.001703] e820: update [mem 0x00000000-0x00000fff] System RAM ==> device reserved
[    0.001706] e820: remove [mem 0x000a0000-0x000fffff] System RAM
[    0.001709] last_pfn = 0x240000 max_arch_pfn = 0x400000000
[    0.002082] MTRR map: 4 entries (3 fixed + 1 variable; max 19), built from 8 variable MTRRs
[    0.002585] x86/PAT: Configuration [0-7]: WB  WC  UC- UC  WB  WP  UC- WT  
[    0.003219] last_pfn = 0xbffe0 max_arch_pfn = 0x400000000
[    0.006000] found SMP MP-table at [mem 0x000f5440-0x000f544f]
[    0.006354] Using GB pages for direct mapping
[    0.006819] ACPI: Early table checksum verification disabled
[    0.007170] ACPI: RSDP 0x00000000000F5240 000014 (v00 BOCHS )
[    0.007522] ACPI: RSDT 0x00000000BFFE2443 000034 (v01 BOCHS  BXPC     00000001 BXPC 00000001)
[    0.008036] ACPI: FACP 0x00000000BFFE22DF 000074 (v01 BOCHS  BXPC     00000001 BXPC 00000001)
[    0.008549] ACPI: DSDT 0x00000000BFFE0040 00229F (v01 BOCHS  BXPC     00000001 BXPC 00000001)
[    0.009060] ACPI: FACS 0x00000000BFFE0000 000040
[    0.009336] ACPI: APIC 0x00000000BFFE2353 000090 (v03 BOCHS  BXPC     00000001 BXPC 00000001)
[    0.009848] ACPI: HPET 0x00000000BFFE23E3 000038 (v01 BOCHS  BXPC     00000001 BXPC 00000001)
[    0.010358] ACPI: WAET 0x00000000BFFE241B 000028 (v01 BOCHS  BXPC     00000001 BXPC 00000001)
[    0.010870] ACPI: Reserving FACP table memory at [mem 0xbffe22df-0xbffe2352]
[    0.011291] ACPI: Reserving DSDT table memory at [mem 0xbffe0040-0xbffe22de]
[    0.011719] ACPI: Reserving FACS table memory at [mem 0xbffe0000-0xbffe003f]
[    0.012140] ACPI: Reserving APIC table memory at [mem 0xbffe2353-0xbffe23e2]
[    0.012564] ACPI: Reserving HPET table memory at [mem 0xbffe23e3-0xbffe241a]
[    0.012985] ACPI: Reserving WAET table memory at [mem 0xbffe241b-0xbffe2442]
[    0.013580] No NUMA configuration found
[    0.013809] Faking a node at [mem 0x0000000000000000-0x000000023fffffff]
[    0.014211] NODE_DATA(0) allocated [mem 0x23fffa680-0x23fffdfff]
[    0.014882] ACPI: PM-Timer IO Port: 0x608
[    0.015127] ACPI: LAPIC_NMI (acpi_id[0xff] dfl dfl lint[0x1])
[    0.015500] IOAPIC[0]: apic_id 0, version 17, address 0xfec00000, GSI 0-23
[    0.015912] ACPI: INT_SRC_OVR (bus 0 bus_irq 0 global_irq 2 dfl dfl)
[    0.016293] ACPI: INT_SRC_OVR (bus 0 bus_irq 5 global_irq 5 high level)
[    0.016691] ACPI: INT_SRC_OVR (bus 0 bus_irq 9 global_irq 9 high level)
[    0.017091] ACPI: INT_SRC_OVR (bus 0 bus_irq 10 global_irq 10 high level)
[    0.017500] ACPI: INT_SRC_OVR (bus 0 bus_irq 11 global_irq 11 high level)
[    0.017909] ACPI: Using ACPI (MADT) for SMP configuration information
[    0.018295] ACPI: HPET id: 0x8086a201 base: 0xfed00000
[    0.018606] TSC deadline timer available
[    0.018842] CPU topo: Max. logical packages:   1
[    0.019118] CPU topo: Max. logical nodes:      1
[    0.019394] CPU topo: Num. nodes per package:  1
[    0.019673] CPU topo: Max. logical dies:       1
[    0.019949] CPU topo: Max. dies per package:   1
[    0.020227] CPU topo: Max. threads per core:   1
[    0.020504] CPU topo: Num. cores per package:     4
[    0.020796] CPU topo: Num. threads per package:   4
[    0.021087] CPU topo: Allowing 4 present CPUs plus 0 hotplug CPUs
[    0.021464] kvm-guest: APIC: eoi() replaced with kvm_guest_apic_eoi_write()
[    0.021891] kvm-guest: KVM setup pv remote TLB flush
[    0.022190] kvm-guest: setup PV sched yield
[    0.022445] PM: hibernation: Registered nosave memory: [mem 0x00000000-0x00000fff]
[    0.022897] PM: hibernation: Registered nosave memory: [mem 0x0009f000-0x000fffff]
[    0.023350] PM: hibernation: Registered nosave memory: [mem 0xbffe0000-0xffffffff]
[    0.023808] [gap 0xc0000000-0xfeffbfff] available for PCI devices
[    0.024173] Booting paravirtualized kernel on KVM
[    0.024456] clocksource: refined-jiffies: mask: 0xffffffff max_cycles: 0xffffffff, max_idle_ns: 1910969940391419 ns
[    0.030179] Zone ranges:
[    0.030333]   DMA      [mem 0x0000000000001000-0x0000000000ffffff]
[    0.030707]   DMA32    [mem 0x0000000001000000-0x00000000ffffffff]
[    0.031078]   Normal   [mem 0x0000000100000000-0x000000023fffffff]
[    0.031451] Movable zone start for each node
[    0.031706] Early memory node ranges
[    0.031920]   node   0: [mem 0x0000000000001000-0x000000000009efff]
[    0.032295]   node   0: [mem 0x0000000000100000-0x00000000bffdffff]
[    0.032674]   node   0: [mem 0x0000000100000000-0x000000023fffffff]
[    0.033049] Initmem setup node 0 [mem 0x0000000000001000-0x000000023fffffff]
[    0.033636] On node 0, zone DMA: 1 pages in unavailable ranges
[    0.033996] On node 0, zone DMA: 97 pages in unavailable ranges
[    0.047953] On node 0, zone Normal: 32 pages in unavailable ranges
[    0.048342] setup_percpu: NR_CPUS:64 nr_cpumask_bits:4 nr_cpu_ids:4 nr_node_ids:1
[    0.049042] percpu: Embedded 54 pages/cpu s183960 r8192 d29032 u524288
[    0.049442] pcpu-alloc: s183960 r8192 d29032 u524288 alloc=1*2097152
[    0.049444] pcpu-alloc: [0] 0 1 2 3 
[    0.049472] Kernel command line: virtme_hostname=virtme-ng nr_open=1048576 virtme_initmount0=home/yunwei37/workspace/namei_ext virtme_rw_overlay0=/etc virtme_rw_overlay1=/lib virtme_rw_overlay2=/home virtme_rw_overlay3=/opt virtme_rw_overlay4=/srv virtme_rw_overlay5=/usr virtme_rw_overlay6=/var virtme_rw_overlay7=/tmp virtme_rw_overlay8=/tmp console=ttyS0 earlyprintk=serial,ttyS0,115200 quiet loglevel=0 panic=-1 virtme.exec=`bWFrZSAtQyAvaG9tZS95dW53ZWkzNy93b3Jrc3BhY2UvbmFtZWlfZXh0IF9fYXBwbGljYXRpb25fZmlsZV9zaGFyaW5nX2d1ZXN0IEFQUExJQ0FUSU9OX0ZJTEVfU0hBUklOR19CT09UX0RJUj1yZXN1bHRzL2V4cGVyaW1lbnRzL2FwcGxpY2F0aW9uLWZpbGUtc2hhcmluZy1ycTEvMjAyNjA3MjlUMTgyNFotdzEtZm9ybWFsMDEvYm9vdHMvcmVwZXRpdGlvbi0wMSBBUFBMSUNBVElPTl9GSUxFX1NIQVJJTkdfUlVOX0RJUj1yZXN1bHRzL2V4cGVyaW1lbnRzL2FwcGxpY2F0aW9uLWZpbGUtc2hhcmluZy1ycTEvMjAyNjA3MjlUMTgyNFotdzEtZm9ybWFsMDEgUlVOX0lEPTIwMjYwNzI5VDE4MjRaLXcxLWZvcm1hbDAxIA==` virtme_chdir=home/yunwei37/workspace/namei_ext rootfstype=9p rootflags=version=9p2000.L,trans=virtio,access=any raid=noautodetect ro \
[    0.049474] Kernel command line: quiet loglevel=1 loglevel=7 panic=30 oops=panic tsc=reliable clocksource=tsc init=/home/yunwei37/.local/lib/python3.12/site-packages/virtme/guest/bin/virtme-ng-init
[    0.056201] Unknown kernel command line parameters "virtme_hostname=virtme-ng nr_open=1048576 virtme_initmount0=home/yunwei37/workspace/namei_ext virtme_rw_overlay0=/etc virtme_rw_overlay1=/lib virtme_rw_overlay2=/home virtme_rw_overlay3=/opt virtme_rw_overlay4=/srv virtme_rw_overlay5=/usr virtme_rw_overlay6=/var virtme_rw_overlay7=/tmp virtme_rw_overlay8=/tmp virtme_chdir=home/yunwei37/workspace/namei_ext", will be passed to user space.
[    0.058582] random: crng init done
[    0.058789] printk: log buffer data + meta data: 262144 + 917504 = 1179648 bytes
[    0.060067] Dentry cache hash table entries: 1048576 (order: 11, 8388608 bytes, linear)
[    0.060978] Inode-cache hash table entries: 524288 (order: 10, 4194304 bytes, linear)
[    0.061521] software IO TLB: area num 4.
[    0.072511] Fallback order for Node 0: 0 
[    0.072516] Built 1 zonelists, mobility grouping on.  Total pages: 2097022
[    0.073147] Policy zone: Normal
[    0.073327] mem auto-init: stack:all(zero), heap alloc:off, heap free:off
[    0.082203] SLUB: HWalign=64, Order=0-3, MinObjects=0, CPUs=4, Nodes=1
[    0.083266] Dynamic Preempt: lazy
[    0.083688] rcu: Preemptible hierarchical RCU implementation.
[    0.084019] rcu: 	RCU event tracing is enabled.
[    0.084278] rcu: 	RCU restricting CPUs from NR_CPUS=64 to nr_cpu_ids=4.
[    0.084659] 	Trampoline variant of Tasks RCU enabled.
[    0.084947] 	Tracing variant of Tasks RCU enabled.
[    0.085221] rcu: RCU calculated value of scheduler-enlistment delay is 100 jiffies.
[    0.085660] rcu: Adjusting geometry for rcu_fanout_leaf=16, nr_cpu_ids=4
[    0.086048] RCU Tasks: Setting shift to 2 and lim to 1 rcu_task_cb_adjust=1 rcu_task_cpu_ids=4.
[    0.088679] NR_IRQS: 4352, nr_irqs: 456, preallocated irqs: 16
[    0.089187] rcu: srcu_init: Setting srcu_struct sizes based on contention.
[    0.089664] Console: colour *CGA 80x25
[    0.089901] printk: legacy console [ttyS0] enabled
[    0.090460] printk: legacy bootconsole [earlyser0] disabled
[    0.091114] ACPI: Core revision 20251212
[    0.091437] clocksource: hpet: mask: 0xffffffff max_cycles: 0xffffffff, max_idle_ns: 19112604467 ns
[    0.092068] APIC: Switch to symmetric I/O mode setup
[    0.092512] x2apic enabled
[    0.092860] APIC: Switched APIC routing to: physical x2apic
[    0.093220] kvm-guest: APIC: send_IPI_mask() replaced with kvm_send_ipi_mask()
[    0.093652] kvm-guest: APIC: send_IPI_mask_allbutself() replaced with kvm_send_ipi_mask_allbutself()
[    0.094205] kvm-guest: setup PV IPIs
[    0.095070] ..TIMER: vector=0x30 apic1=0 pin1=2 apic2=-1 pin2=-1
[    0.095459] clocksource: tsc-early: mask: 0xffffffffffffffff max_cycles: 0x6a464ae9873, max_idle_ns: 881590529744 ns
[    0.096087] Calibrating delay loop (skipped) preset value.. 7372.80 BogoMIPS (lpj=3686400)
[    0.096705] x86/cpu: User Mode Instruction Prevention (UMIP) activated
[    0.097085] Last level iTLB entries: 4KB 0, 2MB 0, 4MB 0
[    0.097086] Last level dTLB entries: 4KB 0, 2MB 0, 4MB 0, 1GB 0
[    0.097440] mitigations: Enabled attack vectors: user_kernel, user_user, SMT mitigations: auto
[    0.098086] Speculative Store Bypass: Mitigation: Speculative Store Bypass disabled via prctl
[    0.098588] Spectre V2 : Mitigation: Enhanced / Automatic IBRS
[    0.099086] Spectre V1 : Mitigation: usercopy/swapgs barriers and __user pointer sanitization
[    0.099598] Spectre V2 : mitigation: Enabling conditional Indirect Branch Prediction Barrier
[    0.100102] x86/fpu: Supporting XSAVE feature 0x001: 'x87 floating point registers'
[    0.100573] x86/fpu: Supporting XSAVE feature 0x002: 'SSE registers'
[    0.101086] x86/fpu: Supporting XSAVE feature 0x004: 'AVX registers'
[    0.101486] x86/fpu: Supporting XSAVE feature 0x200: 'Protection Keys User registers'
[    0.102086] x86/fpu: xstate_offset[2]:  576, xstate_sizes[2]:  256
[    0.102494] x86/fpu: xstate_offset[9]:  832, xstate_sizes[9]:    8
[    0.102872] x86/fpu: Enabled xstate features 0x207, context size is 840 bytes, using 'compacted' format.
[    0.120635] pid_max: default: 32768 minimum: 301
[    0.120989] SELinux:  Initializing.
[    0.121343] Mount-cache hash table entries: 16384 (order: 5, 131072 bytes, linear)
[    0.121815] Mountpoint-cache hash table entries: 16384 (order: 5, 131072 bytes, linear)
[    0.122136] VFS: Finished mounting rootfs on nullfs
[    0.122580] smpboot: CPU0: Intel(R) Core(TM) Ultra 9 285K (family: 0x6, model: 0xc6, stepping: 0x2)
[    0.123085] Performance Events: unsupported CPU family 6 model 198 no PMU driver, software events only.
[    0.123122] signal: max sigframe size: 3632
[    0.123400] rcu: Hierarchical SRCU implementation.
[    0.123696] rcu: 	Max phase no-delay instances is 400.
[    0.124032] Timer migration: 1 hierarchy levels; 8 children per group; 1 crossnode level
[    0.124189] smp: Bringing up secondary CPUs ...
[    0.124543] smpboot: x86: Booting SMP configuration:
[    0.124885] .... node  #0, CPUs:      #1 #2 #3
[    0.126273] smp: Brought up 1 node, 4 CPUs
[    0.126851] smpboot: Total of 4 processors activated (29491.20 BogoMIPS)
[    0.127342] Memory: 8122232K/8388088K available (20133K kernel code, 3048K rwdata, 14964K rodata, 3032K init, 632K bss, 261280K reserved, 0K cma-reserved)
[    0.128293] devtmpfs: initialized
[    0.128458] clocksource: jiffies: mask: 0xffffffff max_cycles: 0xffffffff, max_idle_ns: 1911260446275000 ns
[    0.129089] posixtimers hash table entries: 2048 (order: 3, 32768 bytes, linear)
[    0.129559] futex hash table entries: 1024 (65536 bytes on 1 NUMA nodes, total 64 KiB, linear).
[    0.130155] PM: RTC time: 18:23:16, date: 2026-07-29
[    0.131091] NET: Registered PF_NETLINK/PF_ROUTE protocol family
[    0.131526] audit: initializing netlink subsys (disabled)
[    0.131865] audit: type=2000 audit(1785349396.813:1): state=initialized audit_enabled=0 res=1
[    0.132118] thermal_sys: Registered thermal governor 'step_wise'
[    0.132836] cpuidle: using governor menu
[    0.133515] Freeing SMP alternatives memory: 60K
[    0.134168] PCI: Using configuration type 1 for base access
[    0.134563] kprobes: kprobe jump-optimization is enabled. All kprobes are optimized if possible.
[    0.135302] HugeTLB: registered 2.00 MiB page size, pre-allocated 0 pages
[    0.135552] HugeTLB: 28 KiB vmemmap can be freed for a 2.00 MiB page
[    0.136353] ACPI: Added _OSI(Module Device)
[    0.136616] ACPI: Added _OSI(Processor Device)
[    0.136891] ACPI: Added _OSI(Processor Aggregator Device)
[    0.137522] ACPI: 1 ACPI AML tables successfully acquired and loaded
[    0.139091] ACPI: \_SB_: platform _OSC: OS support mask [002a7eee]
[    0.140156] ACPI: Interpreter enabled
[    0.140426] ACPI: PM: (supports S0 S3 S4 S5)
[    0.140709] ACPI: Using IOAPIC for interrupt routing
[    0.141022] PCI: Using host bridge windows from ACPI; if necessary, use "pci=nocrs" and report a bug
[    0.141087] PCI: Using E820 reservations for host bridge windows
[    0.141514] ACPI: Enabled 2 GPEs in block 00 to 0F
[    0.142922] ACPI: PCI Root Bridge [PCI0] (domain 0000 [bus 00-ff])
[    0.143089] acpi PNP0A03:00: _OSC: OS supports [ASPM ClockPM Segments MSI HPX-Type3]
[    0.143565] acpi PNP0A03:00: _OSC: not requesting OS control; OS requires [ExtendedConfig ASPM ClockPM MSI]
[    0.144088] acpi PNP0A03:00: _OSC: platform retains control of PCIe features (AE_ERROR)
[    0.144579] acpi PNP0A03:00: fail to add MMCONFIG information, can't access extended configuration space under this bridge
[    0.145148] PCI host bridge to bus 0000:00
[    0.145403] pci_bus 0000:00: root bus resource [io  0x0000-0x0cf7 window]
[    0.145862] pci_bus 0000:00: root bus resource [io  0x0d00-0xffff window]
[    0.146087] pci_bus 0000:00: root bus resource [mem 0x000a0000-0x000bffff window]
[    0.146570] pci_bus 0000:00: root bus resource [mem 0xc0000000-0xfebfffff window]
[    0.147051] pci_bus 0000:00: root bus resource [mem 0x380000000000-0x38007fffffff window]
[    0.147087] pci_bus 0000:00: root bus resource [bus 00-ff]
[    0.147451] pci 0000:00:00.0: [8086:1237] type 00 class 0x060000 conventional PCI endpoint
[    0.148257] pci 0000:00:01.0: [8086:7000] type 00 class 0x060100 conventional PCI endpoint
[    0.149092] pci 0000:00:01.1: [8086:7010] type 00 class 0x010180 conventional PCI endpoint
[    0.150380] pci 0000:00:01.1: BAR 4 [io  0xc200-0xc20f]
[    0.150724] pci 0000:00:01.1: BAR 0 [io  0x01f0-0x01f7]: legacy IDE quirk
[    0.151087] pci 0000:00:01.1: BAR 1 [io  0x03f6]: legacy IDE quirk
[    0.151467] pci 0000:00:01.1: BAR 2 [io  0x0170-0x0177]: legacy IDE quirk
[    0.151898] pci 0000:00:01.1: BAR 3 [io  0x0376]: legacy IDE quirk
[    0.152178] pci 0000:00:01.3: [8086:7113] type 00 class 0x068000 conventional PCI endpoint
[    0.152937] pci 0000:00:01.3: quirk: [io  0x0600-0x063f] claimed by PIIX4 ACPI
[    0.153091] pci 0000:00:01.3: quirk: [io  0x0700-0x070f] claimed by PIIX4 SMB
[    0.153727] pci 0000:00:02.0: [1af4:1009] type 00 class 0x000200 conventional PCI endpoint
[    0.155391] pci 0000:00:02.0: BAR 0 [io  0xc000-0xc03f]
[    0.155738] pci 0000:00:02.0: BAR 1 [mem 0xfebf7000-0xfebf7fff]
[    0.156104] pci 0000:00:02.0: BAR 4 [mem 0x380000000000-0x380000003fff 64bit pref]
[    0.157213] pci 0000:00:03.0: [1af4:1009] type 00 class 0x000200 conventional PCI endpoint
[    0.158730] pci 0000:00:03.0: BAR 0 [io  0xc040-0xc07f]
[    0.159076] pci 0000:00:03.0: BAR 1 [mem 0xfebf8000-0xfebf8fff]
[    0.159104] pci 0000:00:03.0: BAR 4 [mem 0x380000004000-0x380000007fff 64bit pref]
[    0.160078] pci 0000:00:04.0: [8086:25ab] type 00 class 0x088000 conventional PCI endpoint
[    0.160659] pci 0000:00:04.0: BAR 0 [mem 0xfebf9000-0xfebf900f]
[    0.161387] pci 0000:00:05.0: [1af4:1003] type 00 class 0x078000 conventional PCI endpoint
[    0.162941] pci 0000:00:05.0: BAR 0 [io  0xc080-0xc0bf]
[    0.163091] pci 0000:00:05.0: BAR 1 [mem 0xfebfa000-0xfebfafff]
[    0.163473] pci 0000:00:05.0: BAR 4 [mem 0x380000008000-0x38000000bfff 64bit pref]
[    0.164663] pci 0000:00:06.0: [1af4:1003] type 00 class 0x078000 conventional PCI endpoint
[    0.165996] pci 0000:00:06.0: BAR 0 [io  0xc0c0-0xc0ff]
[    0.166091] pci 0000:00:06.0: BAR 1 [mem 0xfebfb000-0xfebfbfff]
[    0.166474] pci 0000:00:06.0: BAR 4 [mem 0x38000000c000-0x38000000ffff 64bit pref]
[    0.167501] pci 0000:00:07.0: [1af4:1003] type 00 class 0x078000 conventional PCI endpoint
[    0.168670] pci 0000:00:07.0: BAR 0 [io  0xc100-0xc13f]
[    0.169021] pci 0000:00:07.0: BAR 1 [mem 0xfebfc000-0xfebfcfff]
[    0.169104] pci 0000:00:07.0: BAR 4 [mem 0x380000010000-0x380000013fff 64bit pref]
[    0.170149] pci 0000:00:08.0: [1af4:1003] type 00 class 0x078000 conventional PCI endpoint
[    0.171986] pci 0000:00:08.0: BAR 0 [io  0xc140-0xc17f]
[    0.172091] pci 0000:00:08.0: BAR 1 [mem 0xfebfd000-0xfebfdfff]
[    0.172473] pci 0000:00:08.0: BAR 4 [mem 0x380000014000-0x380000017fff 64bit pref]
[    0.173623] pci 0000:00:09.0: [1af4:1003] type 00 class 0x078000 conventional PCI endpoint
[    0.174933] pci 0000:00:09.0: BAR 0 [io  0xc180-0xc1bf]
[    0.175091] pci 0000:00:09.0: BAR 1 [mem 0xfebfe000-0xfebfefff]
[    0.175476] pci 0000:00:09.0: BAR 4 [mem 0x380000018000-0x38000001bfff 64bit pref]
[    0.176512] pci 0000:00:0a.0: [1af4:1003] type 00 class 0x078000 conventional PCI endpoint
[    0.177645] pci 0000:00:0a.0: BAR 0 [io  0xc1c0-0xc1ff]
[    0.177970] pci 0000:00:0a.0: BAR 1 [mem 0xfebff000-0xfebfffff]
[    0.178104] pci 0000:00:0a.0: BAR 4 [mem 0x38000001c000-0x38000001ffff 64bit pref]
[    0.180569] ACPI: PCI: Interrupt link LNKA configured for IRQ 10
[    0.181011] ACPI: PCI: Interrupt link LNKB configured for IRQ 10
[    0.181129] ACPI: PCI: Interrupt link LNKC configured for IRQ 11
[    0.181581] ACPI: PCI: Interrupt link LNKD configured for IRQ 11
[    0.182110] ACPI: PCI: Interrupt link LNKS configured for IRQ 9
[    0.182685] iommu: Default domain type: Translated
[    0.182985] iommu: DMA domain TLB invalidation policy: lazy mode
[    0.185130] SCSI subsystem initialized
[    0.185407] libata version 3.00 loaded.
[    0.185407] ACPI: bus type USB registered
[    0.185407] usbcore: registered new interface driver usbfs
[    0.186091] usbcore: registered new interface driver hub
[    0.186423] usbcore: registered new device driver usb
[    0.186743] pps_core: LinuxPPS API ver. 1 registered
[    0.187056] pps_core: Software ver. 5.3.6 - Copyright 2005-2007 Rodolfo Giometti <giometti@linux.it>
[    0.187087] PTP clock support registered
[    0.187339] Advanced Linux Sound Architecture Driver Initialized.
[    0.187630] NetLabel: Initializing
[    0.188087] NetLabel:  domain hash size = 128
[    0.188357] NetLabel:  protocols = UNLABELED CIPSOv4 CALIPSO
[    0.188732] NetLabel:  unlabeled traffic allowed by default
[    0.189090] PCI: Using ACPI for IRQ routing
[    0.189349] PCI: pci_cache_line_size set to 64 bytes
[    0.189470] e820: register RAM buffer resource [mem 0x0009fc00-0x0009ffff]
[    0.189893] e820: register RAM buffer resource [mem 0xbffe0000-0xbfffffff]
[    0.190099] vgaarb: loaded
[    0.190334] hpet0: at MMIO 0xfed00000, IRQs 2, 8, 0
[    0.190643] hpet0: 3 comparators, 64-bit 100.000000 MHz counter
[    0.194111] clocksource: Switched to clocksource kvm-clock
[    0.194514] VFS: Disk quotas dquot_6.6.0
[    0.194762] VFS: Dquot-cache hash table entries: 512 (order 0, 4096 bytes)
[    0.195330] pnp: PnP ACPI init
[    0.195688] pnp 00:02: [dma 2]
[    0.195861] pnp: PnP ACPI: found 4 devices
[    0.202298] clocksource: acpi_pm: mask: 0xffffff max_cycles: 0xffffff, max_idle_ns: 2085701024 ns
[    0.203091] NET: Registered PF_INET protocol family
[    0.203734] IP idents hash table entries: 131072 (order: 8, 1048576 bytes, linear)
[    0.215907] tcp_listen_portaddr_hash hash table entries: 4096 (order: 4, 65536 bytes, linear)
[    0.216657] Table-perturb hash table entries: 65536 (order: 6, 262144 bytes, linear)
[    0.217328] TCP established hash table entries: 65536 (order: 7, 524288 bytes, linear)
[    0.218028] TCP bind hash table entries: 65536 (order: 9, 2097152 bytes, linear)
[    0.218758] TCP: Hash tables configured (established 65536 bind 65536)
[    0.219346] UDP hash table entries: 4096 (order: 6, 262144 bytes, linear)
[    0.219970] NET: Registered PF_UNIX/PF_LOCAL protocol family
[    0.220856] RPC: Registered named UNIX socket transport module.
[    0.221370] RPC: Registered udp transport module.
[    0.221778] RPC: Registered tcp transport module.
[    0.222177] RPC: Registered tcp-with-tls transport module.
[    0.222645] RPC: Registered tcp NFSv4.1 backchannel transport module.
[    0.223514] pci_bus 0000:00: resource 4 [io  0x0000-0x0cf7 window]
[    0.224054] pci_bus 0000:00: resource 5 [io  0x0d00-0xffff window]
[    0.224586] pci_bus 0000:00: resource 6 [mem 0x000a0000-0x000bffff window]
[    0.225188] pci_bus 0000:00: resource 7 [mem 0xc0000000-0xfebfffff window]
[    0.225774] pci_bus 0000:00: resource 8 [mem 0x380000000000-0x38007fffffff window]
[    0.226468] pci 0000:00:01.0: PIIX3: Enabling Passive Release
[    0.226974] pci 0000:00:00.0: Limiting direct PCI/PCI transfers
[    0.227575] PCI: CLS 0 bytes, default 64
[    0.227955] PCI-DMA: Using software bounce buffering for IO (SWIOTLB)
[    0.228524] software IO TLB: mapped [mem 0x00000000bbfe0000-0x00000000bffe0000] (64MB)
[    0.229272] RAPL PMU: API unit is 2^-32 Joules, 0 fixed counters, 10737418240 ms ovfl timer
[    0.230004] clocksource: tsc: mask: 0xffffffffffffffff max_cycles: 0x6a464ae9873, max_idle_ns: 881590529744 ns
[    0.230933] clocksource: Switched to clocksource tsc
[    0.235939] Initialise system trusted keyrings
[    0.236307] workingset: timestamp_bits=56 (anon: 52) max_order=21 bucket_order=0 (anon: 0)
[    0.237144] NFS: Registering the id_resolver key type
[    0.237463] Key type id_resolver registered
[    0.237728] Key type id_legacy registered
[    0.238000] nfs4filelayout_init: NFSv4 File Layout Driver Registering...
[    0.238417] nfs4flexfilelayout_init: NFSv4 Flexfile Layout Driver Registering...
[    0.238905] fuse: init (API version 7.45)
[    0.239179] 9p: Installing v9fs 9p2000 file system support
[    0.239674] Key type asymmetric registered
[    0.239931] Asymmetric key parser 'x509' registered
[    0.240290] Block layer SCSI generic (bsg) driver version 0.4 loaded (major 251)
[    0.240756] io scheduler mq-deadline registered
[    0.241054] io scheduler kyber registered
[    0.241537] input: Power Button as /devices/platform/LNXPWRBN:00/input/input0
[    0.242011] ACPI: button: Power Button [PWRF]
[    0.243188] ACPI: \_SB_.LNKB: Enabled at IRQ 10
[    0.244552] ACPI: \_SB_.LNKC: Enabled at IRQ 11
[    0.245820] ACPI: \_SB_.LNKA: Enabled at IRQ 10
[    0.248931] ACPI: \_SB_.LNKD: Enabled at IRQ 11
[    0.251961] Serial: 8250/16550 driver, 4 ports, IRQ sharing enabled
[    0.252513] 00:03: ttyS0 at I/O 0x3f8 (irq = 4, base_baud = 115200) is a 16550A
[    0.319003] Non-volatile memory driver v1.3
[    0.319335] ACPI: bus type drm_connector registered
[    0.321047] loop: module loaded
[    0.321963] scsi host0: ata_piix
[    0.322233] scsi host1: ata_piix
[    0.322450] ata1: PATA max MWDMA2 cmd 0x1f0 ctl 0x3f6 bmdma 0xc200 irq 14 lpm-pol 0
[    0.322926] ata2: PATA max MWDMA2 cmd 0x170 ctl 0x376 bmdma 0xc208 irq 15 lpm-pol 0
[    0.323510] e100: Intel(R) PRO/100 Network Driver
[    0.323865] e100: Copyright(c) 1999-2006 Intel Corporation
[    0.324261] e1000: Intel(R) PRO/1000 Network Driver
[    0.324626] e1000: Copyright (c) 1999-2006 Intel Corporation.
[    0.325007] e1000e: Intel(R) PRO/1000 Network Driver
[    0.325317] e1000e: Copyright(c) 1999 - 2015 Intel Corporation.
[    0.325691] sky2: driver version 1.30
[    0.326021] usbcore: registered new interface driver usblp
[    0.326388] usbcore: registered new interface driver usb-storage
[    0.326780] i8042: PNP: PS/2 Controller [PNP0303:KBD,PNP0f13:MOU] at 0x60,0x64 irq 1,12
[    0.327760] serio: i8042 KBD port at 0x60,0x64 irq 1
[    0.328093] serio: i8042 AUX port at 0x60,0x64 irq 12
[    0.328554] rtc_cmos PNP0B00:00: RTC can wake from S4
[    0.329228] rtc_cmos PNP0B00:00: registered as rtc0
[    0.329612] rtc_cmos PNP0B00:00: alarms up to one day, y3k, 242 bytes nvram, hpet irqs
[    0.330305] device-mapper: ioctl: 4.50.0-ioctl (2025-04-28) initialised: dm-devel@lists.linux.dev
[    0.330881] input: AT Translated Set 2 keyboard as /devices/platform/i8042/serio0/input/input1
[    0.331499] intel_pstate: CPU model not supported
[    0.331802] hid: raw HID events driver (C) Jiri Kosina
[    0.332289] usbcore: registered new interface driver usbhid
[    0.332650] usbhid: USB HID core driver
[    0.333903] Initializing XFRM netlink socket
[    0.334441] NET: Registered PF_INET6 protocol family
[    0.335070] Segment Routing with IPv6
[    0.335408] In-situ OAM (IOAM) with IPv6
[    0.335788] NET: Registered PF_PACKET protocol family
[    0.336274] 9pnet: Installing 9P2000 support
[    0.338294] Key type dns_resolver registered
[    0.339227] IPI shorthand broadcast: enabled
[    0.341445] sched_clock: Marking stable (338001188, 2495028)->(353668826, -13172610)
[    0.342566] registered taskstats version 1
[    0.343032] Loading compiled-in X.509 certificates
[    0.344690] Demotion targets for Node 0: null
[    0.345398] PM:   Magic number: 2:918:393
[    0.345798] netconsole: network logging started
[    0.346361] cfg80211: Loading compiled-in X.509 certificates for regulatory database
[    0.347307] kworker/u16:0 (66) used greatest stack depth: 14480 bytes left
[    0.347554] Loaded X.509 cert 'sforshee: 00b28ddf47aef9cea7'
[    0.348562] Loaded X.509 cert 'wens: 61c038651aabdcf94bd0ac7ff06c7248db18c600'
[    0.349223] ALSA device list:
[    0.349487]   No soundcards found.
[    0.349807] faux_driver regulatory: Direct firmware load for regulatory.db failed with error -2
[    0.350579] cfg80211: failed to load regulatory.db
[    0.475720] ata2: found unknown device (class 0)
[    0.476554] ata2.00: ATAPI: QEMU DVD-ROM, 2.5+, max UDMA/100
[    0.477765] scsi 1:0:0:0: CD-ROM            QEMU     QEMU DVD-ROM     2.5+ PQ: 0 ANSI: 5
[    0.493935] sr 1:0:0:0: [sr0] scsi3-mmc drive: 4x/4x cd/rw xa/form2 tray
[    0.506974] cdrom: Uniform CD-ROM driver Revision: 3.20
[    0.514166] sr 1:0:0:0: Attached scsi CD-ROM sr0
[    0.514293] sr 1:0:0:0: Attached scsi generic sg0 type 5
[    0.748094] input: ImExPS/2 Generic Explorer Mouse as /devices/platform/i8042/serio1/input/input3
[    0.748893] md: Skipping autodetection of RAID arrays. (raid=autodetect will force)
[    0.749400] 9p: Bad value for 'source'
[    0.750654] VFS: Mounted root (9p filesystem) readonly on device 0:20.
[    0.751680] devtmpfs: mounted
[    0.751899] VFS: Pivoted into new rootfs
[    0.752923] Freeing unused kernel image (initmem) memory: 3032K
[    0.753272] Write protecting the kernel read-only data: 36864k
[    0.754177] Freeing unused kernel image (text/rodata gap) memory: 344K
[    0.755054] Freeing unused kernel image (rodata/data gap) memory: 1420K
[    0.760466] x86/mm: Checked W+X mappings: passed, no W+X pages found.
[    0.760838] Run /home/yunwei37/.local/lib/python3.12/site-packages/virtme/guest/bin/virtme-ng-init as init process
[    0.761445]   with arguments:
[    0.761446]     /home/yunwei37/.local/lib/python3.12/site-packages/virtme/guest/bin/virtme-ng-init
[    0.761447]   with environment:
[    0.761447]     HOME=/
[    0.761448]     TERM=linux
[    0.761448]     virtme_hostname=virtme-ng
[    0.761449]     nr_open=1048576
[    0.761450]     virtme_initmount0=home/yunwei37/workspace/namei_ext
[    0.761450]     virtme_rw_overlay0=/etc
[    0.761451]     virtme_rw_overlay1=/lib
[    0.761451]     virtme_rw_overlay2=/home
[    0.761452]     virtme_rw_overlay3=/opt
[    0.761452]     virtme_rw_overlay4=/srv
[    0.761453]     virtme_rw_overlay5=/usr
[    0.761453]     virtme_rw_overlay6=/var
[    0.761454]     virtme_rw_overlay7=/tmp
[    0.761455]     virtme_rw_overlay8=/tmp
[    0.761455]     virtme_chdir=home/yunwei37/workspace/namei_ext
[    0.781144] virtme-ng-init: mount devtmpfs -> /dev: EBUSY: Device or resource busy
[    1.159931] systemd-tmpfile (72) used greatest stack depth: 13000 bytes left
[    1.160109] virtme-ng-init: Failed to open path '/var/lib/containers/storage': Permission denied
               Failed to opendir() '/proc/self/fd/5': Permission denied
[    1.181559] ip (76) used greatest stack depth: 12216 bytes left
[    1.187193] virtme-ng-init: Starting systemd-udevd version 255.4-1ubuntu8.16
[    1.187527] virtme-ng-init: triggering udev coldplug
[    2.009980] virtme-ng-init: waiting for udev to settle
[    2.181694] virtme-ng-init: udev is done
[    2.182753] virtme-ng-init: initialization done
