[    0.000000] Linux version 7.1.0-rc7-g621aff8d1bb5 (yunwei37@lab) (gcc (Ubuntu 13.3.0-6ubuntu2~24.04.1) 13.3.0, GNU ld (GNU Binutils for Ubuntu) 2.42) #1 SMP PREEMPT_DYNAMIC Wed Jul 29 05:35:23 PDT 2026
[    0.000000] Command line: virtme_hostname=virtme-ng nr_open=1048576 virtme_initmount0=home/yunwei37/workspace/namei_ext virtme_rw_overlay0=/etc virtme_rw_overlay1=/lib virtme_rw_overlay2=/home virtme_rw_overlay3=/opt virtme_rw_overlay4=/srv virtme_rw_overlay5=/usr virtme_rw_overlay6=/var virtme_rw_overlay7=/tmp virtme_rw_overlay8=/tmp console=ttyS0 earlyprintk=serial,ttyS0,115200 quiet loglevel=0 panic=-1 virtme.exec=`bWFrZSAtQyAvaG9tZS95dW53ZWkzNy93b3Jrc3BhY2UvbmFtZWlfZXh0IF9fdG9vbGNoYWluX2Vudmlyb25tZW50X2d1ZXN0IFRPT0xDSEFJTl9FTlZfQk9PVF9ESVI9cmVzdWx0cy9leHBlcmltZW50cy90b29sY2hhaW4tZW52aXJvbm1lbnQvMjAyNjA3MjlUMTcxNTUxWi10b29sY2hhaW4tZm9ybWFsMDEvYm9vdHMvcmVwZXRpdGlvbi0wMiBUT09MQ0hBSU5fRU5WX1JVTl9ESVI9cmVzdWx0cy9leHBlcmltZW50cy90b29sY2hhaW4tZW52aXJvbm1lbnQvMjAyNjA3MjlUMTcxNTUxWi10b29sY2hhaW4tZm9ybWFsMDEgUlVOX0lEPTIwMjYwNzI5VDE3MTU1MVotdG9vbGNoYWluLWZvcm1hbDAxIA==` virtme_chdir=home/yunwei37/workspace/namei_ext rootfstype=9p rootflags=version=9p2000.L,trans=virtio,access=any raid=noautodetect ro quiet loglevel=1 logleve
[    0.000000] x86/CPU: Model not found in latest microcode list
[    0.000000] x86/split lock detection: #DB: warning on user-space bus_locks
[    0.000000] BIOS-provided physical RAM map:
[    0.000000] BIOS-e820: [mem 0x0000000000000000-0x000000000009fbff]  System RAM
[    0.000000] BIOS-e820: [mem 0x000000000009fc00-0x000000000009ffff]  device reserved
[    0.000000] BIOS-e820: [gap 0x00000000000a0000-0x00000000000effff]
[    0.000000] BIOS-e820: [mem 0x00000000000f0000-0x00000000000fffff]  device reserved
[    0.000000] BIOS-e820: [mem 0x0000000000100000-0x00000000bffdffff]  System RAM
[    0.000000] BIOS-e820: [mem 0x00000000bffe0000-0x00000000bfffffff]  device reserved
[    0.000000] BIOS-e820: [gap 0x00000000c0000000-0x00000000feffbfff]
[    0.000000] BIOS-e820: [mem 0x00000000feffc000-0x00000000feffffff]  device reserved
[    0.000000] BIOS-e820: [gap 0x00000000ff000000-0x00000000fffbffff]
[    0.000000] BIOS-e820: [mem 0x00000000fffc0000-0x00000000ffffffff]  device reserved
[    0.000000] BIOS-e820: [mem 0x0000000100000000-0x000000023fffffff]  System RAM
[    0.000000] printk: legacy bootconsole [earlyser0] enabled
[    0.000000] NX (Execute Disable) protection: active
[    0.000000] APIC: Static calls initialized
[    0.000000] DMI: SMBIOS 2.8 present.
[    0.000000] DMI: QEMU Standard PC (i440FX + PIIX, 1996), BIOS rel-1.16.3-0-ga6ed6b701f0a-prebuilt.qemu.org 04/01/2014
[    0.000000] DMI: Memory slots populated: 1/1
[    0.000000] Hypervisor detected: KVM
[    0.000000] last_pfn = 0xbffe0 max_arch_pfn = 0x400000000
[    0.000000] kvm-clock: Using msrs 4b564d01 and 4b564d00
[    0.000000] kvm-clock: using sched offset of 231108192 cycles
[    0.000315] clocksource: kvm-clock: mask: 0xffffffffffffffff max_cycles: 0x1cd42e4dffb, max_idle_ns: 881590591483 ns
[    0.001293] tsc: Detected 3686.400 MHz processor
[    0.001704] e820: update [mem 0x00000000-0x00000fff] System RAM ==> device reserved
[    0.001707] e820: remove [mem 0x000a0000-0x000fffff] System RAM
[    0.001710] last_pfn = 0x240000 max_arch_pfn = 0x400000000
[    0.002095] MTRR map: 4 entries (3 fixed + 1 variable; max 19), built from 8 variable MTRRs
[    0.002598] x86/PAT: Configuration [0-7]: WB  WC  UC- UC  WB  WP  UC- WT  
[    0.003233] last_pfn = 0xbffe0 max_arch_pfn = 0x400000000
[    0.006208] found SMP MP-table at [mem 0x000f5440-0x000f544f]
[    0.006560] Using GB pages for direct mapping
[    0.006909] ACPI: Early table checksum verification disabled
[    0.007277] ACPI: RSDP 0x00000000000F5240 000014 (v00 BOCHS )
[    0.007626] ACPI: RSDT 0x00000000BFFE2443 000034 (v01 BOCHS  BXPC     00000001 BXPC 00000001)
[    0.008143] ACPI: FACP 0x00000000BFFE22DF 000074 (v01 BOCHS  BXPC     00000001 BXPC 00000001)
[    0.008657] ACPI: DSDT 0x00000000BFFE0040 00229F (v01 BOCHS  BXPC     00000001 BXPC 00000001)
[    0.009170] ACPI: FACS 0x00000000BFFE0000 000040
[    0.009448] ACPI: APIC 0x00000000BFFE2353 000090 (v03 BOCHS  BXPC     00000001 BXPC 00000001)
[    0.009961] ACPI: HPET 0x00000000BFFE23E3 000038 (v01 BOCHS  BXPC     00000001 BXPC 00000001)
[    0.010473] ACPI: WAET 0x00000000BFFE241B 000028 (v01 BOCHS  BXPC     00000001 BXPC 00000001)
[    0.010987] ACPI: Reserving FACP table memory at [mem 0xbffe22df-0xbffe2352]
[    0.011409] ACPI: Reserving DSDT table memory at [mem 0xbffe0040-0xbffe22de]
[    0.011833] ACPI: Reserving FACS table memory at [mem 0xbffe0000-0xbffe003f]
[    0.012256] ACPI: Reserving APIC table memory at [mem 0xbffe2353-0xbffe23e2]
[    0.012679] ACPI: Reserving HPET table memory at [mem 0xbffe23e3-0xbffe241a]
[    0.013104] ACPI: Reserving WAET table memory at [mem 0xbffe241b-0xbffe2442]
[    0.013690] No NUMA configuration found
[    0.013921] Faking a node at [mem 0x0000000000000000-0x000000023fffffff]
[    0.014324] NODE_DATA(0) allocated [mem 0x23fffc680-0x23fffffff]
[    0.015150] ACPI: PM-Timer IO Port: 0x608
[    0.015413] ACPI: LAPIC_NMI (acpi_id[0xff] dfl dfl lint[0x1])
[    0.015784] IOAPIC[0]: apic_id 0, version 17, address 0xfec00000, GSI 0-23
[    0.016199] ACPI: INT_SRC_OVR (bus 0 bus_irq 0 global_irq 2 dfl dfl)
[    0.016580] ACPI: INT_SRC_OVR (bus 0 bus_irq 5 global_irq 5 high level)
[    0.016978] ACPI: INT_SRC_OVR (bus 0 bus_irq 9 global_irq 9 high level)
[    0.017375] ACPI: INT_SRC_OVR (bus 0 bus_irq 10 global_irq 10 high level)
[    0.017782] ACPI: INT_SRC_OVR (bus 0 bus_irq 11 global_irq 11 high level)
[    0.018260] ACPI: Using ACPI (MADT) for SMP configuration information
[    0.018646] ACPI: HPET id: 0x8086a201 base: 0xfed00000
[    0.018957] TSC deadline timer available
[    0.019193] CPU topo: Max. logical packages:   1
[    0.019470] CPU topo: Max. logical nodes:      1
[    0.019747] CPU topo: Num. nodes per package:  1
[    0.020027] CPU topo: Max. logical dies:       1
[    0.020304] CPU topo: Max. dies per package:   1
[    0.020581] CPU topo: Max. threads per core:   1
[    0.020860] CPU topo: Num. cores per package:     4
[    0.021152] CPU topo: Num. threads per package:   4
[    0.021443] CPU topo: Allowing 4 present CPUs plus 0 hotplug CPUs
[    0.021817] kvm-guest: APIC: eoi() replaced with kvm_guest_apic_eoi_write()
[    0.022244] kvm-guest: KVM setup pv remote TLB flush
[    0.022544] kvm-guest: setup PV sched yield
[    0.022798] PM: hibernation: Registered nosave memory: [mem 0x00000000-0x00000fff]
[    0.023254] PM: hibernation: Registered nosave memory: [mem 0x0009f000-0x000fffff]
[    0.023710] PM: hibernation: Registered nosave memory: [mem 0xbffe0000-0xffffffff]
[    0.024167] [gap 0xc0000000-0xfeffbfff] available for PCI devices
[    0.024532] Booting paravirtualized kernel on KVM
[    0.024815] clocksource: refined-jiffies: mask: 0xffffffff max_cycles: 0xffffffff, max_idle_ns: 1910969940391419 ns
[    0.030508] Zone ranges:
[    0.030682]   DMA      [mem 0x0000000000001000-0x0000000000ffffff]
[    0.031061]   DMA32    [mem 0x0000000001000000-0x00000000ffffffff]
[    0.031433]   Normal   [mem 0x0000000100000000-0x000000023fffffff]
[    0.031805] Movable zone start for each node
[    0.032063] Early memory node ranges
[    0.032276]   node   0: [mem 0x0000000000001000-0x000000000009efff]
[    0.032652]   node   0: [mem 0x0000000000100000-0x00000000bffdffff]
[    0.033031]   node   0: [mem 0x0000000100000000-0x000000023fffffff]
[    0.033407] Initmem setup node 0 [mem 0x0000000000001000-0x000000023fffffff]
[    0.034008] On node 0, zone DMA: 1 pages in unavailable ranges
[    0.034369] On node 0, zone DMA: 97 pages in unavailable ranges
[    0.047856] On node 0, zone Normal: 32 pages in unavailable ranges
[    0.048245] setup_percpu: NR_CPUS:64 nr_cpumask_bits:4 nr_cpu_ids:4 nr_node_ids:1
[    0.048936] percpu: Embedded 54 pages/cpu s183960 r8192 d29032 u524288
[    0.049369] pcpu-alloc: s183960 r8192 d29032 u524288 alloc=1*2097152
[    0.049371] pcpu-alloc: [0] 0 1 2 3 
[    0.049398] Kernel command line: virtme_hostname=virtme-ng nr_open=1048576 virtme_initmount0=home/yunwei37/workspace/namei_ext virtme_rw_overlay0=/etc virtme_rw_overlay1=/lib virtme_rw_overlay2=/home virtme_rw_overlay3=/opt virtme_rw_overlay4=/srv virtme_rw_overlay5=/usr virtme_rw_overlay6=/var virtme_rw_overlay7=/tmp virtme_rw_overlay8=/tmp console=ttyS0 earlyprintk=serial,ttyS0,115200 quiet loglevel=0 panic=-1 virtme.exec=`bWFrZSAtQyAvaG9tZS95dW53ZWkzNy93b3Jrc3BhY2UvbmFtZWlfZXh0IF9fdG9vbGNoYWluX2Vudmlyb25tZW50X2d1ZXN0IFRPT0xDSEFJTl9FTlZfQk9PVF9ESVI9cmVzdWx0cy9leHBlcmltZW50cy90b29sY2hhaW4tZW52aXJvbm1lbnQvMjAyNjA3MjlUMTcxNTUxWi10b29sY2hhaW4tZm9ybWFsMDEvYm9vdHMvcmVwZXRpdGlvbi0wMiBUT09MQ0hBSU5fRU5WX1JVTl9ESVI9cmVzdWx0cy9leHBlcmltZW50cy90b29sY2hhaW4tZW52aXJvbm1lbnQvMjAyNjA3MjlUMTcxNTUxWi10b29sY2hhaW4tZm9ybWFsMDEgUlVOX0lEPTIwMjYwNzI5VDE3MTU1MVotdG9vbGNoYWluLWZvcm1hbDAxIA==` virtme_chdir=home/yunwei37/workspace/namei_ext rootfstype=9p rootflags=version=9p2000.L,trans=virtio,access=any raid=noautodetect ro quiet \
[    0.054953] Kernel command line: loglevel=1 loglevel=7 panic=30 oops=panic tsc=reliable clocksource=tsc init=/home/yunwei37/.local/lib/python3.12/site-packages/virtme/guest/bin/virtme-ng-init
[    0.056122] Unknown kernel command line parameters "virtme_hostname=virtme-ng nr_open=1048576 virtme_initmount0=home/yunwei37/workspace/namei_ext virtme_rw_overlay0=/etc virtme_rw_overlay1=/lib virtme_rw_overlay2=/home virtme_rw_overlay3=/opt virtme_rw_overlay4=/srv virtme_rw_overlay5=/usr virtme_rw_overlay6=/var virtme_rw_overlay7=/tmp virtme_rw_overlay8=/tmp virtme_chdir=home/yunwei37/workspace/namei_ext", will be passed to user space.
[    0.058557] random: crng init done
[    0.058770] printk: log buffer data + meta data: 262144 + 917504 = 1179648 bytes
[    0.060109] Dentry cache hash table entries: 1048576 (order: 11, 8388608 bytes, linear)
[    0.061026] Inode-cache hash table entries: 524288 (order: 10, 4194304 bytes, linear)
[    0.061570] software IO TLB: area num 4.
[    0.072021] Fallback order for Node 0: 0 
[    0.072026] Built 1 zonelists, mobility grouping on.  Total pages: 2097022
[    0.072659] Policy zone: Normal
[    0.072843] mem auto-init: stack:all(zero), heap alloc:off, heap free:off
[    0.081684] SLUB: HWalign=64, Order=0-3, MinObjects=0, CPUs=4, Nodes=1
[    0.082737] Dynamic Preempt: lazy
[    0.083114] rcu: Preemptible hierarchical RCU implementation.
[    0.083444] rcu: 	RCU event tracing is enabled.
[    0.083703] rcu: 	RCU restricting CPUs from NR_CPUS=64 to nr_cpu_ids=4.
[    0.084082] 	Trampoline variant of Tasks RCU enabled.
[    0.084370] 	Tracing variant of Tasks RCU enabled.
[    0.084644] rcu: RCU calculated value of scheduler-enlistment delay is 100 jiffies.
[    0.085084] rcu: Adjusting geometry for rcu_fanout_leaf=16, nr_cpu_ids=4
[    0.085471] RCU Tasks: Setting shift to 2 and lim to 1 rcu_task_cb_adjust=1 rcu_task_cpu_ids=4.
[    0.088268] NR_IRQS: 4352, nr_irqs: 456, preallocated irqs: 16
[    0.088783] rcu: srcu_init: Setting srcu_struct sizes based on contention.
[    0.089264] Console: colour *CGA 80x25
[    0.089508] printk: legacy console [ttyS0] enabled
[    0.090077] printk: legacy bootconsole [earlyser0] disabled
[    0.090750] ACPI: Core revision 20251212
[    0.091072] clocksource: hpet: mask: 0xffffffff max_cycles: 0xffffffff, max_idle_ns: 19112604467 ns
[    0.091735] APIC: Switch to symmetric I/O mode setup
[    0.092195] x2apic enabled
[    0.092544] APIC: Switched APIC routing to: physical x2apic
[    0.092920] kvm-guest: APIC: send_IPI_mask() replaced with kvm_send_ipi_mask()
[    0.093347] kvm-guest: APIC: send_IPI_mask_allbutself() replaced with kvm_send_ipi_mask_allbutself()
[    0.093912] kvm-guest: setup PV IPIs
[    0.094774] ..TIMER: vector=0x30 apic1=0 pin1=2 apic2=-1 pin2=-1
[    0.095171] clocksource: tsc-early: mask: 0xffffffffffffffff max_cycles: 0x6a464ae9873, max_idle_ns: 881590529744 ns
[    0.095786] Calibrating delay loop (skipped) preset value.. 7372.80 BogoMIPS (lpj=3686400)
[    0.096900] x86/cpu: User Mode Instruction Prevention (UMIP) activated
[    0.097817] Last level iTLB entries: 4KB 0, 2MB 0, 4MB 0
[    0.098132] Last level dTLB entries: 4KB 0, 2MB 0, 4MB 0, 1GB 0
[    0.098484] mitigations: Enabled attack vectors: user_kernel, user_user, SMT mitigations: auto
[    0.098785] Speculative Store Bypass: Mitigation: Speculative Store Bypass disabled via prctl
[    0.099303] Spectre V2 : Mitigation: Enhanced / Automatic IBRS
[    0.099785] Spectre V1 : Mitigation: usercopy/swapgs barriers and __user pointer sanitization
[    0.100286] Spectre V2 : mitigation: Enabling conditional Indirect Branch Prediction Barrier
[    0.100801] x86/fpu: Supporting XSAVE feature 0x001: 'x87 floating point registers'
[    0.101277] x86/fpu: Supporting XSAVE feature 0x002: 'SSE registers'
[    0.101785] x86/fpu: Supporting XSAVE feature 0x004: 'AVX registers'
[    0.102212] x86/fpu: Supporting XSAVE feature 0x200: 'Protection Keys User registers'
[    0.102785] x86/fpu: xstate_offset[2]:  576, xstate_sizes[2]:  256
[    0.103198] x86/fpu: xstate_offset[9]:  832, xstate_sizes[9]:    8
[    0.103576] x86/fpu: Enabled xstate features 0x207, context size is 840 bytes, using 'compacted' format.
[    0.118932] pid_max: default: 32768 minimum: 301
[    0.119255] SELinux:  Initializing.
[    0.119718] Mount-cache hash table entries: 16384 (order: 5, 131072 bytes, linear)
[    0.119789] Mountpoint-cache hash table entries: 16384 (order: 5, 131072 bytes, linear)
[    0.120321] VFS: Finished mounting rootfs on nullfs
[    0.120903] smpboot: CPU0: Intel(R) Core(TM) Ultra 9 285K (family: 0x6, model: 0xc6, stepping: 0x2)
[    0.121579] Performance Events: unsupported CPU family 6 model 198 no PMU driver, software events only.
[    0.121819] signal: max sigframe size: 3632
[    0.122104] rcu: Hierarchical SRCU implementation.
[    0.122421] rcu: 	Max phase no-delay instances is 400.
[    0.122757] Timer migration: 1 hierarchy levels; 8 children per group; 1 crossnode level
[    0.122897] smp: Bringing up secondary CPUs ...
[    0.123231] smpboot: x86: Booting SMP configuration:
[    0.123547] .... node  #0, CPUs:      #1 #2 #3
[    0.125022] smp: Brought up 1 node, 4 CPUs
[    0.125555] smpboot: Total of 4 processors activated (29491.20 BogoMIPS)
[    0.126038] Memory: 8122240K/8388088K available (20133K kernel code, 3048K rwdata, 14964K rodata, 3032K init, 632K bss, 261268K reserved, 0K cma-reserved)
[    0.127090] devtmpfs: initialized
[    0.127787] clocksource: jiffies: mask: 0xffffffff max_cycles: 0xffffffff, max_idle_ns: 1911260446275000 ns
[    0.128400] posixtimers hash table entries: 2048 (order: 3, 32768 bytes, linear)
[    0.128791] futex hash table entries: 1024 (65536 bytes on 1 NUMA nodes, total 64 KiB, linear).
[    0.129392] PM: RTC time: 17:17:47, date: 2026-07-29
[    0.129903] NET: Registered PF_NETLINK/PF_ROUTE protocol family
[    0.130352] audit: initializing netlink subsys (disabled)
[    0.130699] audit: type=2000 audit(1785345467.391:1): state=initialized audit_enabled=0 res=1
[    0.130792] thermal_sys: Registered thermal governor 'step_wise'
[    0.131513] cpuidle: using governor menu
[    0.132234] Freeing SMP alternatives memory: 60K
[    0.132803] PCI: Using configuration type 1 for base access
[    0.133192] kprobes: kprobe jump-optimization is enabled. All kprobes are optimized if possible.
[    0.133821] HugeTLB: registered 2.00 MiB page size, pre-allocated 0 pages
[    0.134221] HugeTLB: 28 KiB vmemmap can be freed for a 2.00 MiB page
[    0.135073] ACPI: Added _OSI(Module Device)
[    0.135333] ACPI: Added _OSI(Processor Device)
[    0.135608] ACPI: Added _OSI(Processor Aggregator Device)
[    0.136231] ACPI: 1 ACPI AML tables successfully acquired and loaded
[    0.138790] ACPI: \_SB_: platform _OSC: OS support mask [002a7eee]
[    0.139253] ACPI: Interpreter enabled
[    0.139510] ACPI: PM: (supports S0 S3 S4 S5)
[    0.139786] ACPI: Using IOAPIC for interrupt routing
[    0.140097] PCI: Using host bridge windows from ACPI; if necessary, use "pci=nocrs" and report a bug
[    0.140674] PCI: Using E820 reservations for host bridge windows
[    0.140828] ACPI: Enabled 2 GPEs in block 00 to 0F
[    0.142260] ACPI: PCI Root Bridge [PCI0] (domain 0000 [bus 00-ff])
[    0.142645] acpi PNP0A03:00: _OSC: OS supports [ASPM ClockPM Segments MSI HPX-Type3]
[    0.142787] acpi PNP0A03:00: _OSC: not requesting OS control; OS requires [ExtendedConfig ASPM ClockPM MSI]
[    0.143382] acpi PNP0A03:00: _OSC: platform retains control of PCIe features (AE_ERROR)
[    0.143789] acpi PNP0A03:00: fail to add MMCONFIG information, can't access extended configuration space under this bridge
[    0.144533] PCI host bridge to bus 0000:00
[    0.144788] pci_bus 0000:00: root bus resource [io  0x0000-0x0cf7 window]
[    0.145206] pci_bus 0000:00: root bus resource [io  0x0d00-0xffff window]
[    0.145646] pci_bus 0000:00: root bus resource [mem 0x000a0000-0x000bffff window]
[    0.145786] pci_bus 0000:00: root bus resource [mem 0xc0000000-0xfebfffff window]
[    0.146252] pci_bus 0000:00: root bus resource [mem 0x380000000000-0x38007fffffff window]
[    0.146751] pci_bus 0000:00: root bus resource [bus 00-ff]
[    0.146819] pci 0000:00:00.0: [8086:1237] type 00 class 0x060000 conventional PCI endpoint
[    0.147624] pci 0000:00:01.0: [8086:7000] type 00 class 0x060100 conventional PCI endpoint
[    0.148073] pci 0000:00:01.1: [8086:7010] type 00 class 0x010180 conventional PCI endpoint
[    0.149307] pci 0000:00:01.1: BAR 4 [io  0xc200-0xc20f]
[    0.149668] pci 0000:00:01.1: BAR 0 [io  0x01f0-0x01f7]: legacy IDE quirk
[    0.149786] pci 0000:00:01.1: BAR 1 [io  0x03f6]: legacy IDE quirk
[    0.150172] pci 0000:00:01.1: BAR 2 [io  0x0170-0x0177]: legacy IDE quirk
[    0.150589] pci 0000:00:01.1: BAR 3 [io  0x0376]: legacy IDE quirk
[    0.150891] pci 0000:00:01.3: [8086:7113] type 00 class 0x068000 conventional PCI endpoint
[    0.151647] pci 0000:00:01.3: quirk: [io  0x0600-0x063f] claimed by PIIX4 ACPI
[    0.151791] pci 0000:00:01.3: quirk: [io  0x0700-0x070f] claimed by PIIX4 SMB
[    0.152422] pci 0000:00:02.0: [1af4:1009] type 00 class 0x000200 conventional PCI endpoint
[    0.154051] pci 0000:00:02.0: BAR 0 [io  0xc000-0xc03f]
[    0.154391] pci 0000:00:02.0: BAR 1 [mem 0xfebf7000-0xfebf7fff]
[    0.154776] pci 0000:00:02.0: BAR 4 [mem 0x380000000000-0x380000003fff 64bit pref]
[    0.155425] pci 0000:00:03.0: [1af4:1009] type 00 class 0x000200 conventional PCI endpoint
[    0.156792] pci 0000:00:03.0: BAR 0 [io  0xc040-0xc07f]
[    0.157120] pci 0000:00:03.0: BAR 1 [mem 0xfebf8000-0xfebf8fff]
[    0.157501] pci 0000:00:03.0: BAR 4 [mem 0x380000004000-0x380000007fff 64bit pref]
[    0.158330] pci 0000:00:04.0: [8086:25ab] type 00 class 0x088000 conventional PCI endpoint
[    0.159348] pci 0000:00:04.0: BAR 0 [mem 0xfebf9000-0xfebf900f]
[    0.160094] pci 0000:00:05.0: [1af4:1003] type 00 class 0x078000 conventional PCI endpoint
[    0.161791] pci 0000:00:05.0: BAR 0 [io  0xc080-0xc0bf]
[    0.162119] pci 0000:00:05.0: BAR 1 [mem 0xfebfa000-0xfebfafff]
[    0.162803] pci 0000:00:05.0: BAR 4 [mem 0x380000008000-0x38000000bfff 64bit pref]
[    0.163861] pci 0000:00:06.0: [1af4:1003] type 00 class 0x078000 conventional PCI endpoint
[    0.165455] pci 0000:00:06.0: BAR 0 [io  0xc0c0-0xc0ff]
[    0.165790] pci 0000:00:06.0: BAR 1 [mem 0xfebfb000-0xfebfbfff]
[    0.166170] pci 0000:00:06.0: BAR 4 [mem 0x38000000c000-0x38000000ffff 64bit pref]
[    0.167209] pci 0000:00:07.0: [1af4:1003] type 00 class 0x078000 conventional PCI endpoint
[    0.168444] pci 0000:00:07.0: BAR 0 [io  0xc100-0xc13f]
[    0.168772] pci 0000:00:07.0: BAR 1 [mem 0xfebfc000-0xfebfcfff]
[    0.168803] pci 0000:00:07.0: BAR 4 [mem 0x380000010000-0x380000013fff 64bit pref]
[    0.169861] pci 0000:00:08.0: [1af4:1003] type 00 class 0x078000 conventional PCI endpoint
[    0.171789] pci 0000:00:08.0: BAR 0 [io  0xc140-0xc17f]
[    0.172130] pci 0000:00:08.0: BAR 1 [mem 0xfebfd000-0xfebfdfff]
[    0.172511] pci 0000:00:08.0: BAR 4 [mem 0x380000014000-0x380000017fff 64bit pref]
[    0.173426] pci 0000:00:09.0: [1af4:1003] type 00 class 0x078000 conventional PCI endpoint
[    0.174791] pci 0000:00:09.0: BAR 0 [io  0xc180-0xc1bf]
[    0.175149] pci 0000:00:09.0: BAR 1 [mem 0xfebfe000-0xfebfefff]
[    0.175538] pci 0000:00:09.0: BAR 4 [mem 0x380000018000-0x38000001bfff 64bit pref]
[    0.176403] pci 0000:00:0a.0: [1af4:1003] type 00 class 0x078000 conventional PCI endpoint
[    0.177765] pci 0000:00:0a.0: BAR 0 [io  0xc1c0-0xc1ff]
[    0.177791] pci 0000:00:0a.0: BAR 1 [mem 0xfebff000-0xfebfffff]
[    0.178175] pci 0000:00:0a.0: BAR 4 [mem 0x38000001c000-0x38000001ffff 64bit pref]
[    0.180585] ACPI: PCI: Interrupt link LNKA configured for IRQ 10
[    0.180836] ACPI: PCI: Interrupt link LNKB configured for IRQ 10
[    0.181253] ACPI: PCI: Interrupt link LNKC configured for IRQ 11
[    0.181666] ACPI: PCI: Interrupt link LNKD configured for IRQ 11
[    0.181809] ACPI: PCI: Interrupt link LNKS configured for IRQ 9
[    0.182355] iommu: Default domain type: Translated
[    0.182652] iommu: DMA domain TLB invalidation policy: lazy mode
[    0.182816] SCSI subsystem initialized
[    0.183073] libata version 3.00 loaded.
[    0.183073] ACPI: bus type USB registered
[    0.183796] usbcore: registered new interface driver usbfs
[    0.184139] usbcore: registered new interface driver hub
[    0.184468] usbcore: registered new device driver usb
[    0.184795] pps_core: LinuxPPS API ver. 1 registered
[    0.185101] pps_core: Software ver. 5.3.6 - Copyright 2005-2007 Rodolfo Giometti <giometti@linux.it>
[    0.185699] PTP clock support registered
[    0.185802] Advanced Linux Sound Architecture Driver Initialized.
[    0.186317] NetLabel: Initializing
[    0.186534] NetLabel:  domain hash size = 128
[    0.186787] NetLabel:  protocols = UNLABELED CIPSOv4 CALIPSO
[    0.187145] NetLabel:  unlabeled traffic allowed by default
[    0.187512] PCI: Using ACPI for IRQ routing
[    0.187790] PCI: pci_cache_line_size set to 64 bytes
[    0.187912] e820: register RAM buffer resource [mem 0x0009fc00-0x0009ffff]
[    0.188368] e820: register RAM buffer resource [mem 0xbffe0000-0xbfffffff]
[    0.188795] vgaarb: loaded
[    0.188999] hpet0: at MMIO 0xfed00000, IRQs 2, 8, 0
[    0.189318] hpet0: 3 comparators, 64-bit 100.000000 MHz counter
[    0.191816] clocksource: Switched to clocksource kvm-clock
[    0.192223] VFS: Disk quotas dquot_6.6.0
[    0.192475] VFS: Dquot-cache hash table entries: 512 (order 0, 4096 bytes)
[    0.192983] pnp: PnP ACPI init
[    0.193371] pnp 00:02: [dma 2]
[    0.193547] pnp: PnP ACPI: found 4 devices
[    0.199717] clocksource: acpi_pm: mask: 0xffffff max_cycles: 0xffffff, max_idle_ns: 2085701024 ns
[    0.200297] NET: Registered PF_INET protocol family
[    0.200831] IP idents hash table entries: 131072 (order: 8, 1048576 bytes, linear)
[    0.211128] tcp_listen_portaddr_hash hash table entries: 4096 (order: 4, 65536 bytes, linear)
[    0.211676] Table-perturb hash table entries: 65536 (order: 6, 262144 bytes, linear)
[    0.212190] TCP established hash table entries: 65536 (order: 7, 524288 bytes, linear)
[    0.212706] TCP bind hash table entries: 65536 (order: 9, 2097152 bytes, linear)
[    0.213335] TCP: Hash tables configured (established 65536 bind 65536)
[    0.213757] UDP hash table entries: 4096 (order: 6, 262144 bytes, linear)
[    0.214217] NET: Registered PF_UNIX/PF_LOCAL protocol family
[    0.214983] RPC: Registered named UNIX socket transport module.
[    0.215357] RPC: Registered udp transport module.
[    0.215654] RPC: Registered tcp transport module.
[    0.215946] RPC: Registered tcp-with-tls transport module.
[    0.216287] RPC: Registered tcp NFSv4.1 backchannel transport module.
[    0.217035] pci_bus 0000:00: resource 4 [io  0x0000-0x0cf7 window]
[    0.217432] pci_bus 0000:00: resource 5 [io  0x0d00-0xffff window]
[    0.217816] pci_bus 0000:00: resource 6 [mem 0x000a0000-0x000bffff window]
[    0.218243] pci_bus 0000:00: resource 7 [mem 0xc0000000-0xfebfffff window]
[    0.218671] pci_bus 0000:00: resource 8 [mem 0x380000000000-0x38007fffffff window]
[    0.219161] pci 0000:00:01.0: PIIX3: Enabling Passive Release
[    0.219565] pci 0000:00:00.0: Limiting direct PCI/PCI transfers
[    0.220001] PCI: CLS 0 bytes, default 64
[    0.220298] PCI-DMA: Using software bounce buffering for IO (SWIOTLB)
[    0.220721] software IO TLB: mapped [mem 0x00000000bbfe0000-0x00000000bffe0000] (64MB)
[    0.221261] RAPL PMU: API unit is 2^-32 Joules, 0 fixed counters, 10737418240 ms ovfl timer
[    0.221817] clocksource: tsc: mask: 0xffffffffffffffff max_cycles: 0x6a464ae9873, max_idle_ns: 881590529744 ns
[    0.222598] clocksource: Switched to clocksource tsc
[    0.227962] Initialise system trusted keyrings
[    0.228342] workingset: timestamp_bits=56 (anon: 52) max_order=21 bucket_order=0 (anon: 0)
[    0.228989] NFS: Registering the id_resolver key type
[    0.229345] Key type id_resolver registered
[    0.229610] Key type id_legacy registered
[    0.229861] nfs4filelayout_init: NFSv4 File Layout Driver Registering...
[    0.230308] nfs4flexfilelayout_init: NFSv4 Flexfile Layout Driver Registering...
[    0.230817] fuse: init (API version 7.45)
[    0.231097] 9p: Installing v9fs 9p2000 file system support
[    0.231649] Key type asymmetric registered
[    0.231930] Asymmetric key parser 'x509' registered
[    0.232252] Block layer SCSI generic (bsg) driver version 0.4 loaded (major 251)
[    0.232719] io scheduler mq-deadline registered
[    0.233001] io scheduler kyber registered
[    0.234827] input: Power Button as /devices/platform/LNXPWRBN:00/input/input0
[    0.235366] ACPI: button: Power Button [PWRF]
[    0.236498] ACPI: \_SB_.LNKB: Enabled at IRQ 10
[    0.237889] ACPI: \_SB_.LNKC: Enabled at IRQ 11
[    0.239164] ACPI: \_SB_.LNKA: Enabled at IRQ 10
[    0.242622] ACPI: \_SB_.LNKD: Enabled at IRQ 11
[    0.245544] Serial: 8250/16550 driver, 4 ports, IRQ sharing enabled
[    0.246040] 00:03: ttyS0 at I/O 0x3f8 (irq = 4, base_baud = 115200) is a 16550A
[    0.316634] Non-volatile memory driver v1.3
[    0.316976] ACPI: bus type drm_connector registered
[    0.318537] loop: module loaded
[    0.319575] scsi host0: ata_piix
[    0.319958] scsi host1: ata_piix
[    0.320203] ata1: PATA max MWDMA2 cmd 0x1f0 ctl 0x3f6 bmdma 0xc200 irq 14 lpm-pol 0
[    0.320696] ata2: PATA max MWDMA2 cmd 0x170 ctl 0x376 bmdma 0xc208 irq 15 lpm-pol 0
[    0.321237] e100: Intel(R) PRO/100 Network Driver
[    0.321590] e100: Copyright(c) 1999-2006 Intel Corporation
[    0.322010] e1000: Intel(R) PRO/1000 Network Driver
[    0.322366] e1000: Copyright (c) 1999-2006 Intel Corporation.
[    0.322745] e1000e: Intel(R) PRO/1000 Network Driver
[    0.323092] e1000e: Copyright(c) 1999 - 2015 Intel Corporation.
[    0.323520] sky2: driver version 1.30
[    0.323914] usbcore: registered new interface driver usblp
[    0.324311] usbcore: registered new interface driver usb-storage
[    0.324701] i8042: PNP: PS/2 Controller [PNP0303:KBD,PNP0f13:MOU] at 0x60,0x64 irq 1,12
[    0.325642] serio: i8042 KBD port at 0x60,0x64 irq 1
[    0.325953] serio: i8042 AUX port at 0x60,0x64 irq 12
[    0.326397] rtc_cmos PNP0B00:00: RTC can wake from S4
[    0.327217] rtc_cmos PNP0B00:00: registered as rtc0
[    0.327285] input: AT Translated Set 2 keyboard as /devices/platform/i8042/serio0/input/input1
[    0.327641] rtc_cmos PNP0B00:00: alarms up to one day, y3k, 242 bytes nvram, hpet irqs
[    0.329057] device-mapper: ioctl: 4.50.0-ioctl (2025-04-28) initialised: dm-devel@lists.linux.dev
[    0.329784] intel_pstate: CPU model not supported
[    0.330184] hid: raw HID events driver (C) Jiri Kosina
[    0.330617] usbcore: registered new interface driver usbhid
[    0.330960] usbhid: USB HID core driver
[    0.331839] Initializing XFRM netlink socket
[    0.332117] NET: Registered PF_INET6 protocol family
[    0.333138] Segment Routing with IPv6
[    0.333398] In-situ OAM (IOAM) with IPv6
[    0.333672] NET: Registered PF_PACKET protocol family
[    0.334001] 9pnet: Installing 9P2000 support
[    0.335261] Key type dns_resolver registered
[    0.335941] IPI shorthand broadcast: enabled
[    0.337773] sched_clock: Marking stable (334001340, 3593331)->(350135289, -12540618)
[    0.338653] registered taskstats version 1
[    0.338977] Loading compiled-in X.509 certificates
[    0.340247] Demotion targets for Node 0: null
[    0.340620] PM:   Magic number: 2:709:290
[    0.340912] tty tty23: hash matches
[    0.341146] netconsole: network logging started
[    0.341694] cfg80211: Loading compiled-in X.509 certificates for regulatory database
[    0.342455] kworker/u16:0 (66) used greatest stack depth: 14480 bytes left
[    0.342751] Loaded X.509 cert 'sforshee: 00b28ddf47aef9cea7'
[    0.343078] kworker/u16:0 (67) used greatest stack depth: 14336 bytes left
[    0.343924] Loaded X.509 cert 'wens: 61c038651aabdcf94bd0ac7ff06c7248db18c600'
[    0.344992] ALSA device list:
[    0.345258]   No soundcards found.
[    0.345835] faux_driver regulatory: Direct firmware load for regulatory.db failed with error -2
[    0.346354] cfg80211: failed to load regulatory.db
[    0.476872] ata2: found unknown device (class 0)
[    0.477622] ata2.00: ATAPI: QEMU DVD-ROM, 2.5+, max UDMA/100
[    0.478833] scsi 1:0:0:0: CD-ROM            QEMU     QEMU DVD-ROM     2.5+ PQ: 0 ANSI: 5
[    0.494326] sr 1:0:0:0: [sr0] scsi3-mmc drive: 4x/4x cd/rw xa/form2 tray
[    0.506939] cdrom: Uniform CD-ROM driver Revision: 3.20
[    0.513144] sr 1:0:0:0: Attached scsi CD-ROM sr0
[    0.513317] sr 1:0:0:0: Attached scsi generic sg0 type 5
[    0.741315] input: ImExPS/2 Generic Explorer Mouse as /devices/platform/i8042/serio1/input/input3
[    0.741915] md: Skipping autodetection of RAID arrays. (raid=autodetect will force)
[    0.742301] 9p: Bad value for 'source'
[    0.742980] VFS: Mounted root (9p filesystem) readonly on device 0:20.
[    0.743482] devtmpfs: mounted
[    0.743629] VFS: Pivoted into new rootfs
[    0.744215] Freeing unused kernel image (initmem) memory: 3032K
[    0.744483] Write protecting the kernel read-only data: 36864k
[    0.745143] Freeing unused kernel image (text/rodata gap) memory: 344K
[    0.745798] Freeing unused kernel image (rodata/data gap) memory: 1420K
[    0.750588] x86/mm: Checked W+X mappings: passed, no W+X pages found.
[    0.750844] Run /home/yunwei37/.local/lib/python3.12/site-packages/virtme/guest/bin/virtme-ng-init as init process
[    0.751258]   with arguments:
[    0.751258]     /home/yunwei37/.local/lib/python3.12/site-packages/virtme/guest/bin/virtme-ng-init
[    0.751259]   with environment:
[    0.751259]     HOME=/
[    0.751259]     TERM=linux
[    0.751260]     virtme_hostname=virtme-ng
[    0.751260]     nr_open=1048576
[    0.751260]     virtme_initmount0=home/yunwei37/workspace/namei_ext
[    0.751261]     virtme_rw_overlay0=/etc
[    0.751261]     virtme_rw_overlay1=/lib
[    0.751261]     virtme_rw_overlay2=/home
[    0.751262]     virtme_rw_overlay3=/opt
[    0.751262]     virtme_rw_overlay4=/srv
[    0.751262]     virtme_rw_overlay5=/usr
[    0.751263]     virtme_rw_overlay6=/var
[    0.751263]     virtme_rw_overlay7=/tmp
[    0.751263]     virtme_rw_overlay8=/tmp
[    0.751264]     virtme_chdir=home/yunwei37/workspace/namei_ext
[    0.770579] virtme-ng-init: mount devtmpfs -> /dev: EBUSY: Device or resource busy
[    1.087848] systemd-tmpfile (71) used greatest stack depth: 13000 bytes left
[    1.087979] virtme-ng-init: Failed to open path '/var/lib/containers/storage': Permission denied
               Failed to opendir() '/proc/self/fd/5': Permission denied
[    1.106046] ip (76) used greatest stack depth: 12216 bytes left
[    1.110645] virtme-ng-init: Starting systemd-udevd version 255.4-1ubuntu8.16
[    1.111097] virtme-ng-init: triggering udev coldplug
[    1.883725] virtme-ng-init: waiting for udev to settle
[    2.035103] virtme-ng-init: udev is done
[    2.036153] virtme-ng-init: initialization done
