[    0.000000] Linux version 7.1.0-rc7-g621aff8d1bb5 (yunwei37@lab) (gcc (Ubuntu 13.3.0-6ubuntu2~24.04.1) 13.3.0, GNU ld (GNU Binutils for Ubuntu) 2.42) #1 SMP PREEMPT_DYNAMIC Wed Jul 29 05:35:23 PDT 2026
[    0.000000] Command line: virtme_hostname=virtme-ng nr_open=1048576 virtme_initmount0=home/yunwei37/workspace/namei_ext virtme_rw_overlay0=/etc virtme_rw_overlay1=/lib virtme_rw_overlay2=/home virtme_rw_overlay3=/opt virtme_rw_overlay4=/srv virtme_rw_overlay5=/usr virtme_rw_overlay6=/var virtme_rw_overlay7=/tmp virtme_rw_overlay8=/tmp console=ttyS0 earlyprintk=serial,ttyS0,115200 quiet loglevel=0 panic=-1 virtme.exec=`bWFrZSAtQyAvaG9tZS95dW53ZWkzNy93b3Jrc3BhY2UvbmFtZWlfZXh0IF9fYnVpbGRfYWN0aW9uX3NhbmRib3hpbmdfZ3Vlc3QgQlVJTERfQUNUSU9OX1NBTkRCT1hJTkdfQk9PVF9ESVI9cmVzdWx0cy9leHBlcmltZW50cy9idWlsZC1hY3Rpb24tc2FuZGJveGluZy1ycTEvMjAyNjA3MjlUMTgwMTIxWi13My1mb3JtYWwwMi9ib290cy9yZXBldGl0aW9uLTAxIEJVSUxEX0FDVElPTl9TQU5EQk9YSU5HX1JVTl9ESVI9cmVzdWx0cy9leHBlcmltZW50cy9idWlsZC1hY3Rpb24tc2FuZGJveGluZy1ycTEvMjAyNjA3MjlUMTgwMTIxWi13My1mb3JtYWwwMiBSVU5fSUQ9MjAyNjA3MjlUMTgwMTIxWi13My1mb3JtYWwwMiA=` virtme_chdir=home/yunwei37/workspace/namei_ext rootfstype=9p rootflags=version=9p2000.L,trans=virtio,access=any raid=noautodetect ro quiet lo
[    0.000000] x86/CPU: Model not found in latest microcode list
[    0.000000] x86/split lock detection: #DB: warning on user-space bus_locks
[    0.000000] BIOS-provided physical RAM map:
[    0.000000] BIOS-e820: [mem 0x0000000000000000-0x000000000009fbff]  System RAM
[    0.000000] BIOS-e820: [mem 0x000000000009fc00-0x000000000009ffff]  device reserved
[    0.000000] BIOS-e820: [gap 0x00000000000a0000-0x00000000000effff]
[    0.000000] BIOS-e820: [mem 0x00000000000f0000-0x00000000000fffff]  device reserved
[    0.000000] BIOS-e820: [mem 0x0000000000100000-0x00000000bffdffff]  System RAM
[    0.000000] BIOS-e820: [mem 0x00000000bffe0000-0x00000000bfffffff]  device reserved
[    0.000000] BIOS-e820: [gap 0x00000000c0000000-0x00000000feffbfff]
[    0.000000] BIOS-e820: [mem 0x00000000feffc000-0x00000000feffffff]  device reserved
[    0.000000] BIOS-e820: [gap 0x00000000ff000000-0x00000000fffbffff]
[    0.000000] BIOS-e820: [mem 0x00000000fffc0000-0x00000000ffffffff]  device reserved
[    0.000000] BIOS-e820: [mem 0x0000000100000000-0x000000023fffffff]  System RAM
[    0.000000] printk: legacy bootconsole [earlyser0] enabled
[    0.000000] NX (Execute Disable) protection: active
[    0.000000] APIC: Static calls initialized
[    0.000000] DMI: SMBIOS 2.8 present.
[    0.000000] DMI: QEMU Standard PC (i440FX + PIIX, 1996), BIOS rel-1.16.3-0-ga6ed6b701f0a-prebuilt.qemu.org 04/01/2014
[    0.000000] DMI: Memory slots populated: 1/1
[    0.000000] Hypervisor detected: KVM
[    0.000000] last_pfn = 0xbffe0 max_arch_pfn = 0x400000000
[    0.000000] kvm-clock: Using msrs 4b564d01 and 4b564d00
[    0.000000] kvm-clock: using sched offset of 805774349 cycles
[    0.000314] clocksource: kvm-clock: mask: 0xffffffffffffffff max_cycles: 0x1cd42e4dffb, max_idle_ns: 881590591483 ns
[    0.001290] tsc: Detected 3686.400 MHz processor
[    0.001705] e820: update [mem 0x00000000-0x00000fff] System RAM ==> device reserved
[    0.001708] e820: remove [mem 0x000a0000-0x000fffff] System RAM
[    0.001712] last_pfn = 0x240000 max_arch_pfn = 0x400000000
[    0.002089] MTRR map: 4 entries (3 fixed + 1 variable; max 19), built from 8 variable MTRRs
[    0.002590] x86/PAT: Configuration [0-7]: WB  WC  UC- UC  WB  WP  UC- WT  
[    0.003226] last_pfn = 0xbffe0 max_arch_pfn = 0x400000000
[    0.008795] found SMP MP-table at [mem 0x000f5440-0x000f544f]
[    0.009149] Using GB pages for direct mapping
[    0.009485] ACPI: Early table checksum verification disabled
[    0.009860] ACPI: RSDP 0x00000000000F5240 000014 (v00 BOCHS )
[    0.010214] ACPI: RSDT 0x00000000BFFE2443 000034 (v01 BOCHS  BXPC     00000001 BXPC 00000001)
[    0.010731] ACPI: FACP 0x00000000BFFE22DF 000074 (v01 BOCHS  BXPC     00000001 BXPC 00000001)
[    0.011250] ACPI: DSDT 0x00000000BFFE0040 00229F (v01 BOCHS  BXPC     00000001 BXPC 00000001)
[    0.011765] ACPI: FACS 0x00000000BFFE0000 000040
[    0.012045] ACPI: APIC 0x00000000BFFE2353 000090 (v03 BOCHS  BXPC     00000001 BXPC 00000001)
[    0.012558] ACPI: HPET 0x00000000BFFE23E3 000038 (v01 BOCHS  BXPC     00000001 BXPC 00000001)
[    0.013073] ACPI: WAET 0x00000000BFFE241B 000028 (v01 BOCHS  BXPC     00000001 BXPC 00000001)
[    0.013586] ACPI: Reserving FACP table memory at [mem 0xbffe22df-0xbffe2352]
[    0.014010] ACPI: Reserving DSDT table memory at [mem 0xbffe0040-0xbffe22de]
[    0.014433] ACPI: Reserving FACS table memory at [mem 0xbffe0000-0xbffe003f]
[    0.014858] ACPI: Reserving APIC table memory at [mem 0xbffe2353-0xbffe23e2]
[    0.015280] ACPI: Reserving HPET table memory at [mem 0xbffe23e3-0xbffe241a]
[    0.015703] ACPI: Reserving WAET table memory at [mem 0xbffe241b-0xbffe2442]
[    0.016297] No NUMA configuration found
[    0.016561] Faking a node at [mem 0x0000000000000000-0x000000023fffffff]
[    0.016965] NODE_DATA(0) allocated [mem 0x23fffc680-0x23fffffff]
[    0.018182] ACPI: PM-Timer IO Port: 0x608
[    0.018434] ACPI: LAPIC_NMI (acpi_id[0xff] dfl dfl lint[0x1])
[    0.018808] IOAPIC[0]: apic_id 0, version 17, address 0xfec00000, GSI 0-23
[    0.019222] ACPI: INT_SRC_OVR (bus 0 bus_irq 0 global_irq 2 dfl dfl)
[    0.019605] ACPI: INT_SRC_OVR (bus 0 bus_irq 5 global_irq 5 high level)
[    0.020005] ACPI: INT_SRC_OVR (bus 0 bus_irq 9 global_irq 9 high level)
[    0.020402] ACPI: INT_SRC_OVR (bus 0 bus_irq 10 global_irq 10 high level)
[    0.020812] ACPI: INT_SRC_OVR (bus 0 bus_irq 11 global_irq 11 high level)
[    0.021222] ACPI: Using ACPI (MADT) for SMP configuration information
[    0.021610] ACPI: HPET id: 0x8086a201 base: 0xfed00000
[    0.021922] TSC deadline timer available
[    0.022159] CPU topo: Max. logical packages:   1
[    0.022436] CPU topo: Max. logical nodes:      1
[    0.022714] CPU topo: Num. nodes per package:  1
[    0.022991] CPU topo: Max. logical dies:       1
[    0.023267] CPU topo: Max. dies per package:   1
[    0.023545] CPU topo: Max. threads per core:   1
[    0.023823] CPU topo: Num. cores per package:     4
[    0.024114] CPU topo: Num. threads per package:   4
[    0.024406] CPU topo: Allowing 4 present CPUs plus 0 hotplug CPUs
[    0.024780] kvm-guest: APIC: eoi() replaced with kvm_guest_apic_eoi_write()
[    0.025208] kvm-guest: KVM setup pv remote TLB flush
[    0.025508] kvm-guest: setup PV sched yield
[    0.025766] PM: hibernation: Registered nosave memory: [mem 0x00000000-0x00000fff]
[    0.026220] PM: hibernation: Registered nosave memory: [mem 0x0009f000-0x000fffff]
[    0.026675] PM: hibernation: Registered nosave memory: [mem 0xbffe0000-0xffffffff]
[    0.027130] [gap 0xc0000000-0xfeffbfff] available for PCI devices
[    0.027496] Booting paravirtualized kernel on KVM
[    0.027780] clocksource: refined-jiffies: mask: 0xffffffff max_cycles: 0xffffffff, max_idle_ns: 1910969940391419 ns
[    0.033507] Zone ranges:
[    0.033664]   DMA      [mem 0x0000000000001000-0x0000000000ffffff]
[    0.034035]   DMA32    [mem 0x0000000001000000-0x00000000ffffffff]
[    0.034406]   Normal   [mem 0x0000000100000000-0x000000023fffffff]
[    0.034778] Movable zone start for each node
[    0.035034] Early memory node ranges
[    0.035248]   node   0: [mem 0x0000000000001000-0x000000000009efff]
[    0.035624]   node   0: [mem 0x0000000000100000-0x00000000bffdffff]
[    0.036000]   node   0: [mem 0x0000000100000000-0x000000023fffffff]
[    0.036376] Initmem setup node 0 [mem 0x0000000000001000-0x000000023fffffff]
[    0.037145] On node 0, zone DMA: 1 pages in unavailable ranges
[    0.037695] On node 0, zone DMA: 97 pages in unavailable ranges
[    0.495606] On node 0, zone Normal: 32 pages in unavailable ranges
[    0.496034] setup_percpu: NR_CPUS:64 nr_cpumask_bits:4 nr_cpu_ids:4 nr_node_ids:1
[    0.511076] percpu: Embedded 54 pages/cpu s183960 r8192 d29032 u524288
[    0.511530] pcpu-alloc: s183960 r8192 d29032 u524288 alloc=1*2097152
[    0.511533] pcpu-alloc: [0] 0 1 2 3 
[    0.511578] Kernel command line: virtme_hostname=virtme-ng nr_open=1048576 virtme_initmount0=home/yunwei37/workspace/namei_ext virtme_rw_overlay0=/etc virtme_rw_overlay1=/lib virtme_rw_overlay2=/home virtme_rw_overlay3=/opt virtme_rw_overlay4=/srv virtme_rw_overlay5=/usr virtme_rw_overlay6=/var virtme_rw_overlay7=/tmp virtme_rw_overlay8=/tmp console=ttyS0 earlyprintk=serial,ttyS0,115200 quiet loglevel=0 panic=-1 virtme.exec=`bWFrZSAtQyAvaG9tZS95dW53ZWkzNy93b3Jrc3BhY2UvbmFtZWlfZXh0IF9fYnVpbGRfYWN0aW9uX3NhbmRib3hpbmdfZ3Vlc3QgQlVJTERfQUNUSU9OX1NBTkRCT1hJTkdfQk9PVF9ESVI9cmVzdWx0cy9leHBlcmltZW50cy9idWlsZC1hY3Rpb24tc2FuZGJveGluZy1ycTEvMjAyNjA3MjlUMTgwMTIxWi13My1mb3JtYWwwMi9ib290cy9yZXBldGl0aW9uLTAxIEJVSUxEX0FDVElPTl9TQU5EQk9YSU5HX1JVTl9ESVI9cmVzdWx0cy9leHBlcmltZW50cy9idWlsZC1hY3Rpb24tc2FuZGJveGluZy1ycTEvMjAyNjA3MjlUMTgwMTIxWi13My1mb3JtYWwwMiBSVU5fSUQ9MjAyNjA3MjlUMTgwMTIxWi13My1mb3JtYWwwMiA=` virtme_chdir=home/yunwei37/workspace/namei_ext rootfstype=9p rootflags=version=9p2000.L,trans=virtio,access=any raid=noautodetect ro \
[    0.511583] Kernel command line: quiet loglevel=1 loglevel=7 panic=30 oops=panic tsc=reliable clocksource=tsc init=/home/yunwei37/.local/lib/python3.12/site-packages/virtme/guest/bin/virtme-ng-init
[    0.518411] Unknown kernel command line parameters "virtme_hostname=virtme-ng nr_open=1048576 virtme_initmount0=home/yunwei37/workspace/namei_ext virtme_rw_overlay0=/etc virtme_rw_overlay1=/lib virtme_rw_overlay2=/home virtme_rw_overlay3=/opt virtme_rw_overlay4=/srv virtme_rw_overlay5=/usr virtme_rw_overlay6=/var virtme_rw_overlay7=/tmp virtme_rw_overlay8=/tmp virtme_chdir=home/yunwei37/workspace/namei_ext", will be passed to user space.
[    0.520839] random: crng init done
[    0.521049] printk: log buffer data + meta data: 262144 + 917504 = 1179648 bytes
[    0.528836] Dentry cache hash table entries: 1048576 (order: 11, 8388608 bytes, linear)
[    0.532859] Inode-cache hash table entries: 524288 (order: 10, 4194304 bytes, linear)
[    0.533456] software IO TLB: area num 4.
[    1.037413] Fallback order for Node 0: 0 
[    1.037424] Built 1 zonelists, mobility grouping on.  Total pages: 2097022
[    1.038072] Policy zone: Normal
[    1.038253] mem auto-init: stack:all(zero), heap alloc:off, heap free:off
[    1.064917] SLUB: HWalign=64, Order=0-3, MinObjects=0, CPUs=4, Nodes=1
[    1.066444] Dynamic Preempt: lazy
[    1.066956] rcu: Preemptible hierarchical RCU implementation.
[    1.067288] rcu: 	RCU event tracing is enabled.
[    1.067547] rcu: 	RCU restricting CPUs from NR_CPUS=64 to nr_cpu_ids=4.
[    1.067928] 	Trampoline variant of Tasks RCU enabled.
[    1.068217] 	Tracing variant of Tasks RCU enabled.
[    1.068491] rcu: RCU calculated value of scheduler-enlistment delay is 100 jiffies.
[    1.068930] rcu: Adjusting geometry for rcu_fanout_leaf=16, nr_cpu_ids=4
[    1.069327] RCU Tasks: Setting shift to 2 and lim to 1 rcu_task_cb_adjust=1 rcu_task_cpu_ids=4.
[    1.072307] NR_IRQS: 4352, nr_irqs: 456, preallocated irqs: 16
[    1.072864] rcu: srcu_init: Setting srcu_struct sizes based on contention.
[    1.073382] Console: colour *CGA 80x25
[    1.073627] printk: legacy console [ttyS0] enabled
[    1.074185] printk: legacy bootconsole [earlyser0] disabled
[    1.074846] ACPI: Core revision 20251212
[    1.075174] clocksource: hpet: mask: 0xffffffff max_cycles: 0xffffffff, max_idle_ns: 19112604467 ns
[    1.075806] APIC: Switch to symmetric I/O mode setup
[    1.076250] x2apic enabled
[    1.076605] APIC: Switched APIC routing to: physical x2apic
[    1.076968] kvm-guest: APIC: send_IPI_mask() replaced with kvm_send_ipi_mask()
[    1.077399] kvm-guest: APIC: send_IPI_mask_allbutself() replaced with kvm_send_ipi_mask_allbutself()
[    1.077976] kvm-guest: setup PV IPIs
[    1.078864] ..TIMER: vector=0x30 apic1=0 pin1=2 apic2=-1 pin2=-1
[    1.079236] clocksource: tsc-early: mask: 0xffffffffffffffff max_cycles: 0x6a464ae9873, max_idle_ns: 881590529744 ns
[    1.079870] Calibrating delay loop (skipped) preset value.. 7372.80 BogoMIPS (lpj=3686400)
[    1.080478] x86/cpu: User Mode Instruction Prevention (UMIP) activated
[    1.080927] Last level iTLB entries: 4KB 0, 2MB 0, 4MB 0
[    1.081244] Last level dTLB entries: 4KB 0, 2MB 0, 4MB 0, 1GB 0
[    1.081599] mitigations: Enabled attack vectors: user_kernel, user_user, SMT mitigations: auto
[    1.081870] Speculative Store Bypass: Mitigation: Speculative Store Bypass disabled via prctl
[    1.082375] Spectre V2 : Mitigation: Enhanced / Automatic IBRS
[    1.082869] Spectre V1 : Mitigation: usercopy/swapgs barriers and __user pointer sanitization
[    1.083372] Spectre V2 : mitigation: Enabling conditional Indirect Branch Prediction Barrier
[    1.083886] x86/fpu: Supporting XSAVE feature 0x001: 'x87 floating point registers'
[    1.084356] x86/fpu: Supporting XSAVE feature 0x002: 'SSE registers'
[    1.084869] x86/fpu: Supporting XSAVE feature 0x004: 'AVX registers'
[    1.085260] x86/fpu: Supporting XSAVE feature 0x200: 'Protection Keys User registers'
[    1.085744] x86/fpu: xstate_offset[2]:  576, xstate_sizes[2]:  256
[    1.085869] x86/fpu: xstate_offset[9]:  832, xstate_sizes[9]:    8
[    1.086250] x86/fpu: Enabled xstate features 0x207, context size is 840 bytes, using 'compacted' format.
[    1.102981] pid_max: default: 32768 minimum: 301
[    1.103328] SELinux:  Initializing.
[    1.103945] Mount-cache hash table entries: 16384 (order: 5, 131072 bytes, linear)
[    1.104497] Mountpoint-cache hash table entries: 16384 (order: 5, 131072 bytes, linear)
[    1.104998] VFS: Finished mounting rootfs on nullfs
[    1.105560] smpboot: CPU0: Intel(R) Core(TM) Ultra 9 285K (family: 0x6, model: 0xc6, stepping: 0x2)
[    1.105868] Performance Events: unsupported CPU family 6 model 198 no PMU driver, software events only.
[    1.105905] signal: max sigframe size: 3632
[    1.106192] rcu: Hierarchical SRCU implementation.
[    1.106492] rcu: 	Max phase no-delay instances is 400.
[    1.106927] Timer migration: 1 hierarchy levels; 8 children per group; 1 crossnode level
[    1.107624] smp: Bringing up secondary CPUs ...
[    1.108042] smpboot: x86: Booting SMP configuration:
[    1.108352] .... node  #0, CPUs:      #1 #2 #3
[    1.109901] smp: Brought up 1 node, 4 CPUs
[    1.110434] smpboot: Total of 4 processors activated (29491.20 BogoMIPS)
[    1.111103] Memory: 8122240K/8388088K available (20133K kernel code, 3048K rwdata, 14964K rodata, 3032K init, 632K bss, 261268K reserved, 0K cma-reserved)
[    1.112226] devtmpfs: initialized
[    1.113133] clocksource: jiffies: mask: 0xffffffff max_cycles: 0xffffffff, max_idle_ns: 1911260446275000 ns
[    1.113497] posixtimers hash table entries: 2048 (order: 3, 32768 bytes, linear)
[    1.113941] futex hash table entries: 1024 (65536 bytes on 1 NUMA nodes, total 64 KiB, linear).
[    1.114561] PM: RTC time: 18:01:25, date: 2026-07-29
[    1.117426] NET: Registered PF_NETLINK/PF_ROUTE protocol family
[    1.117875] audit: initializing netlink subsys (disabled)
[    1.118213] audit: type=2000 audit(1785348086.429:1): state=initialized audit_enabled=0 res=1
[    1.118213] thermal_sys: Registered thermal governor 'step_wise'
[    1.118873] cpuidle: using governor menu
[    1.119663] Freeing SMP alternatives memory: 60K
[    1.120063] PCI: Using configuration type 1 for base access
[    1.120448] kprobes: kprobe jump-optimization is enabled. All kprobes are optimized if possible.
[    1.121194] HugeTLB: registered 2.00 MiB page size, pre-allocated 0 pages
[    1.121310] HugeTLB: 28 KiB vmemmap can be freed for a 2.00 MiB page
[    1.122155] ACPI: Added _OSI(Module Device)
[    1.122870] ACPI: Added _OSI(Processor Device)
[    1.123167] ACPI: Added _OSI(Processor Aggregator Device)
[    1.124008] ACPI: 1 ACPI AML tables successfully acquired and loaded
[    1.126876] ACPI: \_SB_: platform _OSC: OS support mask [002a7eee]
[    1.127940] ACPI: Interpreter enabled
[    1.128175] ACPI: PM: (supports S0 S3 S4 S5)
[    1.128459] ACPI: Using IOAPIC for interrupt routing
[    1.128810] PCI: Using host bridge windows from ACPI; if necessary, use "pci=nocrs" and report a bug
[    1.128870] PCI: Using E820 reservations for host bridge windows
[    1.129330] ACPI: Enabled 2 GPEs in block 00 to 0F
[    1.130826] ACPI: PCI Root Bridge [PCI0] (domain 0000 [bus 00-ff])
[    1.130872] acpi PNP0A03:00: _OSC: OS supports [ASPM ClockPM Segments MSI HPX-Type3]
[    1.131345] acpi PNP0A03:00: _OSC: not requesting OS control; OS requires [ExtendedConfig ASPM ClockPM MSI]
[    1.131872] acpi PNP0A03:00: _OSC: platform retains control of PCIe features (AE_ERROR)
[    1.132365] acpi PNP0A03:00: fail to add MMCONFIG information, can't access extended configuration space under this bridge
[    1.132931] PCI host bridge to bus 0000:00
[    1.133190] pci_bus 0000:00: root bus resource [io  0x0000-0x0cf7 window]
[    1.133614] pci_bus 0000:00: root bus resource [io  0x0d00-0xffff window]
[    1.133870] pci_bus 0000:00: root bus resource [mem 0x000a0000-0x000bffff window]
[    1.134335] pci_bus 0000:00: root bus resource [mem 0xc0000000-0xfebfffff window]
[    1.134792] pci_bus 0000:00: root bus resource [mem 0x380000000000-0x38007fffffff window]
[    1.134870] pci_bus 0000:00: root bus resource [bus 00-ff]
[    1.135236] pci 0000:00:00.0: [8086:1237] type 00 class 0x060000 conventional PCI endpoint
[    1.136060] pci 0000:00:01.0: [8086:7000] type 00 class 0x060100 conventional PCI endpoint
[    1.136885] pci 0000:00:01.1: [8086:7010] type 00 class 0x010180 conventional PCI endpoint
[    1.137892] pci 0000:00:01.1: BAR 4 [io  0xc200-0xc20f]
[    1.138235] pci 0000:00:01.1: BAR 0 [io  0x01f0-0x01f7]: legacy IDE quirk
[    1.138659] pci 0000:00:01.1: BAR 1 [io  0x03f6]: legacy IDE quirk
[    1.138870] pci 0000:00:01.1: BAR 2 [io  0x0170-0x0177]: legacy IDE quirk
[    1.139291] pci 0000:00:01.1: BAR 3 [io  0x0376]: legacy IDE quirk
[    1.139766] pci 0000:00:01.3: [8086:7113] type 00 class 0x068000 conventional PCI endpoint
[    1.140076] pci 0000:00:01.3: quirk: [io  0x0600-0x063f] claimed by PIIX4 ACPI
[    1.140522] pci 0000:00:01.3: quirk: [io  0x0700-0x070f] claimed by PIIX4 SMB
[    1.141055] pci 0000:00:02.0: [1af4:1009] type 00 class 0x000200 conventional PCI endpoint
[    1.142810] pci 0000:00:02.0: BAR 0 [io  0xc000-0xc03f]
[    1.142878] pci 0000:00:02.0: BAR 1 [mem 0xfebf7000-0xfebf7fff]
[    1.143304] pci 0000:00:02.0: BAR 4 [mem 0x380000000000-0x380000003fff 64bit pref]
[    1.144442] pci 0000:00:03.0: [1af4:1009] type 00 class 0x000200 conventional PCI endpoint
[    1.145875] pci 0000:00:03.0: BAR 0 [io  0xc040-0xc07f]
[    1.146240] pci 0000:00:03.0: BAR 1 [mem 0xfebf8000-0xfebf8fff]
[    1.146624] pci 0000:00:03.0: BAR 4 [mem 0x380000004000-0x380000007fff 64bit pref]
[    1.147418] pci 0000:00:04.0: [8086:25ab] type 00 class 0x088000 conventional PCI endpoint
[    1.148550] pci 0000:00:04.0: BAR 0 [mem 0xfebf9000-0xfebf900f]
[    1.149230] pci 0000:00:05.0: [1af4:1003] type 00 class 0x078000 conventional PCI endpoint
[    1.150859] pci 0000:00:05.0: BAR 0 [io  0xc080-0xc0bf]
[    1.150875] pci 0000:00:05.0: BAR 1 [mem 0xfebfa000-0xfebfafff]
[    1.151258] pci 0000:00:05.0: BAR 4 [mem 0x380000008000-0x38000000bfff 64bit pref]
[    1.152361] pci 0000:00:06.0: [1af4:1003] type 00 class 0x078000 conventional PCI endpoint
[    1.153838] pci 0000:00:06.0: BAR 0 [io  0xc0c0-0xc0ff]
[    1.153875] pci 0000:00:06.0: BAR 1 [mem 0xfebfb000-0xfebfbfff]
[    1.154263] pci 0000:00:06.0: BAR 4 [mem 0x38000000c000-0x38000000ffff 64bit pref]
[    1.155313] pci 0000:00:07.0: [1af4:1003] type 00 class 0x078000 conventional PCI endpoint
[    1.156570] pci 0000:00:07.0: BAR 0 [io  0xc100-0xc13f]
[    1.156875] pci 0000:00:07.0: BAR 1 [mem 0xfebfc000-0xfebfcfff]
[    1.157255] pci 0000:00:07.0: BAR 4 [mem 0x380000010000-0x380000013fff 64bit pref]
[    1.158311] pci 0000:00:08.0: [1af4:1003] type 00 class 0x078000 conventional PCI endpoint
[    1.159870] pci 0000:00:08.0: BAR 0 [io  0xc140-0xc17f]
[    1.160226] pci 0000:00:08.0: BAR 1 [mem 0xfebfd000-0xfebfdfff]
[    1.160607] pci 0000:00:08.0: BAR 4 [mem 0x380000014000-0x380000017fff 64bit pref]
[    1.161439] pci 0000:00:09.0: [1af4:1003] type 00 class 0x078000 conventional PCI endpoint
[    1.162753] pci 0000:00:09.0: BAR 0 [io  0xc180-0xc1bf]
[    1.162876] pci 0000:00:09.0: BAR 1 [mem 0xfebfe000-0xfebfefff]
[    1.163257] pci 0000:00:09.0: BAR 4 [mem 0x380000018000-0x38000001bfff 64bit pref]
[    1.164312] pci 0000:00:0a.0: [1af4:1003] type 00 class 0x078000 conventional PCI endpoint
[    1.165828] pci 0000:00:0a.0: BAR 0 [io  0xc1c0-0xc1ff]
[    1.165875] pci 0000:00:0a.0: BAR 1 [mem 0xfebff000-0xfebfffff]
[    1.166279] pci 0000:00:0a.0: BAR 4 [mem 0x38000001c000-0x38000001ffff 64bit pref]
[    1.168706] ACPI: PCI: Interrupt link LNKA configured for IRQ 10
[    1.168920] ACPI: PCI: Interrupt link LNKB configured for IRQ 10
[    1.169356] ACPI: PCI: Interrupt link LNKC configured for IRQ 11
[    1.169783] ACPI: PCI: Interrupt link LNKD configured for IRQ 11
[    1.169893] ACPI: PCI: Interrupt link LNKS configured for IRQ 9
[    1.170456] iommu: Default domain type: Translated
[    1.170778] iommu: DMA domain TLB invalidation policy: lazy mode
[    1.171010] SCSI subsystem initialized
[    1.171262] libata version 3.00 loaded.
[    1.171262] ACPI: bus type USB registered
[    1.171893] usbcore: registered new interface driver usbfs
[    1.172234] usbcore: registered new interface driver hub
[    1.172564] usbcore: registered new device driver usb
[    1.172890] pps_core: LinuxPPS API ver. 1 registered
[    1.173200] pps_core: Software ver. 5.3.6 - Copyright 2005-2007 Rodolfo Giometti <giometti@linux.it>
[    1.173759] PTP clock support registered
[    1.173899] Advanced Linux Sound Architecture Driver Initialized.
[    1.174404] NetLabel: Initializing
[    1.174630] NetLabel:  domain hash size = 128
[    1.174871] NetLabel:  protocols = UNLABELED CIPSOv4 CALIPSO
[    1.175228] NetLabel:  unlabeled traffic allowed by default
[    1.175590] PCI: Using ACPI for IRQ routing
[    1.175874] PCI: pci_cache_line_size set to 64 bytes
[    1.176000] e820: register RAM buffer resource [mem 0x0009fc00-0x0009ffff]
[    1.176428] e820: register RAM buffer resource [mem 0xbffe0000-0xbfffffff]
[    1.176873] vgaarb: loaded
[    1.177098] hpet0: at MMIO 0xfed00000, IRQs 2, 8, 0
[    1.177406] hpet0: 3 comparators, 64-bit 100.000000 MHz counter
[    1.180897] clocksource: Switched to clocksource kvm-clock
[    1.181397] VFS: Disk quotas dquot_6.6.0
[    1.181660] VFS: Dquot-cache hash table entries: 512 (order 0, 4096 bytes)
[    1.182296] pnp: PnP ACPI init
[    1.182613] pnp 00:02: [dma 2]
[    1.182730] pnp: PnP ACPI: found 4 devices
[    1.189467] clocksource: acpi_pm: mask: 0xffffff max_cycles: 0xffffff, max_idle_ns: 2085701024 ns
[    1.190065] NET: Registered PF_INET protocol family
[    1.191058] IP idents hash table entries: 131072 (order: 8, 1048576 bytes, linear)
[    1.205719] tcp_listen_portaddr_hash hash table entries: 4096 (order: 4, 65536 bytes, linear)
[    1.206262] Table-perturb hash table entries: 65536 (order: 6, 262144 bytes, linear)
[    1.206783] TCP established hash table entries: 65536 (order: 7, 524288 bytes, linear)
[    1.207301] TCP bind hash table entries: 65536 (order: 9, 2097152 bytes, linear)
[    1.209369] TCP: Hash tables configured (established 65536 bind 65536)
[    1.209803] UDP hash table entries: 4096 (order: 6, 262144 bytes, linear)
[    1.210263] NET: Registered PF_UNIX/PF_LOCAL protocol family
[    1.210888] RPC: Registered named UNIX socket transport module.
[    1.211253] RPC: Registered udp transport module.
[    1.211554] RPC: Registered tcp transport module.
[    1.211854] RPC: Registered tcp-with-tls transport module.
[    1.212191] RPC: Registered tcp NFSv4.1 backchannel transport module.
[    1.212885] pci_bus 0000:00: resource 4 [io  0x0000-0x0cf7 window]
[    1.213269] pci_bus 0000:00: resource 5 [io  0x0d00-0xffff window]
[    1.213665] pci_bus 0000:00: resource 6 [mem 0x000a0000-0x000bffff window]
[    1.214086] pci_bus 0000:00: resource 7 [mem 0xc0000000-0xfebfffff window]
[    1.214517] pci_bus 0000:00: resource 8 [mem 0x380000000000-0x38007fffffff window]
[    1.215013] pci 0000:00:01.0: PIIX3: Enabling Passive Release
[    1.215400] pci 0000:00:00.0: Limiting direct PCI/PCI transfers
[    1.215843] PCI: CLS 0 bytes, default 64
[    1.216115] PCI-DMA: Using software bounce buffering for IO (SWIOTLB)
[    1.216513] software IO TLB: mapped [mem 0x00000000bbfe0000-0x00000000bffe0000] (64MB)
[    1.217095] RAPL PMU: API unit is 2^-32 Joules, 0 fixed counters, 10737418240 ms ovfl timer
[    1.217649] clocksource: tsc: mask: 0xffffffffffffffff max_cycles: 0x6a464ae9873, max_idle_ns: 881590529744 ns
[    1.218356] clocksource: Switched to clocksource tsc
[    1.223925] Initialise system trusted keyrings
[    1.224300] workingset: timestamp_bits=56 (anon: 52) max_order=21 bucket_order=0 (anon: 0)
[    1.225120] NFS: Registering the id_resolver key type
[    1.225447] Key type id_resolver registered
[    1.225723] Key type id_legacy registered
[    1.225967] nfs4filelayout_init: NFSv4 File Layout Driver Registering...
[    1.226372] nfs4flexfilelayout_init: NFSv4 Flexfile Layout Driver Registering...
[    1.226927] fuse: init (API version 7.45)
[    1.227204] 9p: Installing v9fs 9p2000 file system support
[    1.227805] Key type asymmetric registered
[    1.228053] Asymmetric key parser 'x509' registered
[    1.228378] Block layer SCSI generic (bsg) driver version 0.4 loaded (major 251)
[    1.228843] io scheduler mq-deadline registered
[    1.229115] io scheduler kyber registered
[    1.229509] input: Power Button as /devices/platform/LNXPWRBN:00/input/input0
[    1.229969] ACPI: button: Power Button [PWRF]
[    1.230885] ACPI: \_SB_.LNKB: Enabled at IRQ 10
[    1.232288] ACPI: \_SB_.LNKC: Enabled at IRQ 11
[    1.233553] ACPI: \_SB_.LNKA: Enabled at IRQ 10
[    1.236706] ACPI: \_SB_.LNKD: Enabled at IRQ 11
[    1.239619] Serial: 8250/16550 driver, 4 ports, IRQ sharing enabled
[    1.240119] 00:03: ttyS0 at I/O 0x3f8 (irq = 4, base_baud = 115200) is a 16550A
[    1.316880] Non-volatile memory driver v1.3
[    1.317222] ACPI: bus type drm_connector registered
[    1.319603] loop: module loaded
[    1.320968] scsi host0: ata_piix
[    1.321278] scsi host1: ata_piix
[    1.321501] ata1: PATA max MWDMA2 cmd 0x1f0 ctl 0x3f6 bmdma 0xc200 irq 14 lpm-pol 0
[    1.321999] ata2: PATA max MWDMA2 cmd 0x170 ctl 0x376 bmdma 0xc208 irq 15 lpm-pol 0
[    1.322567] e100: Intel(R) PRO/100 Network Driver
[    1.322931] e100: Copyright(c) 1999-2006 Intel Corporation
[    1.323338] e1000: Intel(R) PRO/1000 Network Driver
[    1.323666] e1000: Copyright (c) 1999-2006 Intel Corporation.
[    1.324026] e1000e: Intel(R) PRO/1000 Network Driver
[    1.324338] e1000e: Copyright(c) 1999 - 2015 Intel Corporation.
[    1.324748] sky2: driver version 1.30
[    1.325199] usbcore: registered new interface driver usblp
[    1.325584] usbcore: registered new interface driver usb-storage
[    1.325975] i8042: PNP: PS/2 Controller [PNP0303:KBD,PNP0f13:MOU] at 0x60,0x64 irq 1,12
[    1.326919] serio: i8042 KBD port at 0x60,0x64 irq 1
[    1.327231] serio: i8042 AUX port at 0x60,0x64 irq 12
[    1.327840] rtc_cmos PNP0B00:00: RTC can wake from S4
[    1.328542] rtc_cmos PNP0B00:00: registered as rtc0
[    1.328887] rtc_cmos PNP0B00:00: alarms up to one day, y3k, 242 bytes nvram, hpet irqs
[    1.329509] input: AT Translated Set 2 keyboard as /devices/platform/i8042/serio0/input/input1
[    1.329572] device-mapper: ioctl: 4.50.0-ioctl (2025-04-28) initialised: dm-devel@lists.linux.dev
[    1.330767] intel_pstate: CPU model not supported
[    1.331062] hid: raw HID events driver (C) Jiri Kosina
[    1.331430] usbcore: registered new interface driver usbhid
[    1.331917] usbhid: USB HID core driver
[    1.335507] Initializing XFRM netlink socket
[    1.335810] NET: Registered PF_INET6 protocol family
[    1.336679] Segment Routing with IPv6
[    1.336907] In-situ OAM (IOAM) with IPv6
[    1.337160] NET: Registered PF_PACKET protocol family
[    1.337486] 9pnet: Installing 9P2000 support
[    1.338771] Key type dns_resolver registered
[    1.339408] IPI shorthand broadcast: enabled
[    1.341523] sched_clock: Marking stable (1338001451, 2588443)->(1354884766, -14294872)
[    1.342332] registered taskstats version 1
[    1.342721] Loading compiled-in X.509 certificates
[    1.395810] Demotion targets for Node 0: null
[    1.396194] PM:   Magic number: 2:59:40
[    1.396441] bdi 7:5: hash matches
[    1.396711] netconsole: network logging started
[    1.397113] cfg80211: Loading compiled-in X.509 certificates for regulatory database
[    1.397803] kworker/u16:2 (66) used greatest stack depth: 14480 bytes left
[    1.398254] Loaded X.509 cert 'sforshee: 00b28ddf47aef9cea7'
[    1.398427] kworker/u16:2 (67) used greatest stack depth: 14456 bytes left
[    1.399073] Loaded X.509 cert 'wens: 61c038651aabdcf94bd0ac7ff06c7248db18c600'
[    1.400057] ALSA device list:
[    1.400358] faux_driver regulatory: Direct firmware load for regulatory.db failed with error -2
[    1.401129] cfg80211: failed to load regulatory.db
[    1.401579]   No soundcards found.
[    1.475955] ata2: found unknown device (class 0)
[    1.476692] ata2.00: ATAPI: QEMU DVD-ROM, 2.5+, max UDMA/100
[    1.478381] scsi 1:0:0:0: CD-ROM            QEMU     QEMU DVD-ROM     2.5+ PQ: 0 ANSI: 5
[    1.494338] sr 1:0:0:0: [sr0] scsi3-mmc drive: 4x/4x cd/rw xa/form2 tray
[    1.506883] cdrom: Uniform CD-ROM driver Revision: 3.20
[    1.513040] sr 1:0:0:0: Attached scsi CD-ROM sr0
[    1.513137] sr 1:0:0:0: Attached scsi generic sg0 type 5
[    1.748404] input: ImExPS/2 Generic Explorer Mouse as /devices/platform/i8042/serio1/input/input3
[    1.749414] md: Skipping autodetection of RAID arrays. (raid=autodetect will force)
[    1.750040] 9p: Bad value for 'source'
[    1.751030] VFS: Mounted root (9p filesystem) readonly on device 0:20.
[    1.751744] devtmpfs: mounted
[    1.751967] VFS: Pivoted into new rootfs
[    1.752778] Freeing unused kernel image (initmem) memory: 3032K
[    1.753144] Write protecting the kernel read-only data: 36864k
[    1.754068] Freeing unused kernel image (text/rodata gap) memory: 344K
[    1.755046] Freeing unused kernel image (rodata/data gap) memory: 1420K
[    1.760598] x86/mm: Checked W+X mappings: passed, no W+X pages found.
[    1.760973] Run /home/yunwei37/.local/lib/python3.12/site-packages/virtme/guest/bin/virtme-ng-init as init process
[    1.761769]   with arguments:
[    1.761771]     /home/yunwei37/.local/lib/python3.12/site-packages/virtme/guest/bin/virtme-ng-init
[    1.761772]   with environment:
[    1.761773]     HOME=/
[    1.761773]     TERM=linux
[    1.761774]     virtme_hostname=virtme-ng
[    1.761775]     nr_open=1048576
[    1.761775]     virtme_initmount0=home/yunwei37/workspace/namei_ext
[    1.761776]     virtme_rw_overlay0=/etc
[    1.761776]     virtme_rw_overlay1=/lib
[    1.761777]     virtme_rw_overlay2=/home
[    1.761777]     virtme_rw_overlay3=/opt
[    1.761778]     virtme_rw_overlay4=/srv
[    1.761779]     virtme_rw_overlay5=/usr
[    1.761779]     virtme_rw_overlay6=/var
[    1.761780]     virtme_rw_overlay7=/tmp
[    1.761780]     virtme_rw_overlay8=/tmp
[    1.761781]     virtme_chdir=home/yunwei37/workspace/namei_ext
[    1.781586] virtme-ng-init: mount devtmpfs -> /dev: EBUSY: Device or resource busy
[    2.214648] systemd-tmpfile (72) used greatest stack depth: 12968 bytes left
[    2.215002] virtme-ng-init: Failed to open path '/var/lib/containers/storage': Permission denied
               Failed to opendir() '/proc/self/fd/5': Permission denied
[    2.262644] ip (77) used greatest stack depth: 12768 bytes left
[    2.279198] virtme-ng-init: Starting systemd-udevd version 255.4-1ubuntu8.16
[    2.279538] virtme-ng-init: triggering udev coldplug
[    3.074378] virtme-ng-init: waiting for udev to settle
[    3.247762] virtme-ng-init: udev is done
[    3.248701] virtme-ng-init: initialization done
[   10.245432] java (188) used greatest stack depth: 12232 bytes left
