make: Entering directory '/home/yunwei37/workspace/namei_ext'
if ! mountpoint -q /sys/fs/bpf; then mount -t bpf bpf /sys/fs/bpf; fi
if ! mountpoint -q /sys/kernel/debug; then mount -t debugfs debugfs /sys/kernel/debug; fi
if ! mountpoint -q /sys/fs/cgroup; then mount -t cgroup2 cgroup2 /sys/fs/cgroup; fi
inner_status=0; \
make --no-print-directory -C "/home/yunwei37/workspace/namei_ext" \
	__kubernetes_configmap_publication_guest_inner \
	KUBERNETES_CONFIGMAP_BOOT_DIR="results/experiments/kubernetes-configmap-publication-rq1/20260729T-kubernetes-configmap-publication-rq1-01/boots/repetition-02" \
	KUBERNETES_CONFIGMAP_RUN_DIR="results/experiments/kubernetes-configmap-publication-rq1/20260729T-kubernetes-configmap-publication-rq1-01" || \
	inner_status=$?; \
printf '%s\n' "$inner_status" \
	>"results/experiments/kubernetes-configmap-publication-rq1/20260729T-kubernetes-configmap-publication-rq1-01/boots/repetition-02/guest-inner.status"; \
inventory_after_status=0; \
test -d "results/experiments/kubernetes-configmap-publication-rq1/20260729T-kubernetes-configmap-publication-rq1-01/boots/repetition-02"; test -n "results/experiments/kubernetes-configmap-publication-rq1/20260729T-kubernetes-configmap-publication-rq1-01/artifacts/runtime/bpftool"; test -n "after"; command -v findmnt >/dev/null; command -v lsof >/dev/null; test -c /dev/fuse; "results/experiments/kubernetes-configmap-publication-rq1/20260729T-kubernetes-configmap-publication-rq1-01/artifacts/runtime/bpftool" -j prog show >"results/experiments/kubernetes-configmap-publication-rq1/20260729T-kubernetes-configmap-publication-rq1-01/boots/repetition-02/bpf-programs-after.json"; "results/experiments/kubernetes-configmap-publication-rq1/20260729T-kubernetes-configmap-publication-rq1-01/artifacts/runtime/bpftool" -j cgroup tree >"results/experiments/kubernetes-configmap-publication-rq1/20260729T-kubernetes-configmap-publication-rq1-01/boots/repetition-02/bpf-cgroup-after.json"; findmnt -rn -o FSTYPE,TARGET | awk '$1 == "fuse" || $1 == "fuseblk" || index($1, "fuse.") == 1' >"results/experiments/kubernetes-configmap-publication-rq1/20260729T-kubernetes-configmap-publication-rq1-01/boots/repetition-02/fuse-mounts-after.txt"; lsof_status=0; lsof -Fpc /dev/fuse >"results/experiments/kubernetes-configmap-publication-rq1/20260729T-kubernetes-configmap-publication-rq1-01/boots/repetition-02/fuse-open-fds-after.txt" || lsof_status=$?; printf '%s\n' "$lsof_status" >"results/experiments/kubernetes-configmap-publication-rq1/20260729T-kubernetes-configmap-publication-rq1-01/boots/repetition-02/fuse-open-fds-after.status"; case "$lsof_status" in 0|1) ;; *) exit 1 ;; esac || \
	inventory_after_status=$?; \
printf '%s\n' "$inventory_after_status" \
	>"results/experiments/kubernetes-configmap-publication-rq1/20260729T-kubernetes-configmap-publication-rq1-01/boots/repetition-02/guest-inventory-after.status"; \
dmesg_status=0; \
dmesg >"results/experiments/kubernetes-configmap-publication-rq1/20260729T-kubernetes-configmap-publication-rq1-01/boots/repetition-02/dmesg.log" || \
	dmesg_status=$?; \
if test "$dmesg_status" -eq 0; then \
	! grep -E 'BUG:|WARNING:|Oops:|Call Trace:|hung task|general protection|NULL pointer|KASAN|UBSAN|clocksource: Watchdog .*read timed out|Marking clocksource .* unstable' "results/experiments/kubernetes-configmap-publication-rq1/20260729T-kubernetes-configmap-publication-rq1-01/boots/repetition-02/dmesg.log" >/dev/null || \
		dmesg_status=$?; \
fi; \
printf '%s\n' "$dmesg_status" \
	>"results/experiments/kubernetes-configmap-publication-rq1/20260729T-kubernetes-configmap-publication-rq1-01/boots/repetition-02/guest-dmesg.status"; \
status=completed; \
if test "$inner_status" -ne 0 || \
   test "$inventory_after_status" -ne 0 || \
   test "$dmesg_status" -ne 0; then status=failed; fi; \
jq -n \
	--arg status "$status" \
	--argjson inner_status "$inner_status" \
	--argjson inventory_after_status "$inventory_after_status" \
	--argjson dmesg_status "$dmesg_status" \
	--arg completed_at "$(date -u +%Y-%m-%dT%H:%M:%SZ)" \
	'{status:$status,inner_status:$inner_status,inventory_after_status:$inventory_after_status,dmesg_status:$dmesg_status,completed_at:$completed_at}' \
	>"results/experiments/kubernetes-configmap-publication-rq1/20260729T-kubernetes-configmap-publication-rq1-01/boots/repetition-02/boot.json"; \
test "$status" = completed
test -n "results/experiments/kubernetes-configmap-publication-rq1/20260729T-kubernetes-configmap-publication-rq1-01/boots/repetition-02"
test -n "results/experiments/kubernetes-configmap-publication-rq1/20260729T-kubernetes-configmap-publication-rq1-01"
test -x "results/experiments/kubernetes-configmap-publication-rq1/20260729T-kubernetes-configmap-publication-rq1-01/artifacts/runtime/atomic-writer-driver"
test -x "results/experiments/kubernetes-configmap-publication-rq1/20260729T-kubernetes-configmap-publication-rq1-01/artifacts/runtime/namei_ext_kubernetes_configmap_publication"
test -r "results/experiments/kubernetes-configmap-publication-rq1/20260729T-kubernetes-configmap-publication-rq1-01/artifacts/runtime/kubernetes_configmap_publication.bpf.o"
test -x "results/experiments/kubernetes-configmap-publication-rq1/20260729T-kubernetes-configmap-publication-rq1-01/artifacts/runtime/bpftool"
cp "results/experiments/kubernetes-configmap-publication-rq1/20260729T-kubernetes-configmap-publication-rq1-01/artifacts/kernel/config" "results/experiments/kubernetes-configmap-publication-rq1/20260729T-kubernetes-configmap-publication-rq1-01/boots/repetition-02/kernel.config"
printf '%s\n' "621aff8d1bb52fad718f11fd882c956d6a5686ae" >"results/experiments/kubernetes-configmap-publication-rq1/20260729T-kubernetes-configmap-publication-rq1-01/boots/repetition-02/kernel-commit.txt"
actual_release=$(uname -r); test "$actual_release" = "7.1.0-rc7-g621aff8d1bb5"; printf '%s\n' "$actual_release" >"results/experiments/kubernetes-configmap-publication-rq1/20260729T-kubernetes-configmap-publication-rq1-01/boots/repetition-02/kernel-release.txt"
uname -a >"results/experiments/kubernetes-configmap-publication-rq1/20260729T-kubernetes-configmap-publication-rq1-01/boots/repetition-02/uname.txt"
cat /proc/version >"results/experiments/kubernetes-configmap-publication-rq1/20260729T-kubernetes-configmap-publication-rq1-01/boots/repetition-02/proc-version.txt"
cat /proc/cmdline >"results/experiments/kubernetes-configmap-publication-rq1/20260729T-kubernetes-configmap-publication-rq1-01/boots/repetition-02/kernel-cmdline.txt"
test -d "results/experiments/kubernetes-configmap-publication-rq1/20260729T-kubernetes-configmap-publication-rq1-01/boots/repetition-02"; test -n "results/experiments/kubernetes-configmap-publication-rq1/20260729T-kubernetes-configmap-publication-rq1-01/artifacts/runtime/bpftool"; test -n "before"; command -v findmnt >/dev/null; command -v lsof >/dev/null; test -c /dev/fuse; "results/experiments/kubernetes-configmap-publication-rq1/20260729T-kubernetes-configmap-publication-rq1-01/artifacts/runtime/bpftool" -j prog show >"results/experiments/kubernetes-configmap-publication-rq1/20260729T-kubernetes-configmap-publication-rq1-01/boots/repetition-02/bpf-programs-before.json"; "results/experiments/kubernetes-configmap-publication-rq1/20260729T-kubernetes-configmap-publication-rq1-01/artifacts/runtime/bpftool" -j cgroup tree >"results/experiments/kubernetes-configmap-publication-rq1/20260729T-kubernetes-configmap-publication-rq1-01/boots/repetition-02/bpf-cgroup-before.json"; findmnt -rn -o FSTYPE,TARGET | awk '$1 == "fuse" || $1 == "fuseblk" || index($1, "fuse.") == 1' >"results/experiments/kubernetes-configmap-publication-rq1/20260729T-kubernetes-configmap-publication-rq1-01/boots/repetition-02/fuse-mounts-before.txt"; lsof_status=0; lsof -Fpc /dev/fuse >"results/experiments/kubernetes-configmap-publication-rq1/20260729T-kubernetes-configmap-publication-rq1-01/boots/repetition-02/fuse-open-fds-before.txt" || lsof_status=$?; printf '%s\n' "$lsof_status" >"results/experiments/kubernetes-configmap-publication-rq1/20260729T-kubernetes-configmap-publication-rq1-01/boots/repetition-02/fuse-open-fds-before.status"; case "$lsof_status" in 0|1) ;; *) exit 1 ;; esac
: >"results/experiments/kubernetes-configmap-publication-rq1/20260729T-kubernetes-configmap-publication-rq1-01/boots/repetition-02/observations.jsonl"
"results/experiments/kubernetes-configmap-publication-rq1/20260729T-kubernetes-configmap-publication-rq1-01/artifacts/runtime/atomic-writer-driver" \
	"results/experiments/kubernetes-configmap-publication-rq1/20260729T-kubernetes-configmap-publication-rq1-01/boots/repetition-02/observations.jsonl" \
	"results/experiments/kubernetes-configmap-publication-rq1/20260729T-kubernetes-configmap-publication-rq1-01/boots/repetition-02/source-volume" \
	"results/experiments/kubernetes-configmap-publication-rq1/20260729T-kubernetes-configmap-publication-rq1-01/boots/repetition-02" \
	>"results/experiments/kubernetes-configmap-publication-rq1/20260729T-kubernetes-configmap-publication-rq1-01/boots/repetition-02/source-driver.stdout.log" \
	2>"results/experiments/kubernetes-configmap-publication-rq1/20260729T-kubernetes-configmap-publication-rq1-01/boots/repetition-02/source-driver.stderr.log"
"results/experiments/kubernetes-configmap-publication-rq1/20260729T-kubernetes-configmap-publication-rq1-01/artifacts/runtime/namei_ext_kubernetes_configmap_publication" \
	"results/experiments/kubernetes-configmap-publication-rq1/20260729T-kubernetes-configmap-publication-rq1-01/artifacts/runtime/kubernetes_configmap_publication.bpf.o" \
	"results/experiments/kubernetes-configmap-publication-rq1/20260729T-kubernetes-configmap-publication-rq1-01/boots/repetition-02/observations.jsonl" \
	"results/experiments/kubernetes-configmap-publication-rq1/20260729T-kubernetes-configmap-publication-rq1-01/boots/repetition-02" /sys/fs/cgroup \
	>"results/experiments/kubernetes-configmap-publication-rq1/20260729T-kubernetes-configmap-publication-rq1-01/boots/repetition-02/namei-runner.stdout.log" \
	2>"results/experiments/kubernetes-configmap-publication-rq1/20260729T-kubernetes-configmap-publication-rq1-01/boots/repetition-02/namei-runner.stderr.log"
make: Leaving directory '/home/yunwei37/workspace/namei_ext'
