[    0.000000] Linux version 7.1.0-rc7-g621aff8d1bb5 (yunwei37@lab) (gcc (Ubuntu 13.3.0-6ubuntu2~24.04.1) 13.3.0, GNU ld (GNU Binutils for Ubuntu) 2.42) #1 SMP PREEMPT_DYNAMIC Wed Jul 29 05:35:23 PDT 2026
[    0.000000] Command line: virtme_hostname=virtme-ng nr_open=1048576 virtme_initmount0=home/yunwei37/workspace/namei_ext virtme_rw_overlay0=/etc virtme_rw_overlay1=/lib virtme_rw_overlay2=/home virtme_rw_overlay3=/opt virtme_rw_overlay4=/srv virtme_rw_overlay5=/usr virtme_rw_overlay6=/var virtme_rw_overlay7=/tmp virtme_rw_overlay8=/tmp console=ttyS0 earlyprintk=serial,ttyS0,115200 quiet loglevel=0 panic=-1 virtme.exec=`bWFrZSAtQyAvaG9tZS95dW53ZWkzNy93b3Jrc3BhY2UvbmFtZWlfZXh0IF9fYnVpbGRfYWN0aW9uX3NhbmRib3hpbmdfZ3Vlc3QgQlVJTERfQUNUSU9OX1NBTkRCT1hJTkdfQk9PVF9ESVI9cmVzdWx0cy9leHBlcmltZW50cy9idWlsZC1hY3Rpb24tc2FuZGJveGluZy1ycTEvMjAyNjA3MjlUMTgwMTIxWi13My1mb3JtYWwwMi9ib290cy9yZXBldGl0aW9uLTAyIEJVSUxEX0FDVElPTl9TQU5EQk9YSU5HX1JVTl9ESVI9cmVzdWx0cy9leHBlcmltZW50cy9idWlsZC1hY3Rpb24tc2FuZGJveGluZy1ycTEvMjAyNjA3MjlUMTgwMTIxWi13My1mb3JtYWwwMiBSVU5fSUQ9MjAyNjA3MjlUMTgwMTIxWi13My1mb3JtYWwwMiA=` virtme_chdir=home/yunwei37/workspace/namei_ext rootfstype=9p rootflags=version=9p2000.L,trans=virtio,access=any raid=noautodetect ro quiet lo
[    0.000000] x86/CPU: Model not found in latest microcode list
[    0.000000] x86/split lock detection: #DB: warning on user-space bus_locks
[    0.000000] BIOS-provided physical RAM map:
[    0.000000] BIOS-e820: [mem 0x0000000000000000-0x000000000009fbff]  System RAM
[    0.000000] BIOS-e820: [mem 0x000000000009fc00-0x000000000009ffff]  device reserved
[    0.000000] BIOS-e820: [gap 0x00000000000a0000-0x00000000000effff]
[    0.000000] BIOS-e820: [mem 0x00000000000f0000-0x00000000000fffff]  device reserved
[    0.000000] BIOS-e820: [mem 0x0000000000100000-0x00000000bffdffff]  System RAM
[    0.000000] BIOS-e820: [mem 0x00000000bffe0000-0x00000000bfffffff]  device reserved
[    0.000000] BIOS-e820: [gap 0x00000000c0000000-0x00000000feffbfff]
[    0.000000] BIOS-e820: [mem 0x00000000feffc000-0x00000000feffffff]  device reserved
[    0.000000] BIOS-e820: [gap 0x00000000ff000000-0x00000000fffbffff]
[    0.000000] BIOS-e820: [mem 0x00000000fffc0000-0x00000000ffffffff]  device reserved
[    0.000000] BIOS-e820: [mem 0x0000000100000000-0x000000023fffffff]  System RAM
[    0.000000] printk: legacy bootconsole [earlyser0] enabled
[    0.000000] NX (Execute Disable) protection: active
[    0.000000] APIC: Static calls initialized
[    0.000000] DMI: SMBIOS 2.8 present.
[    0.000000] DMI: QEMU Standard PC (i440FX + PIIX, 1996), BIOS rel-1.16.3-0-ga6ed6b701f0a-prebuilt.qemu.org 04/01/2014
[    0.000000] DMI: Memory slots populated: 1/1
[    0.000000] Hypervisor detected: KVM
[    0.000000] last_pfn = 0xbffe0 max_arch_pfn = 0x400000000
[    0.000000] kvm-clock: Using msrs 4b564d01 and 4b564d00
[    0.000000] kvm-clock: using sched offset of 462568292 cycles
[    0.000314] clocksource: kvm-clock: mask: 0xffffffffffffffff max_cycles: 0x1cd42e4dffb, max_idle_ns: 881590591483 ns
[    0.001289] tsc: Detected 3686.400 MHz processor
[    0.001729] e820: update [mem 0x00000000-0x00000fff] System RAM ==> device reserved
[    0.001731] e820: remove [mem 0x000a0000-0x000fffff] System RAM
[    0.001734] last_pfn = 0x240000 max_arch_pfn = 0x400000000
[    0.002087] MTRR map: 4 entries (3 fixed + 1 variable; max 19), built from 8 variable MTRRs
[    0.002591] x86/PAT: Configuration [0-7]: WB  WC  UC- UC  WB  WP  UC- WT  
[    0.003225] last_pfn = 0xbffe0 max_arch_pfn = 0x400000000
[    0.008792] found SMP MP-table at [mem 0x000f5440-0x000f544f]
[    0.009146] Using GB pages for direct mapping
[    0.010001] ACPI: Early table checksum verification disabled
[    0.010344] ACPI: RSDP 0x00000000000F5240 000014 (v00 BOCHS )
[    0.010697] ACPI: RSDT 0x00000000BFFE2443 000034 (v01 BOCHS  BXPC     00000001 BXPC 00000001)
[    0.011213] ACPI: FACP 0x00000000BFFE22DF 000074 (v01 BOCHS  BXPC     00000001 BXPC 00000001)
[    0.011731] ACPI: DSDT 0x00000000BFFE0040 00229F (v01 BOCHS  BXPC     00000001 BXPC 00000001)
[    0.012246] ACPI: FACS 0x00000000BFFE0000 000040
[    0.012531] ACPI: APIC 0x00000000BFFE2353 000090 (v03 BOCHS  BXPC     00000001 BXPC 00000001)
[    0.013044] ACPI: HPET 0x00000000BFFE23E3 000038 (v01 BOCHS  BXPC     00000001 BXPC 00000001)
[    0.013558] ACPI: WAET 0x00000000BFFE241B 000028 (v01 BOCHS  BXPC     00000001 BXPC 00000001)
[    0.014072] ACPI: Reserving FACP table memory at [mem 0xbffe22df-0xbffe2352]
[    0.014497] ACPI: Reserving DSDT table memory at [mem 0xbffe0040-0xbffe22de]
[    0.014920] ACPI: Reserving FACS table memory at [mem 0xbffe0000-0xbffe003f]
[    0.015343] ACPI: Reserving APIC table memory at [mem 0xbffe2353-0xbffe23e2]
[    0.015767] ACPI: Reserving HPET table memory at [mem 0xbffe23e3-0xbffe241a]
[    0.016189] ACPI: Reserving WAET table memory at [mem 0xbffe241b-0xbffe2442]
[    0.016782] No NUMA configuration found
[    0.017013] Faking a node at [mem 0x0000000000000000-0x000000023fffffff]
[    0.017417] NODE_DATA(0) allocated [mem 0x23fffa680-0x23fffdfff]
[    0.018089] ACPI: PM-Timer IO Port: 0x608
[    0.018339] ACPI: LAPIC_NMI (acpi_id[0xff] dfl dfl lint[0x1])
[    0.018710] IOAPIC[0]: apic_id 0, version 17, address 0xfec00000, GSI 0-23
[    0.019125] ACPI: INT_SRC_OVR (bus 0 bus_irq 0 global_irq 2 dfl dfl)
[    0.019510] ACPI: INT_SRC_OVR (bus 0 bus_irq 5 global_irq 5 high level)
[    0.019906] ACPI: INT_SRC_OVR (bus 0 bus_irq 9 global_irq 9 high level)
[    0.020304] ACPI: INT_SRC_OVR (bus 0 bus_irq 10 global_irq 10 high level)
[    0.020713] ACPI: INT_SRC_OVR (bus 0 bus_irq 11 global_irq 11 high level)
[    0.021124] ACPI: Using ACPI (MADT) for SMP configuration information
[    0.021514] ACPI: HPET id: 0x8086a201 base: 0xfed00000
[    0.021824] TSC deadline timer available
[    0.022061] CPU topo: Max. logical packages:   1
[    0.022338] CPU topo: Max. logical nodes:      1
[    0.022616] CPU topo: Num. nodes per package:  1
[    0.022893] CPU topo: Max. logical dies:       1
[    0.023169] CPU topo: Max. dies per package:   1
[    0.023449] CPU topo: Max. threads per core:   1
[    0.023725] CPU topo: Num. cores per package:     4
[    0.024016] CPU topo: Num. threads per package:   4
[    0.024308] CPU topo: Allowing 4 present CPUs plus 0 hotplug CPUs
[    0.024684] kvm-guest: APIC: eoi() replaced with kvm_guest_apic_eoi_write()
[    0.025111] kvm-guest: KVM setup pv remote TLB flush
[    0.025413] kvm-guest: setup PV sched yield
[    0.025669] PM: hibernation: Registered nosave memory: [mem 0x00000000-0x00000fff]
[    0.026123] PM: hibernation: Registered nosave memory: [mem 0x0009f000-0x000fffff]
[    0.026579] PM: hibernation: Registered nosave memory: [mem 0xbffe0000-0xffffffff]
[    0.027035] [gap 0xc0000000-0xfeffbfff] available for PCI devices
[    0.027402] Booting paravirtualized kernel on KVM
[    0.027683] clocksource: refined-jiffies: mask: 0xffffffff max_cycles: 0xffffffff, max_idle_ns: 1910969940391419 ns
[    0.033418] Zone ranges:
[    0.033573]   DMA      [mem 0x0000000000001000-0x0000000000ffffff]
[    0.033945]   DMA32    [mem 0x0000000001000000-0x00000000ffffffff]
[    0.034317]   Normal   [mem 0x0000000100000000-0x000000023fffffff]
[    0.034690] Movable zone start for each node
[    0.034945] Early memory node ranges
[    0.035159]   node   0: [mem 0x0000000000001000-0x000000000009efff]
[    0.035534]   node   0: [mem 0x0000000000100000-0x00000000bffdffff]
[    0.035908]   node   0: [mem 0x0000000100000000-0x000000023fffffff]
[    0.036283] Initmem setup node 0 [mem 0x0000000000001000-0x000000023fffffff]
[    0.037100] On node 0, zone DMA: 1 pages in unavailable ranges
[    0.037645] On node 0, zone DMA: 97 pages in unavailable ranges
[    0.422884] On node 0, zone Normal: 32 pages in unavailable ranges
[    0.423309] setup_percpu: NR_CPUS:64 nr_cpumask_bits:4 nr_cpu_ids:4 nr_node_ids:1
[    0.425444] percpu: Embedded 54 pages/cpu s183960 r8192 d29032 u524288
[    0.425883] pcpu-alloc: s183960 r8192 d29032 u524288 alloc=1*2097152
[    0.425888] pcpu-alloc: [0] 0 1 2 3 
[    0.425924] Kernel command line: virtme_hostname=virtme-ng nr_open=1048576 virtme_initmount0=home/yunwei37/workspace/namei_ext virtme_rw_overlay0=/etc virtme_rw_overlay1=/lib virtme_rw_overlay2=/home virtme_rw_overlay3=/opt virtme_rw_overlay4=/srv virtme_rw_overlay5=/usr virtme_rw_overlay6=/var virtme_rw_overlay7=/tmp virtme_rw_overlay8=/tmp console=ttyS0 earlyprintk=serial,ttyS0,115200 quiet loglevel=0 panic=-1 virtme.exec=`bWFrZSAtQyAvaG9tZS95dW53ZWkzNy93b3Jrc3BhY2UvbmFtZWlfZXh0IF9fYnVpbGRfYWN0aW9uX3NhbmRib3hpbmdfZ3Vlc3QgQlVJTERfQUNUSU9OX1NBTkRCT1hJTkdfQk9PVF9ESVI9cmVzdWx0cy9leHBlcmltZW50cy9idWlsZC1hY3Rpb24tc2FuZGJveGluZy1ycTEvMjAyNjA3MjlUMTgwMTIxWi13My1mb3JtYWwwMi9ib290cy9yZXBldGl0aW9uLTAyIEJVSUxEX0FDVElPTl9TQU5EQk9YSU5HX1JVTl9ESVI9cmVzdWx0cy9leHBlcmltZW50cy9idWlsZC1hY3Rpb24tc2FuZGJveGluZy1ycTEvMjAyNjA3MjlUMTgwMTIxWi13My1mb3JtYWwwMiBSVU5fSUQ9MjAyNjA3MjlUMTgwMTIxWi13My1mb3JtYWwwMiA=` virtme_chdir=home/yunwei37/workspace/namei_ext rootfstype=9p rootflags=version=9p2000.L,trans=virtio,access=any raid=noautodetect ro \
[    0.425927] Kernel command line: quiet loglevel=1 loglevel=7 panic=30 oops=panic tsc=reliable clocksource=tsc init=/home/yunwei37/.local/lib/python3.12/site-packages/virtme/guest/bin/virtme-ng-init
[    0.432683] Unknown kernel command line parameters "virtme_hostname=virtme-ng nr_open=1048576 virtme_initmount0=home/yunwei37/workspace/namei_ext virtme_rw_overlay0=/etc virtme_rw_overlay1=/lib virtme_rw_overlay2=/home virtme_rw_overlay3=/opt virtme_rw_overlay4=/srv virtme_rw_overlay5=/usr virtme_rw_overlay6=/var virtme_rw_overlay7=/tmp virtme_rw_overlay8=/tmp virtme_chdir=home/yunwei37/workspace/namei_ext", will be passed to user space.
[    0.435062] random: crng init done
[    0.435272] printk: log buffer data + meta data: 262144 + 917504 = 1179648 bytes
[    0.497830] Dentry cache hash table entries: 1048576 (order: 11, 8388608 bytes, linear)
[    0.581029] Inode-cache hash table entries: 524288 (order: 10, 4194304 bytes, linear)
[    0.581648] software IO TLB: area num 4.
[    0.761784] Fallback order for Node 0: 0 
[    0.761801] Built 1 zonelists, mobility grouping on.  Total pages: 2097022
[    0.762453] Policy zone: Normal
[    0.762634] mem auto-init: stack:all(zero), heap alloc:off, heap free:off
[    0.786327] SLUB: HWalign=64, Order=0-3, MinObjects=0, CPUs=4, Nodes=1
[    0.787812] Dynamic Preempt: lazy
[    0.788238] rcu: Preemptible hierarchical RCU implementation.
[    0.788568] rcu: 	RCU event tracing is enabled.
[    0.788826] rcu: 	RCU restricting CPUs from NR_CPUS=64 to nr_cpu_ids=4.
[    0.789204] 	Trampoline variant of Tasks RCU enabled.
[    0.789496] 	Tracing variant of Tasks RCU enabled.
[    0.789770] rcu: RCU calculated value of scheduler-enlistment delay is 100 jiffies.
[    0.790207] rcu: Adjusting geometry for rcu_fanout_leaf=16, nr_cpu_ids=4
[    0.790609] RCU Tasks: Setting shift to 2 and lim to 1 rcu_task_cb_adjust=1 rcu_task_cpu_ids=4.
[    0.793899] NR_IRQS: 4352, nr_irqs: 456, preallocated irqs: 16
[    0.794441] rcu: srcu_init: Setting srcu_struct sizes based on contention.
[    0.794957] Console: colour *CGA 80x25
[    0.795199] printk: legacy console [ttyS0] enabled
[    0.795760] printk: legacy bootconsole [earlyser0] disabled
[    0.796419] ACPI: Core revision 20251212
[    0.796748] clocksource: hpet: mask: 0xffffffff max_cycles: 0xffffffff, max_idle_ns: 19112604467 ns
[    0.797390] APIC: Switch to symmetric I/O mode setup
[    0.797815] x2apic enabled
[    0.798163] APIC: Switched APIC routing to: physical x2apic
[    0.798525] kvm-guest: APIC: send_IPI_mask() replaced with kvm_send_ipi_mask()
[    0.798960] kvm-guest: APIC: send_IPI_mask_allbutself() replaced with kvm_send_ipi_mask_allbutself()
[    0.799522] kvm-guest: setup PV IPIs
[    0.800386] ..TIMER: vector=0x30 apic1=0 pin1=2 apic2=-1 pin2=-1
[    0.800808] clocksource: tsc-early: mask: 0xffffffffffffffff max_cycles: 0x6a464ae9873, max_idle_ns: 881590529744 ns
[    0.801427] Calibrating delay loop (skipped) preset value.. 7372.80 BogoMIPS (lpj=3686400)
[    0.802543] x86/cpu: User Mode Instruction Prevention (UMIP) activated
[    0.802989] Last level iTLB entries: 4KB 0, 2MB 0, 4MB 0
[    0.803426] Last level dTLB entries: 4KB 0, 2MB 0, 4MB 0, 1GB 0
[    0.803780] mitigations: Enabled attack vectors: user_kernel, user_user, SMT mitigations: auto
[    0.804426] Speculative Store Bypass: Mitigation: Speculative Store Bypass disabled via prctl
[    0.804927] Spectre V2 : Mitigation: Enhanced / Automatic IBRS
[    0.805426] Spectre V1 : Mitigation: usercopy/swapgs barriers and __user pointer sanitization
[    0.805948] Spectre V2 : mitigation: Enabling conditional Indirect Branch Prediction Barrier
[    0.806441] x86/fpu: Supporting XSAVE feature 0x001: 'x87 floating point registers'
[    0.806910] x86/fpu: Supporting XSAVE feature 0x002: 'SSE registers'
[    0.807426] x86/fpu: Supporting XSAVE feature 0x004: 'AVX registers'
[    0.807814] x86/fpu: Supporting XSAVE feature 0x200: 'Protection Keys User registers'
[    0.808426] x86/fpu: xstate_offset[2]:  576, xstate_sizes[2]:  256
[    0.808804] x86/fpu: xstate_offset[9]:  832, xstate_sizes[9]:    8
[    0.809183] x86/fpu: Enabled xstate features 0x207, context size is 840 bytes, using 'compacted' format.
[    0.824907] pid_max: default: 32768 minimum: 301
[    0.825247] SELinux:  Initializing.
[    0.825776] Mount-cache hash table entries: 16384 (order: 5, 131072 bytes, linear)
[    0.826327] Mountpoint-cache hash table entries: 16384 (order: 5, 131072 bytes, linear)
[    0.826548] VFS: Finished mounting rootfs on nullfs
[    0.827572] smpboot: CPU0: Intel(R) Core(TM) Ultra 9 285K (family: 0x6, model: 0xc6, stepping: 0x2)
[    0.828383] Performance Events: unsupported CPU family 6 model 198 no PMU driver, software events only.
[    0.828461] signal: max sigframe size: 3632
[    0.828748] rcu: Hierarchical SRCU implementation.
[    0.829064] rcu: 	Max phase no-delay instances is 400.
[    0.829436] Timer migration: 1 hierarchy levels; 8 children per group; 1 crossnode level
[    0.830188] smp: Bringing up secondary CPUs ...
[    0.830594] smpboot: x86: Booting SMP configuration:
[    0.830942] .... node  #0, CPUs:      #1 #2 #3
[    0.831559] smp: Brought up 1 node, 4 CPUs
[    0.832690] smpboot: Total of 4 processors activated (29491.20 BogoMIPS)
[    0.833384] Memory: 8122232K/8388088K available (20133K kernel code, 3048K rwdata, 14964K rodata, 3032K init, 632K bss, 261280K reserved, 0K cma-reserved)
[    0.833814] devtmpfs: initialized
[    0.834658] clocksource: jiffies: mask: 0xffffffff max_cycles: 0xffffffff, max_idle_ns: 1911260446275000 ns
[    0.835037] posixtimers hash table entries: 2048 (order: 3, 32768 bytes, linear)
[    0.835497] futex hash table entries: 1024 (65536 bytes on 1 NUMA nodes, total 64 KiB, linear).
[    0.836115] PM: RTC time: 18:01:37, date: 2026-07-29
[    0.838788] NET: Registered PF_NETLINK/PF_ROUTE protocol family
[    0.839250] audit: initializing netlink subsys (disabled)
[    0.839729] audit: type=2000 audit(1785348097.513:1): state=initialized audit_enabled=0 res=1
[    0.839745] thermal_sys: Registered thermal governor 'step_wise'
[    0.840430] cpuidle: using governor menu
[    0.841200] Freeing SMP alternatives memory: 60K
[    0.841646] PCI: Using configuration type 1 for base access
[    0.842032] kprobes: kprobe jump-optimization is enabled. All kprobes are optimized if possible.
[    0.842568] HugeTLB: registered 2.00 MiB page size, pre-allocated 0 pages
[    0.842568] HugeTLB: 28 KiB vmemmap can be freed for a 2.00 MiB page
[    0.843512] ACPI: Added _OSI(Module Device)
[    0.843878] ACPI: Added _OSI(Processor Device)
[    0.844260] ACPI: Added _OSI(Processor Aggregator Device)
[    0.846113] ACPI: 1 ACPI AML tables successfully acquired and loaded
[    0.849431] ACPI: \_SB_: platform _OSC: OS support mask [002a7eee]
[    0.849888] ACPI: Interpreter enabled
[    0.850138] ACPI: PM: (supports S0 S3 S4 S5)
[    0.850428] ACPI: Using IOAPIC for interrupt routing
[    0.850740] PCI: Using host bridge windows from ACPI; if necessary, use "pci=nocrs" and report a bug
[    0.851294] PCI: Using E820 reservations for host bridge windows
[    0.851468] ACPI: Enabled 2 GPEs in block 00 to 0F
[    0.852965] ACPI: PCI Root Bridge [PCI0] (domain 0000 [bus 00-ff])
[    0.853352] acpi PNP0A03:00: _OSC: OS supports [ASPM ClockPM Segments MSI HPX-Type3]
[    0.853428] acpi PNP0A03:00: _OSC: not requesting OS control; OS requires [ExtendedConfig ASPM ClockPM MSI]
[    0.854030] acpi PNP0A03:00: _OSC: platform retains control of PCIe features (AE_ERROR)
[    0.854430] acpi PNP0A03:00: fail to add MMCONFIG information, can't access extended configuration space under this bridge
[    0.855171] PCI host bridge to bus 0000:00
[    0.855428] pci_bus 0000:00: root bus resource [io  0x0000-0x0cf7 window]
[    0.855851] pci_bus 0000:00: root bus resource [io  0x0d00-0xffff window]
[    0.856265] pci_bus 0000:00: root bus resource [mem 0x000a0000-0x000bffff window]
[    0.856427] pci_bus 0000:00: root bus resource [mem 0xc0000000-0xfebfffff window]
[    0.856886] pci_bus 0000:00: root bus resource [mem 0x380000000000-0x38007fffffff window]
[    0.857385] pci_bus 0000:00: root bus resource [bus 00-ff]
[    0.857452] pci 0000:00:00.0: [8086:1237] type 00 class 0x060000 conventional PCI endpoint
[    0.858248] pci 0000:00:01.0: [8086:7000] type 00 class 0x060100 conventional PCI endpoint
[    0.858735] pci 0000:00:01.1: [8086:7010] type 00 class 0x010180 conventional PCI endpoint
[    0.859848] pci 0000:00:01.1: BAR 4 [io  0xc200-0xc20f]
[    0.860192] pci 0000:00:01.1: BAR 0 [io  0x01f0-0x01f7]: legacy IDE quirk
[    0.860427] pci 0000:00:01.1: BAR 1 [io  0x03f6]: legacy IDE quirk
[    0.860805] pci 0000:00:01.1: BAR 2 [io  0x0170-0x0177]: legacy IDE quirk
[    0.861219] pci 0000:00:01.1: BAR 3 [io  0x0376]: legacy IDE quirk
[    0.861526] pci 0000:00:01.3: [8086:7113] type 00 class 0x068000 conventional PCI endpoint
[    0.862278] pci 0000:00:01.3: quirk: [io  0x0600-0x063f] claimed by PIIX4 ACPI
[    0.862431] pci 0000:00:01.3: quirk: [io  0x0700-0x070f] claimed by PIIX4 SMB
[    0.863066] pci 0000:00:02.0: [1af4:1009] type 00 class 0x000200 conventional PCI endpoint
[    0.864432] pci 0000:00:02.0: BAR 0 [io  0xc000-0xc03f]
[    0.864758] pci 0000:00:02.0: BAR 1 [mem 0xfebf7000-0xfebf7fff]
[    0.865444] pci 0000:00:02.0: BAR 4 [mem 0x380000000000-0x380000003fff 64bit pref]
[    0.866569] pci 0000:00:03.0: [1af4:1009] type 00 class 0x000200 conventional PCI endpoint
[    0.867963] pci 0000:00:03.0: BAR 0 [io  0xc040-0xc07f]
[    0.868290] pci 0000:00:03.0: BAR 1 [mem 0xfebf8000-0xfebf8fff]
[    0.868444] pci 0000:00:03.0: BAR 4 [mem 0x380000004000-0x380000007fff 64bit pref]
[    0.869452] pci 0000:00:04.0: [8086:25ab] type 00 class 0x088000 conventional PCI endpoint
[    0.870432] pci 0000:00:04.0: BAR 0 [mem 0xfebf9000-0xfebf900f]
[    0.871181] pci 0000:00:05.0: [1af4:1003] type 00 class 0x078000 conventional PCI endpoint
[    0.873159] pci 0000:00:05.0: BAR 0 [io  0xc080-0xc0bf]
[    0.873432] pci 0000:00:05.0: BAR 1 [mem 0xfebfa000-0xfebfafff]
[    0.873813] pci 0000:00:05.0: BAR 4 [mem 0x380000008000-0x38000000bfff 64bit pref]
[    0.875228] pci 0000:00:06.0: [1af4:1003] type 00 class 0x078000 conventional PCI endpoint
[    0.876432] pci 0000:00:06.0: BAR 0 [io  0xc0c0-0xc0ff]
[    0.876761] pci 0000:00:06.0: BAR 1 [mem 0xfebfb000-0xfebfbfff]
[    0.877149] pci 0000:00:06.0: BAR 4 [mem 0x38000000c000-0x38000000ffff 64bit pref]
[    0.878012] pci 0000:00:07.0: [1af4:1003] type 00 class 0x078000 conventional PCI endpoint
[    0.879432] pci 0000:00:07.0: BAR 0 [io  0xc100-0xc13f]
[    0.879761] pci 0000:00:07.0: BAR 1 [mem 0xfebfc000-0xfebfcfff]
[    0.880142] pci 0000:00:07.0: BAR 4 [mem 0x380000010000-0x380000013fff 64bit pref]
[    0.880999] pci 0000:00:08.0: [1af4:1003] type 00 class 0x078000 conventional PCI endpoint
[    0.882433] pci 0000:00:08.0: BAR 0 [io  0xc140-0xc17f]
[    0.882759] pci 0000:00:08.0: BAR 1 [mem 0xfebfd000-0xfebfdfff]
[    0.883139] pci 0000:00:08.0: BAR 4 [mem 0x380000014000-0x380000017fff 64bit pref]
[    0.884002] pci 0000:00:09.0: [1af4:1003] type 00 class 0x078000 conventional PCI endpoint
[    0.885293] pci 0000:00:09.0: BAR 0 [io  0xc180-0xc1bf]
[    0.885432] pci 0000:00:09.0: BAR 1 [mem 0xfebfe000-0xfebfefff]
[    0.885818] pci 0000:00:09.0: BAR 4 [mem 0x380000018000-0x38000001bfff 64bit pref]
[    0.886870] pci 0000:00:0a.0: [1af4:1003] type 00 class 0x078000 conventional PCI endpoint
[    0.887940] pci 0000:00:0a.0: BAR 0 [io  0xc1c0-0xc1ff]
[    0.888268] pci 0000:00:0a.0: BAR 1 [mem 0xfebff000-0xfebfffff]
[    0.888444] pci 0000:00:0a.0: BAR 4 [mem 0x38000001c000-0x38000001ffff 64bit pref]
[    0.890826] ACPI: PCI: Interrupt link LNKA configured for IRQ 10
[    0.891244] ACPI: PCI: Interrupt link LNKB configured for IRQ 10
[    0.891468] ACPI: PCI: Interrupt link LNKC configured for IRQ 11
[    0.891880] ACPI: PCI: Interrupt link LNKD configured for IRQ 11
[    0.892482] ACPI: PCI: Interrupt link LNKS configured for IRQ 9
[    0.893047] iommu: Default domain type: Translated
[    0.893374] iommu: DMA domain TLB invalidation policy: lazy mode
[    0.895490] SCSI subsystem initialized
[    0.896476] libata version 3.00 loaded.
[    0.896476] ACPI: bus type USB registered
[    0.896785] usbcore: registered new interface driver usbfs
[    0.897433] usbcore: registered new interface driver hub
[    0.897764] usbcore: registered new device driver usb
[    0.898107] pps_core: LinuxPPS API ver. 1 registered
[    0.898414] pps_core: Software ver. 5.3.6 - Copyright 2005-2007 Rodolfo Giometti <giometti@linux.it>
[    0.898438] PTP clock support registered
[    0.898692] Advanced Linux Sound Architecture Driver Initialized.
[    0.899453] NetLabel: Initializing
[    0.899677] NetLabel:  domain hash size = 128
[    0.899949] NetLabel:  protocols = UNLABELED CIPSOv4 CALIPSO
[    0.900330] NetLabel:  unlabeled traffic allowed by default
[    0.900479] PCI: Using ACPI for IRQ routing
[    0.900692] PCI: pci_cache_line_size set to 64 bytes
[    0.900821] e820: register RAM buffer resource [mem 0x0009fc00-0x0009ffff]
[    0.901310] e820: register RAM buffer resource [mem 0xbffe0000-0xbfffffff]
[    0.901438] vgaarb: loaded
[    0.901663] hpet0: at MMIO 0xfed00000, IRQs 2, 8, 0
[    0.901969] hpet0: 3 comparators, 64-bit 100.000000 MHz counter
[    0.904452] clocksource: Switched to clocksource kvm-clock
[    0.904960] VFS: Disk quotas dquot_6.6.0
[    0.905238] VFS: Dquot-cache hash table entries: 512 (order 0, 4096 bytes)
[    0.905899] pnp: PnP ACPI init
[    0.906259] pnp 00:02: [dma 2]
[    0.906436] pnp: PnP ACPI: found 4 devices
[    0.914048] clocksource: acpi_pm: mask: 0xffffff max_cycles: 0xffffff, max_idle_ns: 2085701024 ns
[    0.914851] NET: Registered PF_INET protocol family
[    0.916792] IP idents hash table entries: 131072 (order: 8, 1048576 bytes, linear)
[    0.934629] tcp_listen_portaddr_hash hash table entries: 4096 (order: 4, 65536 bytes, linear)
[    0.935378] Table-perturb hash table entries: 65536 (order: 6, 262144 bytes, linear)
[    0.936061] TCP established hash table entries: 65536 (order: 7, 524288 bytes, linear)
[    0.936785] TCP bind hash table entries: 65536 (order: 9, 2097152 bytes, linear)
[    0.938133] TCP: Hash tables configured (established 65536 bind 65536)
[    0.938737] UDP hash table entries: 4096 (order: 6, 262144 bytes, linear)
[    0.939366] NET: Registered PF_UNIX/PF_LOCAL protocol family
[    0.940270] RPC: Registered named UNIX socket transport module.
[    0.940805] RPC: Registered udp transport module.
[    0.941215] RPC: Registered tcp transport module.
[    0.941636] RPC: Registered tcp-with-tls transport module.
[    0.942109] RPC: Registered tcp NFSv4.1 backchannel transport module.
[    0.943009] pci_bus 0000:00: resource 4 [io  0x0000-0x0cf7 window]
[    0.943544] pci_bus 0000:00: resource 5 [io  0x0d00-0xffff window]
[    0.944090] pci_bus 0000:00: resource 6 [mem 0x000a0000-0x000bffff window]
[    0.944690] pci_bus 0000:00: resource 7 [mem 0xc0000000-0xfebfffff window]
[    0.945279] pci_bus 0000:00: resource 8 [mem 0x380000000000-0x38007fffffff window]
[    0.945980] pci 0000:00:01.0: PIIX3: Enabling Passive Release
[    0.946487] pci 0000:00:00.0: Limiting direct PCI/PCI transfers
[    0.947107] PCI: CLS 0 bytes, default 64
[    0.947488] PCI-DMA: Using software bounce buffering for IO (SWIOTLB)
[    0.948057] software IO TLB: mapped [mem 0x00000000bbfe0000-0x00000000bffe0000] (64MB)
[    0.949076] RAPL PMU: API unit is 2^-32 Joules, 0 fixed counters, 10737418240 ms ovfl timer
[    0.949817] clocksource: tsc: mask: 0xffffffffffffffff max_cycles: 0x6a464ae9873, max_idle_ns: 881590529744 ns
[    0.951127] clocksource: Switched to clocksource tsc
[    0.952494] Initialise system trusted keyrings
[    0.953010] workingset: timestamp_bits=56 (anon: 52) max_order=21 bucket_order=0 (anon: 0)
[    0.953958] NFS: Registering the id_resolver key type
[    0.954400] Key type id_resolver registered
[    0.954774] Key type id_legacy registered
[    0.955123] nfs4filelayout_init: NFSv4 File Layout Driver Registering...
[    0.955719] nfs4flexfilelayout_init: NFSv4 Flexfile Layout Driver Registering...
[    0.956546] fuse: init (API version 7.45)
[    0.957088] 9p: Installing v9fs 9p2000 file system support
[    0.958026] Key type asymmetric registered
[    0.958386] Asymmetric key parser 'x509' registered
[    0.958838] Block layer SCSI generic (bsg) driver version 0.4 loaded (major 251)
[    0.959481] io scheduler mq-deadline registered
[    0.959890] io scheduler kyber registered
[    0.960511] input: Power Button as /devices/platform/LNXPWRBN:00/input/input0
[    0.961179] ACPI: button: Power Button [PWRF]
[    0.962583] ACPI: \_SB_.LNKB: Enabled at IRQ 10
[    0.964323] ACPI: \_SB_.LNKC: Enabled at IRQ 11
[    0.965933] ACPI: \_SB_.LNKA: Enabled at IRQ 10
[    0.970011] ACPI: \_SB_.LNKD: Enabled at IRQ 11
[    0.973778] Serial: 8250/16550 driver, 4 ports, IRQ sharing enabled
[    0.974768] 00:03: ttyS0 at I/O 0x3f8 (irq = 4, base_baud = 115200) is a 16550A
[    1.065050] Non-volatile memory driver v1.3
[    1.065539] ACPI: bus type drm_connector registered
[    1.114517] loop: module loaded
[    1.115983] scsi host0: ata_piix
[    1.116296] scsi host1: ata_piix
[    1.116508] ata1: PATA max MWDMA2 cmd 0x1f0 ctl 0x3f6 bmdma 0xc200 irq 14 lpm-pol 0
[    1.116992] ata2: PATA max MWDMA2 cmd 0x170 ctl 0x376 bmdma 0xc208 irq 15 lpm-pol 0
[    1.117543] e100: Intel(R) PRO/100 Network Driver
[    1.117977] e100: Copyright(c) 1999-2006 Intel Corporation
[    1.118344] e1000: Intel(R) PRO/1000 Network Driver
[    1.118667] e1000: Copyright (c) 1999-2006 Intel Corporation.
[    1.119039] e1000e: Intel(R) PRO/1000 Network Driver
[    1.119337] e1000e: Copyright(c) 1999 - 2015 Intel Corporation.
[    1.119728] sky2: driver version 1.30
[    1.120044] usbcore: registered new interface driver usblp
[    1.120376] usbcore: registered new interface driver usb-storage
[    1.120781] i8042: PNP: PS/2 Controller [PNP0303:KBD,PNP0f13:MOU] at 0x60,0x64 irq 1,12
[    1.121743] serio: i8042 KBD port at 0x60,0x64 irq 1
[    1.122043] serio: i8042 AUX port at 0x60,0x64 irq 12
[    1.122421] rtc_cmos PNP0B00:00: RTC can wake from S4
[    1.123152] rtc_cmos PNP0B00:00: registered as rtc0
[    1.123170] input: AT Translated Set 2 keyboard as /devices/platform/i8042/serio0/input/input1
[    1.123695] rtc_cmos PNP0B00:00: alarms up to one day, y3k, 242 bytes nvram, hpet irqs
[    1.125062] device-mapper: ioctl: 4.50.0-ioctl (2025-04-28) initialised: dm-devel@lists.linux.dev
[    1.126199] intel_pstate: CPU model not supported
[    1.126745] hid: raw HID events driver (C) Jiri Kosina
[    1.127303] usbcore: registered new interface driver usbhid
[    1.127836] usbhid: USB HID core driver
[    1.166206] Initializing XFRM netlink socket
[    1.166678] NET: Registered PF_INET6 protocol family
[    1.167446] Segment Routing with IPv6
[    1.167863] In-situ OAM (IOAM) with IPv6
[    1.168253] NET: Registered PF_PACKET protocol family
[    1.168761] 9pnet: Installing 9P2000 support
[    1.170641] Key type dns_resolver registered
[    1.171368] IPI shorthand broadcast: enabled
[    1.174186] sched_clock: Marking stable (1170001820, 3569513)->(1186385536, -12814203)
[    1.175124] registered taskstats version 1
[    1.175629] Loading compiled-in X.509 certificates
[    1.177476] Demotion targets for Node 0: null
[    1.178023] PM:   Magic number: 2:59:40
[    1.178382] bdi 7:5: hash matches
[    1.178748] netconsole: network logging started
[    1.179346] cfg80211: Loading compiled-in X.509 certificates for regulatory database
[    1.180145] kworker/u16:3 (66) used greatest stack depth: 14480 bytes left
[    1.199924] Loaded X.509 cert 'sforshee: 00b28ddf47aef9cea7'
[    1.200550] Loaded X.509 cert 'wens: 61c038651aabdcf94bd0ac7ff06c7248db18c600'
[    1.201208] ALSA device list:
[    1.201470]   No soundcards found.
[    1.201904] faux_driver regulatory: Direct firmware load for regulatory.db failed with error -2
[    1.202704] cfg80211: failed to load regulatory.db
[    1.269780] ata2: found unknown device (class 0)
[    1.270608] ata2.00: ATAPI: QEMU DVD-ROM, 2.5+, max UDMA/100
[    1.272119] scsi 1:0:0:0: CD-ROM            QEMU     QEMU DVD-ROM     2.5+ PQ: 0 ANSI: 5
[    1.288175] sr 1:0:0:0: [sr0] scsi3-mmc drive: 4x/4x cd/rw xa/form2 tray
[    1.300803] cdrom: Uniform CD-ROM driver Revision: 3.20
[    1.307193] sr 1:0:0:0: Attached scsi CD-ROM sr0
[    1.307317] sr 1:0:0:0: Attached scsi generic sg0 type 5
[    1.543161] input: ImExPS/2 Generic Explorer Mouse as /devices/platform/i8042/serio1/input/input3
[    1.543775] md: Skipping autodetection of RAID arrays. (raid=autodetect will force)
[    1.544264] 9p: Bad value for 'source'
[    1.545264] VFS: Mounted root (9p filesystem) readonly on device 0:20.
[    1.545941] devtmpfs: mounted
[    1.546156] VFS: Pivoted into new rootfs
[    1.546892] Freeing unused kernel image (initmem) memory: 3032K
[    1.547240] Write protecting the kernel read-only data: 36864k
[    1.547919] Freeing unused kernel image (text/rodata gap) memory: 344K
[    1.549080] Freeing unused kernel image (rodata/data gap) memory: 1420K
[    1.554510] x86/mm: Checked W+X mappings: passed, no W+X pages found.
[    1.554937] Run /home/yunwei37/.local/lib/python3.12/site-packages/virtme/guest/bin/virtme-ng-init as init process
[    1.555509]   with arguments:
[    1.555510]     /home/yunwei37/.local/lib/python3.12/site-packages/virtme/guest/bin/virtme-ng-init
[    1.555511]   with environment:
[    1.555511]     HOME=/
[    1.555512]     TERM=linux
[    1.555513]     virtme_hostname=virtme-ng
[    1.555513]     nr_open=1048576
[    1.555514]     virtme_initmount0=home/yunwei37/workspace/namei_ext
[    1.555514]     virtme_rw_overlay0=/etc
[    1.555515]     virtme_rw_overlay1=/lib
[    1.555515]     virtme_rw_overlay2=/home
[    1.555516]     virtme_rw_overlay3=/opt
[    1.555516]     virtme_rw_overlay4=/srv
[    1.555517]     virtme_rw_overlay5=/usr
[    1.555517]     virtme_rw_overlay6=/var
[    1.555518]     virtme_rw_overlay7=/tmp
[    1.555519]     virtme_rw_overlay8=/tmp
[    1.555519]     virtme_chdir=home/yunwei37/workspace/namei_ext
[    1.577138] virtme-ng-init: mount devtmpfs -> /dev: EBUSY: Device or resource busy
[    2.015416] systemd-tmpfile (71) used greatest stack depth: 12960 bytes left
[    2.015601] virtme-ng-init: Failed to open path '/var/lib/containers/storage': Permission denied
               Failed to opendir() '/proc/self/fd/5': Permission denied
[    2.040591] ip (75) used greatest stack depth: 12768 bytes left
[    2.047795] virtme-ng-init: Starting systemd-udevd version 255.4-1ubuntu8.16
[    2.048218] virtme-ng-init: triggering udev coldplug
[    2.861489] virtme-ng-init: waiting for udev to settle
[    3.015997] virtme-ng-init: udev is done
[    3.017342] virtme-ng-init: initialization done
