checking for a BSD-compatible install... /usr/bin/install -c
checking whether build environment is sane... yes
checking for a race-free mkdir -p... /usr/bin/mkdir -p
checking for gawk... gawk
checking whether make sets $(MAKE)... yes
checking whether make supports nested variables... yes
checking whether to enable maintainer-specific portions of Makefiles... no
checking whether make supports the include directive... yes (GNU style)
checking for gcc... gcc
checking whether the C compiler works... yes
checking for C compiler default output file name... a.out
checking for suffix of executables... 
checking whether we are cross compiling... no
checking for suffix of object files... o
checking whether the compiler supports GNU C... yes
checking whether gcc accepts -g... yes
checking for gcc option to enable C11 features... none needed
checking whether gcc understands -c and -o together... yes
checking dependency style of gcc... gcc3
checking dependency style of gcc... gcc3
checking build system type... x86_64-pc-linux-gnu
checking host system type... x86_64-pc-linux-gnu
checking for ranlib... ranlib
checking whether make sets $(MAKE)... (cached) yes
checking whether ln -s works... yes
checking for g++... g++
checking whether the compiler supports GNU C++... yes
checking whether g++ accepts -g... yes
checking for g++ option to enable C++11 features... none needed
checking dependency style of g++... gcc3
checking for gcc... (cached) gcc
checking whether the compiler supports GNU C... (cached) yes
checking whether gcc accepts -g... (cached) yes
checking for gcc option to enable C11 features... (cached) none needed
checking whether gcc understands -c and -o together... (cached) yes
checking dependency style of gcc... (cached) gcc3
checking how to run the C preprocessor... gcc -E
checking whether g++ supports C++20 features with -std=c++20... yes
checking whether C compiler accepts -std=gnu11... yes
checking for gcc option to support OpenMP... -fopenmp
checking for g++ -std=c++20 option to support OpenMP... -fopenmp
checking whether posix mq_open works... yes
checking for gcc options needed to detect all undeclared functions... none needed
checking whether SYS_mq_open is declared... yes
checking whether ARM64/aarch64 and g++ (if we need to use -mno-outline)... no
checking whether tid offset for glibc is correct... yes
checking that generated files are newer than configure... done
configure: creating ./config.status
config.status: creating Makefile
config.status: creating contrib/Makefile
config.status: creating contrib/ckptfile/Makefile
config.status: creating plugin/Makefile
config.status: creating src/Makefile
config.status: creating src/mtcp/Makefile
config.status: creating include/dmtcp/version.h
config.status: creating test/Makefile
config.status: creating test/autotest_config.py
config.status: creating test/plugin/Makefile
config.status: creating include/config.h
config.status: executing depfiles commands
checking if this is WSL (Windows Subystem for Linux)... no
checking whether GNU_HASH is supported for ELF... (DT_GNU_HASH: 1879047925) yes
checking whether PR_SET_PTRACER is an option for prctl()... yes
checking if process_vm_readv/process_vm_writev (CMA) available... no
checking if FSGSBASE for x86_64 (setting fs in user space) is available... yes
checking if epoll_create1 available... checking for epoll_create1... yes
checking for readline in -lreadline... no
checking for stdio.h... yes
checking for stdlib.h... yes
checking for string.h... yes
checking for inttypes.h... yes
checking for stdint.h... yes
checking for strings.h... yes
checking for sys/stat.h... yes
checking for sys/types.h... yes
checking for unistd.h... yes
checking for readline/readline.h... no
checking for readline/history.h... no
checking for getcon in -lselinux... yes
checking for selinux/selinux.h... yes
checking for ps... yes
checking for python... yes
checking for python3... yes
checking for vim... yes
checking for vim... /usr/bin/vim
checking for strace... yes
checking for gdb... yes
checking for java... yes
checking for javac... yes
checking for cilkc... no
checking for cilkc... no
checking for gcl... no
checking for gcl... no
checking for matlab... no
checking for matlab... no
checking for linux/version.h... yes
checking for gzip... yes
Checking for password-less 'ssh localhost'... no
checking for mpicc... no
checking for mpirun... no
checking for mpiexec... no
checking for mpicc.openmpi... /usr/bin/mpicc.openmpi
checking for mpirun.openmpi... /usr/bin/mpirun.openmpi
checking for sys/epoll.h... yes
checking for sys/eventfd.h... yes
checking for sys/signalfd.h... yes
checking for sys/inotify.h... yes
checking if g++ -std=c++20 jalloc.cpp emits __atomic_compare_exchange_16... yes
checking for __atomic_compare_exchange_16 in -latomic... yes
checking value of page size (sysconf(_SC_PAGESIZE))... 4096
checking that generated files are newer than configure... done
configure: creating ./config.status
config.status: creating Makefile
config.status: creating contrib/Makefile
config.status: creating contrib/ckptfile/Makefile
config.status: creating plugin/Makefile
config.status: creating src/Makefile
config.status: creating src/mtcp/Makefile
config.status: creating include/dmtcp/version.h
config.status: creating test/Makefile
config.status: creating test/autotest_config.py
config.status: creating test/plugin/Makefile
config.status: creating include/config.h
config.status: executing depfiles commands
