[    0.000000] Linux version 7.1.0-rc7-g621aff8d1bb5 (yunwei37@lab) (gcc (Ubuntu 13.3.0-6ubuntu2~24.04.1) 13.3.0, GNU ld (GNU Binutils for Ubuntu) 2.42) #1 SMP PREEMPT_DYNAMIC Wed Jul 29 05:35:23 PDT 2026
[    0.000000] Command line: virtme_hostname=virtme-ng nr_open=1048576 virtme_initmount0=home/yunwei37/workspace/namei_ext virtme_rw_overlay0=/etc virtme_rw_overlay1=/lib virtme_rw_overlay2=/home virtme_rw_overlay3=/opt virtme_rw_overlay4=/srv virtme_rw_overlay5=/usr virtme_rw_overlay6=/var virtme_rw_overlay7=/tmp virtme_rw_overlay8=/tmp console=ttyS0 earlyprintk=serial,ttyS0,115200 quiet loglevel=0 panic=-1 virtme.exec=`bWFrZSAtQyAvaG9tZS95dW53ZWkzNy93b3Jrc3BhY2UvbmFtZWlfZXh0IF9fa3ViZXJuZXRlc19jb25maWdtYXBfcHVibGljYXRpb25fZ3Vlc3QgS1VCRVJORVRFU19DT05GSUdNQVBfQk9PVF9ESVI9cmVzdWx0cy9leHBlcmltZW50cy9rdWJlcm5ldGVzLWNvbmZpZ21hcC1wdWJsaWNhdGlvbi1ycTEvMjAyNjA3MjlULWt1YmVybmV0ZXMtY29uZmlnbWFwLXB1YmxpY2F0aW9uLXJxMS0wMS9ib290cy9yZXBldGl0aW9uLTAxIEtVQkVSTkVURVNfQ09ORklHTUFQX1JVTl9ESVI9cmVzdWx0cy9leHBlcmltZW50cy9rdWJlcm5ldGVzLWNvbmZpZ21hcC1wdWJsaWNhdGlvbi1ycTEvMjAyNjA3MjlULWt1YmVybmV0ZXMtY29uZmlnbWFwLXB1YmxpY2F0aW9uLXJxMS0wMSBSVU5fSUQ9MjAyNjA3MjlULWt1YmVybmV0ZXMtY29uZmlnbWFwLXB1YmxpY2F0aW9uLXJxMS0wMSA=` virtme_chdir=home/yunwei37/wo
[    0.000000] x86/CPU: Model not found in latest microcode list
[    0.000000] x86/split lock detection: #DB: warning on user-space bus_locks
[    0.000000] BIOS-provided physical RAM map:
[    0.000000] BIOS-e820: [mem 0x0000000000000000-0x000000000009fbff]  System RAM
[    0.000000] BIOS-e820: [mem 0x000000000009fc00-0x000000000009ffff]  device reserved
[    0.000000] BIOS-e820: [gap 0x00000000000a0000-0x00000000000effff]
[    0.000000] BIOS-e820: [mem 0x00000000000f0000-0x00000000000fffff]  device reserved
[    0.000000] BIOS-e820: [mem 0x0000000000100000-0x00000000bffdffff]  System RAM
[    0.000000] BIOS-e820: [mem 0x00000000bffe0000-0x00000000bfffffff]  device reserved
[    0.000000] BIOS-e820: [gap 0x00000000c0000000-0x00000000feffbfff]
[    0.000000] BIOS-e820: [mem 0x00000000feffc000-0x00000000feffffff]  device reserved
[    0.000000] BIOS-e820: [gap 0x00000000ff000000-0x00000000fffbffff]
[    0.000000] BIOS-e820: [mem 0x00000000fffc0000-0x00000000ffffffff]  device reserved
[    0.000000] BIOS-e820: [mem 0x0000000100000000-0x000000023fffffff]  System RAM
[    0.000000] printk: legacy bootconsole [earlyser0] enabled
[    0.000000] NX (Execute Disable) protection: active
[    0.000000] APIC: Static calls initialized
[    0.000000] DMI: SMBIOS 2.8 present.
[    0.000000] DMI: QEMU Standard PC (i440FX + PIIX, 1996), BIOS rel-1.16.3-0-ga6ed6b701f0a-prebuilt.qemu.org 04/01/2014
[    0.000000] DMI: Memory slots populated: 1/1
[    0.000000] Hypervisor detected: KVM
[    0.000000] last_pfn = 0xbffe0 max_arch_pfn = 0x400000000
[    0.000000] kvm-clock: Using msrs 4b564d01 and 4b564d00
[    0.000000] kvm-clock: using sched offset of 230486950 cycles
[    0.000315] clocksource: kvm-clock: mask: 0xffffffffffffffff max_cycles: 0x1cd42e4dffb, max_idle_ns: 881590591483 ns
[    0.001291] tsc: Detected 3686.400 MHz processor
[    0.001699] e820: update [mem 0x00000000-0x00000fff] System RAM ==> device reserved
[    0.001702] e820: remove [mem 0x000a0000-0x000fffff] System RAM
[    0.001706] last_pfn = 0x240000 max_arch_pfn = 0x400000000
[    0.002108] MTRR map: 4 entries (3 fixed + 1 variable; max 19), built from 8 variable MTRRs
[    0.002610] x86/PAT: Configuration [0-7]: WB  WC  UC- UC  WB  WP  UC- WT  
[    0.003245] last_pfn = 0xbffe0 max_arch_pfn = 0x400000000
[    0.006219] found SMP MP-table at [mem 0x000f5440-0x000f544f]
[    0.006571] Using GB pages for direct mapping
[    0.006899] ACPI: Early table checksum verification disabled
[    0.007273] ACPI: RSDP 0x00000000000F5240 000014 (v00 BOCHS )
[    0.007623] ACPI: RSDT 0x00000000BFFE2443 000034 (v01 BOCHS  BXPC     00000001 BXPC 00000001)
[    0.008139] ACPI: FACP 0x00000000BFFE22DF 000074 (v01 BOCHS  BXPC     00000001 BXPC 00000001)
[    0.008654] ACPI: DSDT 0x00000000BFFE0040 00229F (v01 BOCHS  BXPC     00000001 BXPC 00000001)
[    0.009169] ACPI: FACS 0x00000000BFFE0000 000040
[    0.009447] ACPI: APIC 0x00000000BFFE2353 000090 (v03 BOCHS  BXPC     00000001 BXPC 00000001)
[    0.009962] ACPI: HPET 0x00000000BFFE23E3 000038 (v01 BOCHS  BXPC     00000001 BXPC 00000001)
[    0.010475] ACPI: WAET 0x00000000BFFE241B 000028 (v01 BOCHS  BXPC     00000001 BXPC 00000001)
[    0.010988] ACPI: Reserving FACP table memory at [mem 0xbffe22df-0xbffe2352]
[    0.011412] ACPI: Reserving DSDT table memory at [mem 0xbffe0040-0xbffe22de]
[    0.011835] ACPI: Reserving FACS table memory at [mem 0xbffe0000-0xbffe003f]
[    0.012258] ACPI: Reserving APIC table memory at [mem 0xbffe2353-0xbffe23e2]
[    0.012681] ACPI: Reserving HPET table memory at [mem 0xbffe23e3-0xbffe241a]
[    0.013104] ACPI: Reserving WAET table memory at [mem 0xbffe241b-0xbffe2442]
[    0.013692] No NUMA configuration found
[    0.013922] Faking a node at [mem 0x0000000000000000-0x000000023fffffff]
[    0.014326] NODE_DATA(0) allocated [mem 0x23fffc680-0x23fffffff]
[    0.015146] ACPI: PM-Timer IO Port: 0x608
[    0.015394] ACPI: LAPIC_NMI (acpi_id[0xff] dfl dfl lint[0x1])
[    0.015764] IOAPIC[0]: apic_id 0, version 17, address 0xfec00000, GSI 0-23
[    0.016180] ACPI: INT_SRC_OVR (bus 0 bus_irq 0 global_irq 2 dfl dfl)
[    0.016562] ACPI: INT_SRC_OVR (bus 0 bus_irq 5 global_irq 5 high level)
[    0.016962] ACPI: INT_SRC_OVR (bus 0 bus_irq 9 global_irq 9 high level)
[    0.017359] ACPI: INT_SRC_OVR (bus 0 bus_irq 10 global_irq 10 high level)
[    0.017766] ACPI: INT_SRC_OVR (bus 0 bus_irq 11 global_irq 11 high level)
[    0.018177] ACPI: Using ACPI (MADT) for SMP configuration information
[    0.018564] ACPI: HPET id: 0x8086a201 base: 0xfed00000
[    0.018873] TSC deadline timer available
[    0.019111] CPU topo: Max. logical packages:   1
[    0.019388] CPU topo: Max. logical nodes:      1
[    0.019664] CPU topo: Num. nodes per package:  1
[    0.019943] CPU topo: Max. logical dies:       1
[    0.020219] CPU topo: Max. dies per package:   1
[    0.020497] CPU topo: Max. threads per core:   1
[    0.020774] CPU topo: Num. cores per package:     4
[    0.021067] CPU topo: Num. threads per package:   4
[    0.021359] CPU topo: Allowing 4 present CPUs plus 0 hotplug CPUs
[    0.021732] kvm-guest: APIC: eoi() replaced with kvm_guest_apic_eoi_write()
[    0.022161] kvm-guest: KVM setup pv remote TLB flush
[    0.022460] kvm-guest: setup PV sched yield
[    0.022714] PM: hibernation: Registered nosave memory: [mem 0x00000000-0x00000fff]
[    0.023168] PM: hibernation: Registered nosave memory: [mem 0x0009f000-0x000fffff]
[    0.023622] PM: hibernation: Registered nosave memory: [mem 0xbffe0000-0xffffffff]
[    0.024076] [gap 0xc0000000-0xfeffbfff] available for PCI devices
[    0.024441] Booting paravirtualized kernel on KVM
[    0.024722] clocksource: refined-jiffies: mask: 0xffffffff max_cycles: 0xffffffff, max_idle_ns: 1910969940391419 ns
[    0.030396] Zone ranges:
[    0.030569]   DMA      [mem 0x0000000000001000-0x0000000000ffffff]
[    0.030956]   DMA32    [mem 0x0000000001000000-0x00000000ffffffff]
[    0.031327]   Normal   [mem 0x0000000100000000-0x000000023fffffff]
[    0.031697] Movable zone start for each node
[    0.031955] Early memory node ranges
[    0.032169]   node   0: [mem 0x0000000000001000-0x000000000009efff]
[    0.032545]   node   0: [mem 0x0000000000100000-0x00000000bffdffff]
[    0.032921]   node   0: [mem 0x0000000100000000-0x000000023fffffff]
[    0.033299] Initmem setup node 0 [mem 0x0000000000001000-0x000000023fffffff]
[    0.033899] On node 0, zone DMA: 1 pages in unavailable ranges
[    0.034261] On node 0, zone DMA: 97 pages in unavailable ranges
[    0.047796] On node 0, zone Normal: 32 pages in unavailable ranges
[    0.048187] setup_percpu: NR_CPUS:64 nr_cpumask_bits:4 nr_cpu_ids:4 nr_node_ids:1
[    0.048879] percpu: Embedded 54 pages/cpu s183960 r8192 d29032 u524288
[    0.049286] pcpu-alloc: s183960 r8192 d29032 u524288 alloc=1*2097152
[    0.049289] pcpu-alloc: [0] 0 1 2 3 
[    0.049315] Kernel command line: virtme_hostname=virtme-ng nr_open=1048576 virtme_initmount0=home/yunwei37/workspace/namei_ext virtme_rw_overlay0=/etc virtme_rw_overlay1=/lib virtme_rw_overlay2=/home virtme_rw_overlay3=/opt virtme_rw_overlay4=/srv virtme_rw_overlay5=/usr virtme_rw_overlay6=/var virtme_rw_overlay7=/tmp virtme_rw_overlay8=/tmp console=ttyS0 earlyprintk=serial,ttyS0,115200 quiet loglevel=0 panic=-1 virtme.exec=`bWFrZSAtQyAvaG9tZS95dW53ZWkzNy93b3Jrc3BhY2UvbmFtZWlfZXh0IF9fa3ViZXJuZXRlc19jb25maWdtYXBfcHVibGljYXRpb25fZ3Vlc3QgS1VCRVJORVRFU19DT05GSUdNQVBfQk9PVF9ESVI9cmVzdWx0cy9leHBlcmltZW50cy9rdWJlcm5ldGVzLWNvbmZpZ21hcC1wdWJsaWNhdGlvbi1ycTEvMjAyNjA3MjlULWt1YmVybmV0ZXMtY29uZmlnbWFwLXB1YmxpY2F0aW9uLXJxMS0wMS9ib290cy9yZXBldGl0aW9uLTAxIEtVQkVSTkVURVNfQ09ORklHTUFQX1JVTl9ESVI9cmVzdWx0cy9leHBlcmltZW50cy9rdWJlcm5ldGVzLWNvbmZpZ21hcC1wdWJsaWNhdGlvbi1ycTEvMjAyNjA3MjlULWt1YmVybmV0ZXMtY29uZmlnbWFwLXB1YmxpY2F0aW9uLXJxMS0wMSBSVU5fSUQ9MjAyNjA3MjlULWt1YmVybmV0ZXMtY29uZmlnbWFwLXB1YmxpY2F0aW9uLXJxMS0wMSA=` \
[    0.054719] Kernel command line: virtme_chdir=home/yunwei37/workspace/namei_ext rootfstype=9p rootflags=version=9p2000.L,trans=virtio,access=any raid=noautodetect ro quiet loglevel=1 loglevel=7 panic=30 oops=panic tsc=reliable clocksource=tsc init=/home/yunwei37/.local/lib/python3.12/site-packages/virtme/guest/bin/virtme-ng-init
[    0.056620] Unknown kernel command line parameters "virtme_hostname=virtme-ng nr_open=1048576 virtme_initmount0=home/yunwei37/workspace/namei_ext virtme_rw_overlay0=/etc virtme_rw_overlay1=/lib virtme_rw_overlay2=/home virtme_rw_overlay3=/opt virtme_rw_overlay4=/srv virtme_rw_overlay5=/usr virtme_rw_overlay6=/var virtme_rw_overlay7=/tmp virtme_rw_overlay8=/tmp virtme_chdir=home/yunwei37/workspace/namei_ext", will be passed to user space.
[    0.059002] random: crng init done
[    0.059210] printk: log buffer data + meta data: 262144 + 917504 = 1179648 bytes
[    0.060514] Dentry cache hash table entries: 1048576 (order: 11, 8388608 bytes, linear)
[    0.061422] Inode-cache hash table entries: 524288 (order: 10, 4194304 bytes, linear)
[    0.061903] Sorting __ex_table...
[    0.062595] software IO TLB: area num 4.
[    0.073526] Fallback order for Node 0: 0 
[    0.073531] Built 1 zonelists, mobility grouping on.  Total pages: 2097022
[    0.074167] Policy zone: Normal
[    0.074348] mem auto-init: stack:all(zero), heap alloc:off, heap free:off
[    0.083386] SLUB: HWalign=64, Order=0-3, MinObjects=0, CPUs=4, Nodes=1
[    0.084450] Dynamic Preempt: lazy
[    0.084825] rcu: Preemptible hierarchical RCU implementation.
[    0.085159] rcu: 	RCU event tracing is enabled.
[    0.085418] rcu: 	RCU restricting CPUs from NR_CPUS=64 to nr_cpu_ids=4.
[    0.085797] 	Trampoline variant of Tasks RCU enabled.
[    0.086088] 	Tracing variant of Tasks RCU enabled.
[    0.086362] rcu: RCU calculated value of scheduler-enlistment delay is 100 jiffies.
[    0.086800] rcu: Adjusting geometry for rcu_fanout_leaf=16, nr_cpu_ids=4
[    0.087189] RCU Tasks: Setting shift to 2 and lim to 1 rcu_task_cb_adjust=1 rcu_task_cpu_ids=4.
[    0.089806] NR_IRQS: 4352, nr_irqs: 456, preallocated irqs: 16
[    0.090318] rcu: srcu_init: Setting srcu_struct sizes based on contention.
[    0.090795] Console: colour *CGA 80x25
[    0.091034] printk: legacy console [ttyS0] enabled
[    0.091592] printk: legacy bootconsole [earlyser0] disabled
[    0.092252] ACPI: Core revision 20251212
[    0.092573] clocksource: hpet: mask: 0xffffffff max_cycles: 0xffffffff, max_idle_ns: 19112604467 ns
[    0.093232] APIC: Switch to symmetric I/O mode setup
[    0.093687] x2apic enabled
[    0.094071] APIC: Switched APIC routing to: physical x2apic
[    0.094436] kvm-guest: APIC: send_IPI_mask() replaced with kvm_send_ipi_mask()
[    0.094866] kvm-guest: APIC: send_IPI_mask_allbutself() replaced with kvm_send_ipi_mask_allbutself()
[    0.095435] kvm-guest: setup PV IPIs
[    0.096301] ..TIMER: vector=0x30 apic1=0 pin1=2 apic2=-1 pin2=-1
[    0.096671] clocksource: tsc-early: mask: 0xffffffffffffffff max_cycles: 0x6a464ae9873, max_idle_ns: 881590529744 ns
[    0.097319] Calibrating delay loop (skipped) preset value.. 7372.80 BogoMIPS (lpj=3686400)
[    0.097921] x86/cpu: User Mode Instruction Prevention (UMIP) activated
[    0.098373] Last level iTLB entries: 4KB 0, 2MB 0, 4MB 0
[    0.098688] Last level dTLB entries: 4KB 0, 2MB 0, 4MB 0, 1GB 0
[    0.099045] mitigations: Enabled attack vectors: user_kernel, user_user, SMT mitigations: auto
[    0.099318] Speculative Store Bypass: Mitigation: Speculative Store Bypass disabled via prctl
[    0.099820] Spectre V2 : Mitigation: Enhanced / Automatic IBRS
[    0.100318] Spectre V1 : Mitigation: usercopy/swapgs barriers and __user pointer sanitization
[    0.100831] Spectre V2 : mitigation: Enabling conditional Indirect Branch Prediction Barrier
[    0.101332] x86/fpu: Supporting XSAVE feature 0x001: 'x87 floating point registers'
[    0.101818] x86/fpu: Supporting XSAVE feature 0x002: 'SSE registers'
[    0.102317] x86/fpu: Supporting XSAVE feature 0x004: 'AVX registers'
[    0.102706] x86/fpu: Supporting XSAVE feature 0x200: 'Protection Keys User registers'
[    0.103318] x86/fpu: xstate_offset[2]:  576, xstate_sizes[2]:  256
[    0.103724] x86/fpu: xstate_offset[9]:  832, xstate_sizes[9]:    8
[    0.104102] x86/fpu: Enabled xstate features 0x207, context size is 840 bytes, using 'compacted' format.
[    0.119867] pid_max: default: 32768 minimum: 301
[    0.120195] SELinux:  Initializing.
[    0.120573] Mount-cache hash table entries: 16384 (order: 5, 131072 bytes, linear)
[    0.121043] Mountpoint-cache hash table entries: 16384 (order: 5, 131072 bytes, linear)
[    0.121365] VFS: Finished mounting rootfs on nullfs
[    0.121801] smpboot: CPU0: Intel(R) Core(TM) Ultra 9 285K (family: 0x6, model: 0xc6, stepping: 0x2)
[    0.122317] Performance Events: unsupported CPU family 6 model 198 no PMU driver, software events only.
[    0.122352] signal: max sigframe size: 3632
[    0.122626] rcu: Hierarchical SRCU implementation.
[    0.122923] rcu: 	Max phase no-delay instances is 400.
[    0.123282] Timer migration: 1 hierarchy levels; 8 children per group; 1 crossnode level
[    0.123425] smp: Bringing up secondary CPUs ...
[    0.123786] smpboot: x86: Booting SMP configuration:
[    0.124117] .... node  #0, CPUs:      #1 #2 #3
[    0.125375] smp: Brought up 1 node, 4 CPUs
[    0.125944] smpboot: Total of 4 processors activated (29491.20 BogoMIPS)
[    0.126575] Memory: 8122240K/8388088K available (20133K kernel code, 3048K rwdata, 14964K rodata, 3032K init, 632K bss, 261268K reserved, 0K cma-reserved)
[    0.127647] devtmpfs: initialized
[    0.128326] clocksource: jiffies: mask: 0xffffffff max_cycles: 0xffffffff, max_idle_ns: 1911260446275000 ns
[    0.128915] posixtimers hash table entries: 2048 (order: 3, 32768 bytes, linear)
[    0.129324] futex hash table entries: 1024 (65536 bytes on 1 NUMA nodes, total 64 KiB, linear).
[    0.129956] PM: RTC time: 21:31:20, date: 2026-07-29
[    0.130746] NET: Registered PF_NETLINK/PF_ROUTE protocol family
[    0.131184] audit: initializing netlink subsys (disabled)
[    0.131345] audit: type=2000 audit(1785360680.398:1): state=initialized audit_enabled=0 res=1
[    0.131378] thermal_sys: Registered thermal governor 'step_wise'
[    0.132087] cpuidle: using governor menu
[    0.132742] Freeing SMP alternatives memory: 60K
[    0.133208] PCI: Using configuration type 1 for base access
[    0.133363] kprobes: kprobe jump-optimization is enabled. All kprobes are optimized if possible.
[    0.134339] HugeTLB: registered 2.00 MiB page size, pre-allocated 0 pages
[    0.134339] HugeTLB: 28 KiB vmemmap can be freed for a 2.00 MiB page
[    0.135638] ACPI: Added _OSI(Module Device)
[    0.135638] ACPI: Added _OSI(Processor Device)
[    0.135708] ACPI: Added _OSI(Processor Aggregator Device)
[    0.136782] ACPI: 1 ACPI AML tables successfully acquired and loaded
[    0.140324] ACPI: \_SB_: platform _OSC: OS support mask [002a7eee]
[    0.141018] ACPI: Interpreter enabled
[    0.141330] ACPI: PM: (supports S0 S3 S4 S5)
[    0.141694] ACPI: Using IOAPIC for interrupt routing
[    0.142127] PCI: Using host bridge windows from ACPI; if necessary, use "pci=nocrs" and report a bug
[    0.142319] PCI: Using E820 reservations for host bridge windows
[    0.142901] ACPI: Enabled 2 GPEs in block 00 to 0F
[    0.145113] ACPI: PCI Root Bridge [PCI0] (domain 0000 [bus 00-ff])
[    0.145322] acpi PNP0A03:00: _OSC: OS supports [ASPM ClockPM Segments MSI HPX-Type3]
[    0.145972] acpi PNP0A03:00: _OSC: not requesting OS control; OS requires [ExtendedConfig ASPM ClockPM MSI]
[    0.147323] acpi PNP0A03:00: _OSC: platform retains control of PCIe features (AE_ERROR)
[    0.148011] acpi PNP0A03:00: fail to add MMCONFIG information, can't access extended configuration space under this bridge
[    0.149434] PCI host bridge to bus 0000:00
[    0.149786] pci_bus 0000:00: root bus resource [io  0x0000-0x0cf7 window]
[    0.150319] pci_bus 0000:00: root bus resource [io  0x0d00-0xffff window]
[    0.150892] pci_bus 0000:00: root bus resource [mem 0x000a0000-0x000bffff window]
[    0.151319] pci_bus 0000:00: root bus resource [mem 0xc0000000-0xfebfffff window]
[    0.151954] pci_bus 0000:00: root bus resource [mem 0x380000000000-0x38007fffffff window]
[    0.152319] pci_bus 0000:00: root bus resource [bus 00-ff]
[    0.152833] pci 0000:00:00.0: [8086:1237] type 00 class 0x060000 conventional PCI endpoint
[    0.153707] pci 0000:00:01.0: [8086:7000] type 00 class 0x060100 conventional PCI endpoint
[    0.154700] pci 0000:00:01.1: [8086:7010] type 00 class 0x010180 conventional PCI endpoint
[    0.157182] pci 0000:00:01.1: BAR 4 [io  0xc200-0xc20f]
[    0.157349] pci 0000:00:01.1: BAR 0 [io  0x01f0-0x01f7]: legacy IDE quirk
[    0.157930] pci 0000:00:01.1: BAR 1 [io  0x03f6]: legacy IDE quirk
[    0.158319] pci 0000:00:01.1: BAR 2 [io  0x0170-0x0177]: legacy IDE quirk
[    0.158898] pci 0000:00:01.1: BAR 3 [io  0x0376]: legacy IDE quirk
[    0.159460] pci 0000:00:01.3: [8086:7113] type 00 class 0x068000 conventional PCI endpoint
[    0.160437] pci 0000:00:01.3: quirk: [io  0x0600-0x063f] claimed by PIIX4 ACPI
[    0.161054] pci 0000:00:01.3: quirk: [io  0x0700-0x070f] claimed by PIIX4 SMB
[    0.162564] pci 0000:00:02.0: [1af4:1009] type 00 class 0x000200 conventional PCI endpoint
[    0.164327] pci 0000:00:02.0: BAR 0 [io  0xc000-0xc03f]
[    0.164783] pci 0000:00:02.0: BAR 1 [mem 0xfebf7000-0xfebf7fff]
[    0.165307] pci 0000:00:02.0: BAR 4 [mem 0x380000000000-0x380000003fff 64bit pref]
[    0.167128] pci 0000:00:03.0: [1af4:1009] type 00 class 0x000200 conventional PCI endpoint
[    0.169213] pci 0000:00:03.0: BAR 0 [io  0xc040-0xc07f]
[    0.170326] pci 0000:00:03.0: BAR 1 [mem 0xfebf8000-0xfebf8fff]
[    0.170858] pci 0000:00:03.0: BAR 4 [mem 0x380000004000-0x380000007fff 64bit pref]
[    0.172022] pci 0000:00:04.0: [8086:25ab] type 00 class 0x088000 conventional PCI endpoint
[    0.173842] pci 0000:00:04.0: BAR 0 [mem 0xfebf9000-0xfebf900f]
[    0.174809] pci 0000:00:05.0: [1af4:1003] type 00 class 0x078000 conventional PCI endpoint
[    0.176327] pci 0000:00:05.0: BAR 0 [io  0xc080-0xc0bf]
[    0.176784] pci 0000:00:05.0: BAR 1 [mem 0xfebfa000-0xfebfafff]
[    0.177308] pci 0000:00:05.0: BAR 4 [mem 0x380000008000-0x38000000bfff 64bit pref]
[    0.179101] pci 0000:00:06.0: [1af4:1003] type 00 class 0x078000 conventional PCI endpoint
[    0.181888] pci 0000:00:06.0: BAR 0 [io  0xc0c0-0xc0ff]
[    0.182326] pci 0000:00:06.0: BAR 1 [mem 0xfebfb000-0xfebfbfff]
[    0.182855] pci 0000:00:06.0: BAR 4 [mem 0x38000000c000-0x38000000ffff 64bit pref]
[    0.184131] pci 0000:00:07.0: [1af4:1003] type 00 class 0x078000 conventional PCI endpoint
[    0.185326] pci 0000:00:07.0: BAR 0 [io  0xc100-0xc13f]
[    0.185773] pci 0000:00:07.0: BAR 1 [mem 0xfebfc000-0xfebfcfff]
[    0.186305] pci 0000:00:07.0: BAR 4 [mem 0x380000010000-0x380000013fff 64bit pref]
[    0.188100] pci 0000:00:08.0: [1af4:1003] type 00 class 0x078000 conventional PCI endpoint
[    0.190327] pci 0000:00:08.0: BAR 0 [io  0xc140-0xc17f]
[    0.191322] pci 0000:00:08.0: BAR 1 [mem 0xfebfd000-0xfebfdfff]
[    0.191856] pci 0000:00:08.0: BAR 4 [mem 0x380000014000-0x380000017fff 64bit pref]
[    0.194151] pci 0000:00:09.0: [1af4:1003] type 00 class 0x078000 conventional PCI endpoint
[    0.195326] pci 0000:00:09.0: BAR 0 [io  0xc180-0xc1bf]
[    0.195776] pci 0000:00:09.0: BAR 1 [mem 0xfebfe000-0xfebfefff]
[    0.196296] pci 0000:00:09.0: BAR 4 [mem 0x380000018000-0x38000001bfff 64bit pref]
[    0.198092] pci 0000:00:0a.0: [1af4:1003] type 00 class 0x078000 conventional PCI endpoint
[    0.199326] pci 0000:00:0a.0: BAR 0 [io  0xc1c0-0xc1ff]
[    0.199780] pci 0000:00:0a.0: BAR 1 [mem 0xfebff000-0xfebfffff]
[    0.200308] pci 0000:00:0a.0: BAR 4 [mem 0x38000001c000-0x38000001ffff 64bit pref]
[    0.204411] ACPI: PCI: Interrupt link LNKA configured for IRQ 10
[    0.205015] ACPI: PCI: Interrupt link LNKB configured for IRQ 10
[    0.205387] ACPI: PCI: Interrupt link LNKC configured for IRQ 11
[    0.205965] ACPI: PCI: Interrupt link LNKD configured for IRQ 11
[    0.206356] ACPI: PCI: Interrupt link LNKS configured for IRQ 9
[    0.207288] iommu: Default domain type: Translated
[    0.208320] iommu: DMA domain TLB invalidation policy: lazy mode
[    0.209369] SCSI subsystem initialized
[    0.209369] libata version 3.00 loaded.
[    0.209369] ACPI: bus type USB registered
[    0.209705] usbcore: registered new interface driver usbfs
[    0.210172] usbcore: registered new interface driver hub
[    0.210323] usbcore: registered new device driver usb
[    0.210767] pps_core: LinuxPPS API ver. 1 registered
[    0.211191] pps_core: Software ver. 5.3.6 - Copyright 2005-2007 Rodolfo Giometti <giometti@linux.it>
[    0.212321] PTP clock support registered
[    0.212702] Advanced Linux Sound Architecture Driver Initialized.
[    0.213441] NetLabel: Initializing
[    0.213745] NetLabel:  domain hash size = 128
[    0.214114] NetLabel:  protocols = UNLABELED CIPSOv4 CALIPSO
[    0.214335] NetLabel:  unlabeled traffic allowed by default
[    0.215350] PCI: Using ACPI for IRQ routing
[    0.215687] PCI: pci_cache_line_size set to 64 bytes
[    0.215687] e820: register RAM buffer resource [mem 0x0009fc00-0x0009ffff]
[    0.215978] e820: register RAM buffer resource [mem 0xbffe0000-0xbfffffff]
[    0.217336] vgaarb: loaded
[    0.217613] hpet0: at MMIO 0xfed00000, IRQs 2, 8, 0
[    0.218032] hpet0: 3 comparators, 64-bit 100.000000 MHz counter
[    0.221344] clocksource: Switched to clocksource kvm-clock
[    0.222050] VFS: Disk quotas dquot_6.6.0
[    0.222380] VFS: Dquot-cache hash table entries: 512 (order 0, 4096 bytes)
[    0.223075] pnp: PnP ACPI init
[    0.223403] pnp 00:02: [dma 2]
[    0.223566] pnp: PnP ACPI: found 4 devices
[    0.229585] clocksource: acpi_pm: mask: 0xffffff max_cycles: 0xffffff, max_idle_ns: 2085701024 ns
[    0.230362] NET: Registered PF_INET protocol family
[    0.230842] IP idents hash table entries: 131072 (order: 8, 1048576 bytes, linear)
[    0.242918] tcp_listen_portaddr_hash hash table entries: 4096 (order: 4, 65536 bytes, linear)
[    0.243659] Table-perturb hash table entries: 65536 (order: 6, 262144 bytes, linear)
[    0.244321] TCP established hash table entries: 65536 (order: 7, 524288 bytes, linear)
[    0.245025] TCP bind hash table entries: 65536 (order: 9, 2097152 bytes, linear)
[    0.245889] TCP: Hash tables configured (established 65536 bind 65536)
[    0.246459] UDP hash table entries: 4096 (order: 6, 262144 bytes, linear)
[    0.247085] NET: Registered PF_UNIX/PF_LOCAL protocol family
[    0.247706] RPC: Registered named UNIX socket transport module.
[    0.248213] RPC: Registered udp transport module.
[    0.248624] RPC: Registered tcp transport module.
[    0.249029] RPC: Registered tcp-with-tls transport module.
[    0.249491] RPC: Registered tcp NFSv4.1 backchannel transport module.
[    0.250370] pci_bus 0000:00: resource 4 [io  0x0000-0x0cf7 window]
[    0.250911] pci_bus 0000:00: resource 5 [io  0x0d00-0xffff window]
[    0.251432] pci_bus 0000:00: resource 6 [mem 0x000a0000-0x000bffff window]
[    0.252028] pci_bus 0000:00: resource 7 [mem 0xc0000000-0xfebfffff window]
[    0.252615] pci_bus 0000:00: resource 8 [mem 0x380000000000-0x38007fffffff window]
[    0.253293] pci 0000:00:01.0: PIIX3: Enabling Passive Release
[    0.253794] pci 0000:00:00.0: Limiting direct PCI/PCI transfers
[    0.254381] PCI: CLS 0 bytes, default 64
[    0.254761] PCI-DMA: Using software bounce buffering for IO (SWIOTLB)
[    0.255310] software IO TLB: mapped [mem 0x00000000bbfe0000-0x00000000bffe0000] (64MB)
[    0.256044] RAPL PMU: API unit is 2^-32 Joules, 0 fixed counters, 10737418240 ms ovfl timer
[    0.256760] clocksource: tsc: mask: 0xffffffffffffffff max_cycles: 0x6a464ae9873, max_idle_ns: 881590529744 ns
[    0.257690] clocksource: Switched to clocksource tsc
[    0.258616] Initialise system trusted keyrings
[    0.259223] workingset: timestamp_bits=56 (anon: 52) max_order=21 bucket_order=0 (anon: 0)
[    0.260034] NFS: Registering the id_resolver key type
[    0.260466] Key type id_resolver registered
[    0.260837] Key type id_legacy registered
[    0.261180] nfs4filelayout_init: NFSv4 File Layout Driver Registering...
[    0.261754] nfs4flexfilelayout_init: NFSv4 Flexfile Layout Driver Registering...
[    0.262416] fuse: init (API version 7.45)
[    0.262795] 9p: Installing v9fs 9p2000 file system support
[    0.263436] Key type asymmetric registered
[    0.263795] Asymmetric key parser 'x509' registered
[    0.264219] Block layer SCSI generic (bsg) driver version 0.4 loaded (major 251)
[    0.264862] io scheduler mq-deadline registered
[    0.265248] io scheduler kyber registered
[    0.265741] input: Power Button as /devices/platform/LNXPWRBN:00/input/input0
[    0.266389] ACPI: button: Power Button [PWRF]
[    0.267436] ACPI: \_SB_.LNKB: Enabled at IRQ 10
[    0.269178] ACPI: \_SB_.LNKC: Enabled at IRQ 11
[    0.270790] ACPI: \_SB_.LNKA: Enabled at IRQ 10
[    0.274923] ACPI: \_SB_.LNKD: Enabled at IRQ 11
[    0.278250] Serial: 8250/16550 driver, 4 ports, IRQ sharing enabled
[    0.278748] 00:03: ttyS0 at I/O 0x3f8 (irq = 4, base_baud = 115200) is a 16550A
[    0.336206] Non-volatile memory driver v1.3
[    0.336549] ACPI: bus type drm_connector registered
[    0.337676] loop: module loaded
[    0.338706] scsi host0: ata_piix
[    0.339084] scsi host1: ata_piix
[    0.339297] ata1: PATA max MWDMA2 cmd 0x1f0 ctl 0x3f6 bmdma 0xc200 irq 14 lpm-pol 0
[    0.339771] ata2: PATA max MWDMA2 cmd 0x170 ctl 0x376 bmdma 0xc208 irq 15 lpm-pol 0
[    0.340360] e100: Intel(R) PRO/100 Network Driver
[    0.340709] e100: Copyright(c) 1999-2006 Intel Corporation
[    0.341110] e1000: Intel(R) PRO/1000 Network Driver
[    0.341427] e1000: Copyright (c) 1999-2006 Intel Corporation.
[    0.341790] e1000e: Intel(R) PRO/1000 Network Driver
[    0.342117] e1000e: Copyright(c) 1999 - 2015 Intel Corporation.
[    0.342484] sky2: driver version 1.30
[    0.342791] usbcore: registered new interface driver usblp
[    0.343186] usbcore: registered new interface driver usb-storage
[    0.343570] i8042: PNP: PS/2 Controller [PNP0303:KBD,PNP0f13:MOU] at 0x60,0x64 irq 1,12
[    0.344537] serio: i8042 KBD port at 0x60,0x64 irq 1
[    0.344878] serio: i8042 AUX port at 0x60,0x64 irq 12
[    0.345243] rtc_cmos PNP0B00:00: RTC can wake from S4
[    0.345877] rtc_cmos PNP0B00:00: registered as rtc0
[    0.346242] rtc_cmos PNP0B00:00: alarms up to one day, y3k, 242 bytes nvram, hpet irqs
[    0.346796] device-mapper: ioctl: 4.50.0-ioctl (2025-04-28) initialised: dm-devel@lists.linux.dev
[    0.347407] intel_pstate: CPU model not supported
[    0.347715] hid: raw HID events driver (C) Jiri Kosina
[    0.348125] usbcore: registered new interface driver usbhid
[    0.348470] usbhid: USB HID core driver
[    0.349312] Initializing XFRM netlink socket
[    0.349592] NET: Registered PF_INET6 protocol family
[    0.350040] input: AT Translated Set 2 keyboard as /devices/platform/i8042/serio0/input/input1
[    0.350280] Segment Routing with IPv6
[    0.350842] In-situ OAM (IOAM) with IPv6
[    0.351123] NET: Registered PF_PACKET protocol family
[    0.351454] 9pnet: Installing 9P2000 support
[    0.353136] Key type dns_resolver registered
[    0.353846] IPI shorthand broadcast: enabled
[    0.355633] sched_clock: Marking stable (353001299, 2596068)->(359022034, -3424667)
[    0.356337] registered taskstats version 1
[    0.356663] Loading compiled-in X.509 certificates
[    0.358227] Demotion targets for Node 0: null
[    0.358558] PM:   Magic number: 2:892:551
[    0.358821] clockevents clockevent2: hash matches
[    0.359171] acpi PNP0C0F:02: hash matches
[    0.359427] netconsole: network logging started
[    0.359805] cfg80211: Loading compiled-in X.509 certificates for regulatory database
[    0.360461] kworker/u16:3 (67) used greatest stack depth: 14480 bytes left
[    0.360687] Loaded X.509 cert 'sforshee: 00b28ddf47aef9cea7'
[    0.361851] Loaded X.509 cert 'wens: 61c038651aabdcf94bd0ac7ff06c7248db18c600'
[    0.362476] ALSA device list:
[    0.362758] faux_driver regulatory: Direct firmware load for regulatory.db failed with error -2
[    0.363534] cfg80211: failed to load regulatory.db
[    0.363991]   No soundcards found.
[    0.493008] ata2: found unknown device (class 0)
[    0.493796] ata2.00: ATAPI: QEMU DVD-ROM, 2.5+, max UDMA/100
[    0.495174] scsi 1:0:0:0: CD-ROM            QEMU     QEMU DVD-ROM     2.5+ PQ: 0 ANSI: 5
[    0.511021] sr 1:0:0:0: [sr0] scsi3-mmc drive: 4x/4x cd/rw xa/form2 tray
[    0.522844] cdrom: Uniform CD-ROM driver Revision: 3.20
[    0.529156] sr 1:0:0:0: Attached scsi CD-ROM sr0
[    0.529245] sr 1:0:0:0: Attached scsi generic sg0 type 5
[    0.765636] input: ImExPS/2 Generic Explorer Mouse as /devices/platform/i8042/serio1/input/input3
[    0.766267] md: Skipping autodetection of RAID arrays. (raid=autodetect will force)
[    0.766749] 9p: Bad value for 'source'
[    0.768224] VFS: Mounted root (9p filesystem) readonly on device 0:20.
[    0.769153] devtmpfs: mounted
[    0.769378] VFS: Pivoted into new rootfs
[    0.770087] Freeing unused kernel image (initmem) memory: 3032K
[    0.770434] Write protecting the kernel read-only data: 36864k
[    0.771046] Freeing unused kernel image (text/rodata gap) memory: 344K
[    0.771769] Freeing unused kernel image (rodata/data gap) memory: 1420K
[    0.777218] x86/mm: Checked W+X mappings: passed, no W+X pages found.
[    0.777588] Run /home/yunwei37/.local/lib/python3.12/site-packages/virtme/guest/bin/virtme-ng-init as init process
[    0.778195]   with arguments:
[    0.778196]     /home/yunwei37/.local/lib/python3.12/site-packages/virtme/guest/bin/virtme-ng-init
[    0.778197]   with environment:
[    0.778197]     HOME=/
[    0.778198]     TERM=linux
[    0.778199]     virtme_hostname=virtme-ng
[    0.778199]     nr_open=1048576
[    0.778200]     virtme_initmount0=home/yunwei37/workspace/namei_ext
[    0.778200]     virtme_rw_overlay0=/etc
[    0.778201]     virtme_rw_overlay1=/lib
[    0.778202]     virtme_rw_overlay2=/home
[    0.778202]     virtme_rw_overlay3=/opt
[    0.778203]     virtme_rw_overlay4=/srv
[    0.778203]     virtme_rw_overlay5=/usr
[    0.778204]     virtme_rw_overlay6=/var
[    0.778204]     virtme_rw_overlay7=/tmp
[    0.778205]     virtme_rw_overlay8=/tmp
[    0.778205]     virtme_chdir=home/yunwei37/workspace/namei_ext
[    0.797754] virtme-ng-init: mount devtmpfs -> /dev: EBUSY: Device or resource busy
[    1.164299] systemd-tmpfile (73) used greatest stack depth: 12944 bytes left
[    1.164395] virtme-ng-init: Failed to open path '/var/lib/containers/storage': Permission denied
               Failed to opendir() '/proc/self/fd/5': Permission denied
[    1.183592] ip (77) used greatest stack depth: 12216 bytes left
[    1.189557] virtme-ng-init: Starting systemd-udevd version 255.4-1ubuntu8.16
[    1.189955] virtme-ng-init: triggering udev coldplug
[    2.010147] virtme-ng-init: waiting for udev to settle
[    2.173039] virtme-ng-init: udev is done
[    2.173994] virtme-ng-init: initialization done
