[    0.000000] Linux version 7.1.0-rc7-g621aff8d1bb5 (yunwei37@lab) (gcc (Ubuntu 13.3.0-6ubuntu2~24.04.1) 13.3.0, GNU ld (GNU Binutils for Ubuntu) 2.42) #1 SMP PREEMPT_DYNAMIC Wed Jul 29 05:35:23 PDT 2026
[    0.000000] Command line: virtme_hostname=virtme-ng nr_open=1048576 virtme_initmount0=home/yunwei37/workspace/namei_ext virtme_rw_overlay0=/etc virtme_rw_overlay1=/lib virtme_rw_overlay2=/home virtme_rw_overlay3=/opt virtme_rw_overlay4=/srv virtme_rw_overlay5=/usr virtme_rw_overlay6=/var virtme_rw_overlay7=/tmp virtme_rw_overlay8=/tmp console=ttyS0 earlyprintk=serial,ttyS0,115200 quiet loglevel=0 panic=-1 virtme.exec=`bWFrZSAtQyAvaG9tZS95dW53ZWkzNy93b3Jrc3BhY2UvbmFtZWlfZXh0IF9fdG9vbGNoYWluX2Vudmlyb25tZW50X2d1ZXN0IFRPT0xDSEFJTl9FTlZfQk9PVF9ESVI9cmVzdWx0cy9leHBlcmltZW50cy90b29sY2hhaW4tZW52aXJvbm1lbnQvMjAyNjA3MjlUMTcxNTUxWi10b29sY2hhaW4tZm9ybWFsMDEvYm9vdHMvcmVwZXRpdGlvbi0wMyBUT09MQ0hBSU5fRU5WX1JVTl9ESVI9cmVzdWx0cy9leHBlcmltZW50cy90b29sY2hhaW4tZW52aXJvbm1lbnQvMjAyNjA3MjlUMTcxNTUxWi10b29sY2hhaW4tZm9ybWFsMDEgUlVOX0lEPTIwMjYwNzI5VDE3MTU1MVotdG9vbGNoYWluLWZvcm1hbDAxIA==` virtme_chdir=home/yunwei37/workspace/namei_ext rootfstype=9p rootflags=version=9p2000.L,trans=virtio,access=any raid=noautodetect ro quiet loglevel=1 logleve
[    0.000000] x86/CPU: Model not found in latest microcode list
[    0.000000] x86/split lock detection: #DB: warning on user-space bus_locks
[    0.000000] BIOS-provided physical RAM map:
[    0.000000] BIOS-e820: [mem 0x0000000000000000-0x000000000009fbff]  System RAM
[    0.000000] BIOS-e820: [mem 0x000000000009fc00-0x000000000009ffff]  device reserved
[    0.000000] BIOS-e820: [gap 0x00000000000a0000-0x00000000000effff]
[    0.000000] BIOS-e820: [mem 0x00000000000f0000-0x00000000000fffff]  device reserved
[    0.000000] BIOS-e820: [mem 0x0000000000100000-0x00000000bffdffff]  System RAM
[    0.000000] BIOS-e820: [mem 0x00000000bffe0000-0x00000000bfffffff]  device reserved
[    0.000000] BIOS-e820: [gap 0x00000000c0000000-0x00000000feffbfff]
[    0.000000] BIOS-e820: [mem 0x00000000feffc000-0x00000000feffffff]  device reserved
[    0.000000] BIOS-e820: [gap 0x00000000ff000000-0x00000000fffbffff]
[    0.000000] BIOS-e820: [mem 0x00000000fffc0000-0x00000000ffffffff]  device reserved
[    0.000000] BIOS-e820: [mem 0x0000000100000000-0x000000023fffffff]  System RAM
[    0.000000] printk: legacy bootconsole [earlyser0] enabled
[    0.000000] NX (Execute Disable) protection: active
[    0.000000] APIC: Static calls initialized
[    0.000000] DMI: SMBIOS 2.8 present.
[    0.000000] DMI: QEMU Standard PC (i440FX + PIIX, 1996), BIOS rel-1.16.3-0-ga6ed6b701f0a-prebuilt.qemu.org 04/01/2014
[    0.000000] DMI: Memory slots populated: 1/1
[    0.000000] Hypervisor detected: KVM
[    0.000000] last_pfn = 0xbffe0 max_arch_pfn = 0x400000000
[    0.000000] kvm-clock: Using msrs 4b564d01 and 4b564d00
[    0.000000] kvm-clock: using sched offset of 230160897 cycles
[    0.000314] clocksource: kvm-clock: mask: 0xffffffffffffffff max_cycles: 0x1cd42e4dffb, max_idle_ns: 881590591483 ns
[    0.001290] tsc: Detected 3686.400 MHz processor
[    0.001698] e820: update [mem 0x00000000-0x00000fff] System RAM ==> device reserved
[    0.001700] e820: remove [mem 0x000a0000-0x000fffff] System RAM
[    0.001704] last_pfn = 0x240000 max_arch_pfn = 0x400000000
[    0.002081] MTRR map: 4 entries (3 fixed + 1 variable; max 19), built from 8 variable MTRRs
[    0.002585] x86/PAT: Configuration [0-7]: WB  WC  UC- UC  WB  WP  UC- WT  
[    0.003221] last_pfn = 0xbffe0 max_arch_pfn = 0x400000000
[    0.005990] found SMP MP-table at [mem 0x000f5440-0x000f544f]
[    0.006343] Using GB pages for direct mapping
[    0.006832] ACPI: Early table checksum verification disabled
[    0.007186] ACPI: RSDP 0x00000000000F5240 000014 (v00 BOCHS )
[    0.007535] ACPI: RSDT 0x00000000BFFE2443 000034 (v01 BOCHS  BXPC     00000001 BXPC 00000001)
[    0.008054] ACPI: FACP 0x00000000BFFE22DF 000074 (v01 BOCHS  BXPC     00000001 BXPC 00000001)
[    0.008568] ACPI: DSDT 0x00000000BFFE0040 00229F (v01 BOCHS  BXPC     00000001 BXPC 00000001)
[    0.009084] ACPI: FACS 0x00000000BFFE0000 000040
[    0.009362] ACPI: APIC 0x00000000BFFE2353 000090 (v03 BOCHS  BXPC     00000001 BXPC 00000001)
[    0.009878] ACPI: HPET 0x00000000BFFE23E3 000038 (v01 BOCHS  BXPC     00000001 BXPC 00000001)
[    0.010391] ACPI: WAET 0x00000000BFFE241B 000028 (v01 BOCHS  BXPC     00000001 BXPC 00000001)
[    0.010906] ACPI: Reserving FACP table memory at [mem 0xbffe22df-0xbffe2352]
[    0.011329] ACPI: Reserving DSDT table memory at [mem 0xbffe0040-0xbffe22de]
[    0.011752] ACPI: Reserving FACS table memory at [mem 0xbffe0000-0xbffe003f]
[    0.012176] ACPI: Reserving APIC table memory at [mem 0xbffe2353-0xbffe23e2]
[    0.012598] ACPI: Reserving HPET table memory at [mem 0xbffe23e3-0xbffe241a]
[    0.013022] ACPI: Reserving WAET table memory at [mem 0xbffe241b-0xbffe2442]
[    0.013614] No NUMA configuration found
[    0.013848] Faking a node at [mem 0x0000000000000000-0x000000023fffffff]
[    0.014250] NODE_DATA(0) allocated [mem 0x23fffa680-0x23fffdfff]
[    0.014913] ACPI: PM-Timer IO Port: 0x608
[    0.015159] ACPI: LAPIC_NMI (acpi_id[0xff] dfl dfl lint[0x1])
[    0.015528] IOAPIC[0]: apic_id 0, version 17, address 0xfec00000, GSI 0-23
[    0.015943] ACPI: INT_SRC_OVR (bus 0 bus_irq 0 global_irq 2 dfl dfl)
[    0.016323] ACPI: INT_SRC_OVR (bus 0 bus_irq 5 global_irq 5 high level)
[    0.016718] ACPI: INT_SRC_OVR (bus 0 bus_irq 9 global_irq 9 high level)
[    0.017116] ACPI: INT_SRC_OVR (bus 0 bus_irq 10 global_irq 10 high level)
[    0.017520] ACPI: INT_SRC_OVR (bus 0 bus_irq 11 global_irq 11 high level)
[    0.017929] ACPI: Using ACPI (MADT) for SMP configuration information
[    0.018314] ACPI: HPET id: 0x8086a201 base: 0xfed00000
[    0.018622] TSC deadline timer available
[    0.018860] CPU topo: Max. logical packages:   1
[    0.019135] CPU topo: Max. logical nodes:      1
[    0.019411] CPU topo: Num. nodes per package:  1
[    0.019687] CPU topo: Max. logical dies:       1
[    0.019965] CPU topo: Max. dies per package:   1
[    0.020243] CPU topo: Max. threads per core:   1
[    0.020519] CPU topo: Num. cores per package:     4
[    0.020812] CPU topo: Num. threads per package:   4
[    0.021103] CPU topo: Allowing 4 present CPUs plus 0 hotplug CPUs
[    0.021476] kvm-guest: APIC: eoi() replaced with kvm_guest_apic_eoi_write()
[    0.021904] kvm-guest: KVM setup pv remote TLB flush
[    0.022203] kvm-guest: setup PV sched yield
[    0.022456] PM: hibernation: Registered nosave memory: [mem 0x00000000-0x00000fff]
[    0.022910] PM: hibernation: Registered nosave memory: [mem 0x0009f000-0x000fffff]
[    0.023364] PM: hibernation: Registered nosave memory: [mem 0xbffe0000-0xffffffff]
[    0.023820] [gap 0xc0000000-0xfeffbfff] available for PCI devices
[    0.024185] Booting paravirtualized kernel on KVM
[    0.024466] clocksource: refined-jiffies: mask: 0xffffffff max_cycles: 0xffffffff, max_idle_ns: 1910969940391419 ns
[    0.030175] Zone ranges:
[    0.030328]   DMA      [mem 0x0000000000001000-0x0000000000ffffff]
[    0.030699]   DMA32    [mem 0x0000000001000000-0x00000000ffffffff]
[    0.031072]   Normal   [mem 0x0000000100000000-0x000000023fffffff]
[    0.031443] Movable zone start for each node
[    0.031699] Early memory node ranges
[    0.031913]   node   0: [mem 0x0000000000001000-0x000000000009efff]
[    0.032287]   node   0: [mem 0x0000000000100000-0x00000000bffdffff]
[    0.032661]   node   0: [mem 0x0000000100000000-0x000000023fffffff]
[    0.033037] Initmem setup node 0 [mem 0x0000000000001000-0x000000023fffffff]
[    0.033609] On node 0, zone DMA: 1 pages in unavailable ranges
[    0.033969] On node 0, zone DMA: 97 pages in unavailable ranges
[    0.047538] On node 0, zone Normal: 32 pages in unavailable ranges
[    0.047930] setup_percpu: NR_CPUS:64 nr_cpumask_bits:4 nr_cpu_ids:4 nr_node_ids:1
[    0.048613] percpu: Embedded 54 pages/cpu s183960 r8192 d29032 u524288
[    0.049040] pcpu-alloc: s183960 r8192 d29032 u524288 alloc=1*2097152
[    0.049042] pcpu-alloc: [0] 0 1 2 3 
[    0.049068] Kernel command line: virtme_hostname=virtme-ng nr_open=1048576 virtme_initmount0=home/yunwei37/workspace/namei_ext virtme_rw_overlay0=/etc virtme_rw_overlay1=/lib virtme_rw_overlay2=/home virtme_rw_overlay3=/opt virtme_rw_overlay4=/srv virtme_rw_overlay5=/usr virtme_rw_overlay6=/var virtme_rw_overlay7=/tmp virtme_rw_overlay8=/tmp console=ttyS0 earlyprintk=serial,ttyS0,115200 quiet loglevel=0 panic=-1 virtme.exec=`bWFrZSAtQyAvaG9tZS95dW53ZWkzNy93b3Jrc3BhY2UvbmFtZWlfZXh0IF9fdG9vbGNoYWluX2Vudmlyb25tZW50X2d1ZXN0IFRPT0xDSEFJTl9FTlZfQk9PVF9ESVI9cmVzdWx0cy9leHBlcmltZW50cy90b29sY2hhaW4tZW52aXJvbm1lbnQvMjAyNjA3MjlUMTcxNTUxWi10b29sY2hhaW4tZm9ybWFsMDEvYm9vdHMvcmVwZXRpdGlvbi0wMyBUT09MQ0hBSU5fRU5WX1JVTl9ESVI9cmVzdWx0cy9leHBlcmltZW50cy90b29sY2hhaW4tZW52aXJvbm1lbnQvMjAyNjA3MjlUMTcxNTUxWi10b29sY2hhaW4tZm9ybWFsMDEgUlVOX0lEPTIwMjYwNzI5VDE3MTU1MVotdG9vbGNoYWluLWZvcm1hbDAxIA==` virtme_chdir=home/yunwei37/workspace/namei_ext rootfstype=9p rootflags=version=9p2000.L,trans=virtio,access=any raid=noautodetect ro quiet \
[    0.054517] Kernel command line: loglevel=1 loglevel=7 panic=30 oops=panic tsc=reliable clocksource=tsc init=/home/yunwei37/.local/lib/python3.12/site-packages/virtme/guest/bin/virtme-ng-init
[    0.055673] Unknown kernel command line parameters "virtme_hostname=virtme-ng nr_open=1048576 virtme_initmount0=home/yunwei37/workspace/namei_ext virtme_rw_overlay0=/etc virtme_rw_overlay1=/lib virtme_rw_overlay2=/home virtme_rw_overlay3=/opt virtme_rw_overlay4=/srv virtme_rw_overlay5=/usr virtme_rw_overlay6=/var virtme_rw_overlay7=/tmp virtme_rw_overlay8=/tmp virtme_chdir=home/yunwei37/workspace/namei_ext", will be passed to user space.
[    0.058097] random: crng init done
[    0.058305] printk: log buffer data + meta data: 262144 + 917504 = 1179648 bytes
[    0.059576] Dentry cache hash table entries: 1048576 (order: 11, 8388608 bytes, linear)
[    0.060477] Inode-cache hash table entries: 524288 (order: 10, 4194304 bytes, linear)
[    0.061017] software IO TLB: area num 4.
[    0.071871] Fallback order for Node 0: 0 
[    0.071876] Built 1 zonelists, mobility grouping on.  Total pages: 2097022
[    0.072507] Policy zone: Normal
[    0.072687] mem auto-init: stack:all(zero), heap alloc:off, heap free:off
[    0.081440] SLUB: HWalign=64, Order=0-3, MinObjects=0, CPUs=4, Nodes=1
[    0.082491] Dynamic Preempt: lazy
[    0.082884] rcu: Preemptible hierarchical RCU implementation.
[    0.083213] rcu: 	RCU event tracing is enabled.
[    0.083470] rcu: 	RCU restricting CPUs from NR_CPUS=64 to nr_cpu_ids=4.
[    0.083847] 	Trampoline variant of Tasks RCU enabled.
[    0.084134] 	Tracing variant of Tasks RCU enabled.
[    0.084405] rcu: RCU calculated value of scheduler-enlistment delay is 100 jiffies.
[    0.084842] rcu: Adjusting geometry for rcu_fanout_leaf=16, nr_cpu_ids=4
[    0.085226] RCU Tasks: Setting shift to 2 and lim to 1 rcu_task_cb_adjust=1 rcu_task_cpu_ids=4.
[    0.087839] NR_IRQS: 4352, nr_irqs: 456, preallocated irqs: 16
[    0.088346] rcu: srcu_init: Setting srcu_struct sizes based on contention.
[    0.088823] Console: colour *CGA 80x25
[    0.089059] printk: legacy console [ttyS0] enabled
[    0.089614] printk: legacy bootconsole [earlyser0] disabled
[    0.090271] ACPI: Core revision 20251212
[    0.090589] clocksource: hpet: mask: 0xffffffff max_cycles: 0xffffffff, max_idle_ns: 19112604467 ns
[    0.091217] APIC: Switch to symmetric I/O mode setup
[    0.091658] x2apic enabled
[    0.092003] APIC: Switched APIC routing to: physical x2apic
[    0.092351] kvm-guest: APIC: send_IPI_mask() replaced with kvm_send_ipi_mask()
[    0.092782] kvm-guest: APIC: send_IPI_mask_allbutself() replaced with kvm_send_ipi_mask_allbutself()
[    0.093331] kvm-guest: setup PV IPIs
[    0.094194] ..TIMER: vector=0x30 apic1=0 pin1=2 apic2=-1 pin2=-1
[    0.094618] clocksource: tsc-early: mask: 0xffffffffffffffff max_cycles: 0x6a464ae9873, max_idle_ns: 881590529744 ns
[    0.095262] Calibrating delay loop (skipped) preset value.. 7372.80 BogoMIPS (lpj=3686400)
[    0.095897] x86/cpu: User Mode Instruction Prevention (UMIP) activated
[    0.096320] Last level iTLB entries: 4KB 0, 2MB 0, 4MB 0
[    0.096651] Last level dTLB entries: 4KB 0, 2MB 0, 4MB 0, 1GB 0
[    0.097010] mitigations: Enabled attack vectors: user_kernel, user_user, SMT mitigations: auto
[    0.097261] Speculative Store Bypass: Mitigation: Speculative Store Bypass disabled via prctl
[    0.097763] Spectre V2 : Mitigation: Enhanced / Automatic IBRS
[    0.098261] Spectre V1 : Mitigation: usercopy/swapgs barriers and __user pointer sanitization
[    0.098762] Spectre V2 : mitigation: Enabling conditional Indirect Branch Prediction Barrier
[    0.099276] x86/fpu: Supporting XSAVE feature 0x001: 'x87 floating point registers'
[    0.099782] x86/fpu: Supporting XSAVE feature 0x002: 'SSE registers'
[    0.100261] x86/fpu: Supporting XSAVE feature 0x004: 'AVX registers'
[    0.100656] x86/fpu: Supporting XSAVE feature 0x200: 'Protection Keys User registers'
[    0.101261] x86/fpu: xstate_offset[2]:  576, xstate_sizes[2]:  256
[    0.101639] x86/fpu: xstate_offset[9]:  832, xstate_sizes[9]:    8
[    0.102019] x86/fpu: Enabled xstate features 0x207, context size is 840 bytes, using 'compacted' format.
[    0.117611] pid_max: default: 32768 minimum: 301
[    0.117940] SELinux:  Initializing.
[    0.118266] Mount-cache hash table entries: 16384 (order: 5, 131072 bytes, linear)
[    0.118748] Mountpoint-cache hash table entries: 16384 (order: 5, 131072 bytes, linear)
[    0.119303] VFS: Finished mounting rootfs on nullfs
[    0.119727] smpboot: CPU0: Intel(R) Core(TM) Ultra 9 285K (family: 0x6, model: 0xc6, stepping: 0x2)
[    0.120260] Performance Events: unsupported CPU family 6 model 198 no PMU driver, software events only.
[    0.120295] signal: max sigframe size: 3632
[    0.120622] rcu: Hierarchical SRCU implementation.
[    0.120918] rcu: 	Max phase no-delay instances is 400.
[    0.121257] Timer migration: 1 hierarchy levels; 8 children per group; 1 crossnode level
[    0.121364] smp: Bringing up secondary CPUs ...
[    0.121701] smpboot: x86: Booting SMP configuration:
[    0.122023] .... node  #0, CPUs:      #1 #2 #3
[    0.123281] smp: Brought up 1 node, 4 CPUs
[    0.123813] smpboot: Total of 4 processors activated (29491.20 BogoMIPS)
[    0.124518] Memory: 8122236K/8388088K available (20133K kernel code, 3048K rwdata, 14964K rodata, 3032K init, 632K bss, 261276K reserved, 0K cma-reserved)
[    0.125482] devtmpfs: initialized
[    0.125636] clocksource: jiffies: mask: 0xffffffff max_cycles: 0xffffffff, max_idle_ns: 1911260446275000 ns
[    0.126264] posixtimers hash table entries: 2048 (order: 3, 32768 bytes, linear)
[    0.126733] futex hash table entries: 1024 (65536 bytes on 1 NUMA nodes, total 64 KiB, linear).
[    0.127331] PM: RTC time: 17:19:43, date: 2026-07-29
[    0.128016] NET: Registered PF_NETLINK/PF_ROUTE protocol family
[    0.128332] audit: initializing netlink subsys (disabled)
[    0.128666] audit: type=2000 audit(1785345584.340:1): state=initialized audit_enabled=0 res=1
[    0.128666] thermal_sys: Registered thermal governor 'step_wise'
[    0.129267] cpuidle: using governor menu
[    0.130054] Freeing SMP alternatives memory: 60K
[    0.130370] PCI: Using configuration type 1 for base access
[    0.130752] kprobes: kprobe jump-optimization is enabled. All kprobes are optimized if possible.
[    0.131470] HugeTLB: registered 2.00 MiB page size, pre-allocated 0 pages
[    0.131732] HugeTLB: 28 KiB vmemmap can be freed for a 2.00 MiB page
[    0.132558] ACPI: Added _OSI(Module Device)
[    0.132818] ACPI: Added _OSI(Processor Device)
[    0.133094] ACPI: Added _OSI(Processor Aggregator Device)
[    0.133741] ACPI: 1 ACPI AML tables successfully acquired and loaded
[    0.136270] ACPI: \_SB_: platform _OSC: OS support mask [002a7eee]
[    0.137331] ACPI: Interpreter enabled
[    0.137566] ACPI: PM: (supports S0 S3 S4 S5)
[    0.137835] ACPI: Using IOAPIC for interrupt routing
[    0.138172] PCI: Using host bridge windows from ACPI; if necessary, use "pci=nocrs" and report a bug
[    0.138262] PCI: Using E820 reservations for host bridge windows
[    0.138698] ACPI: Enabled 2 GPEs in block 00 to 0F
[    0.140121] ACPI: PCI Root Bridge [PCI0] (domain 0000 [bus 00-ff])
[    0.140264] acpi PNP0A03:00: _OSC: OS supports [ASPM ClockPM Segments MSI HPX-Type3]
[    0.140741] acpi PNP0A03:00: _OSC: not requesting OS control; OS requires [ExtendedConfig ASPM ClockPM MSI]
[    0.141264] acpi PNP0A03:00: _OSC: platform retains control of PCIe features (AE_ERROR)
[    0.141752] acpi PNP0A03:00: fail to add MMCONFIG information, can't access extended configuration space under this bridge
[    0.142330] PCI host bridge to bus 0000:00
[    0.142594] pci_bus 0000:00: root bus resource [io  0x0000-0x0cf7 window]
[    0.143012] pci_bus 0000:00: root bus resource [io  0x0d00-0xffff window]
[    0.143262] pci_bus 0000:00: root bus resource [mem 0x000a0000-0x000bffff window]
[    0.143719] pci_bus 0000:00: root bus resource [mem 0xc0000000-0xfebfffff window]
[    0.144180] pci_bus 0000:00: root bus resource [mem 0x380000000000-0x38007fffffff window]
[    0.144262] pci_bus 0000:00: root bus resource [bus 00-ff]
[    0.144631] pci 0000:00:00.0: [8086:1237] type 00 class 0x060000 conventional PCI endpoint
[    0.145420] pci 0000:00:01.0: [8086:7000] type 00 class 0x060100 conventional PCI endpoint
[    0.146241] pci 0000:00:01.1: [8086:7010] type 00 class 0x010180 conventional PCI endpoint
[    0.147099] pci 0000:00:01.1: BAR 4 [io  0xc200-0xc20f]
[    0.147283] pci 0000:00:01.1: BAR 0 [io  0x01f0-0x01f7]: legacy IDE quirk
[    0.147701] pci 0000:00:01.1: BAR 1 [io  0x03f6]: legacy IDE quirk
[    0.148078] pci 0000:00:01.1: BAR 2 [io  0x0170-0x0177]: legacy IDE quirk
[    0.148262] pci 0000:00:01.1: BAR 3 [io  0x0376]: legacy IDE quirk
[    0.148738] pci 0000:00:01.3: [8086:7113] type 00 class 0x068000 conventional PCI endpoint
[    0.149466] pci 0000:00:01.3: quirk: [io  0x0600-0x063f] claimed by PIIX4 ACPI
[    0.149924] pci 0000:00:01.3: quirk: [io  0x0700-0x070f] claimed by PIIX4 SMB
[    0.150461] pci 0000:00:02.0: [1af4:1009] type 00 class 0x000200 conventional PCI endpoint
[    0.152272] pci 0000:00:02.0: BAR 0 [io  0xc000-0xc03f]
[    0.153010] pci 0000:00:02.0: BAR 1 [mem 0xfebf7000-0xfebf7fff]
[    0.153281] pci 0000:00:02.0: BAR 4 [mem 0x380000000000-0x380000003fff 64bit pref]
[    0.154392] pci 0000:00:03.0: [1af4:1009] type 00 class 0x000200 conventional PCI endpoint
[    0.155973] pci 0000:00:03.0: BAR 0 [io  0xc040-0xc07f]
[    0.156267] pci 0000:00:03.0: BAR 1 [mem 0xfebf8000-0xfebf8fff]
[    0.156651] pci 0000:00:03.0: BAR 4 [mem 0x380000004000-0x380000007fff 64bit pref]
[    0.157635] pci 0000:00:04.0: [8086:25ab] type 00 class 0x088000 conventional PCI endpoint
[    0.158614] pci 0000:00:04.0: BAR 0 [mem 0xfebf9000-0xfebf900f]
[    0.159328] pci 0000:00:05.0: [1af4:1003] type 00 class 0x078000 conventional PCI endpoint
[    0.161207] pci 0000:00:05.0: BAR 0 [io  0xc080-0xc0bf]
[    0.161267] pci 0000:00:05.0: BAR 1 [mem 0xfebfa000-0xfebfafff]
[    0.162159] pci 0000:00:05.0: BAR 4 [mem 0x380000008000-0x38000000bfff 64bit pref]
[    0.162849] pci 0000:00:06.0: [1af4:1003] type 00 class 0x078000 conventional PCI endpoint
[    0.164156] pci 0000:00:06.0: BAR 0 [io  0xc0c0-0xc0ff]
[    0.164266] pci 0000:00:06.0: BAR 1 [mem 0xfebfb000-0xfebfbfff]
[    0.164653] pci 0000:00:06.0: BAR 4 [mem 0x38000000c000-0x38000000ffff 64bit pref]
[    0.165716] pci 0000:00:07.0: [1af4:1003] type 00 class 0x078000 conventional PCI endpoint
[    0.167257] pci 0000:00:07.0: BAR 0 [io  0xc100-0xc13f]
[    0.167266] pci 0000:00:07.0: BAR 1 [mem 0xfebfc000-0xfebfcfff]
[    0.167647] pci 0000:00:07.0: BAR 4 [mem 0x380000010000-0x380000013fff 64bit pref]
[    0.168684] pci 0000:00:08.0: [1af4:1003] type 00 class 0x078000 conventional PCI endpoint
[    0.170171] pci 0000:00:08.0: BAR 0 [io  0xc140-0xc17f]
[    0.170267] pci 0000:00:08.0: BAR 1 [mem 0xfebfd000-0xfebfdfff]
[    0.170648] pci 0000:00:08.0: BAR 4 [mem 0x380000014000-0x380000017fff 64bit pref]
[    0.171673] pci 0000:00:09.0: [1af4:1003] type 00 class 0x078000 conventional PCI endpoint
[    0.172725] pci 0000:00:09.0: BAR 0 [io  0xc180-0xc1bf]
[    0.173058] pci 0000:00:09.0: BAR 1 [mem 0xfebfe000-0xfebfefff]
[    0.173281] pci 0000:00:09.0: BAR 4 [mem 0x380000018000-0x38000001bfff 64bit pref]
[    0.174309] pci 0000:00:0a.0: [1af4:1003] type 00 class 0x078000 conventional PCI endpoint
[    0.175697] pci 0000:00:0a.0: BAR 0 [io  0xc1c0-0xc1ff]
[    0.176025] pci 0000:00:0a.0: BAR 1 [mem 0xfebff000-0xfebfffff]
[    0.176280] pci 0000:00:0a.0: BAR 4 [mem 0x38000001c000-0x38000001ffff 64bit pref]
[    0.178641] ACPI: PCI: Interrupt link LNKA configured for IRQ 10
[    0.179059] ACPI: PCI: Interrupt link LNKB configured for IRQ 10
[    0.179305] ACPI: PCI: Interrupt link LNKC configured for IRQ 11
[    0.180055] ACPI: PCI: Interrupt link LNKD configured for IRQ 11
[    0.180285] ACPI: PCI: Interrupt link LNKS configured for IRQ 9
[    0.180838] iommu: Default domain type: Translated
[    0.181152] iommu: DMA domain TLB invalidation policy: lazy mode
[    0.183306] SCSI subsystem initialized
[    0.184290] libata version 3.00 loaded.
[    0.184290] ACPI: bus type USB registered
[    0.184560] usbcore: registered new interface driver usbfs
[    0.184917] usbcore: registered new interface driver hub
[    0.185265] usbcore: registered new device driver usb
[    0.185589] pps_core: LinuxPPS API ver. 1 registered
[    0.185900] pps_core: Software ver. 5.3.6 - Copyright 2005-2007 Rodolfo Giometti <giometti@linux.it>
[    0.186263] PTP clock support registered
[    0.186516] Advanced Linux Sound Architecture Driver Initialized.
[    0.186761] NetLabel: Initializing
[    0.187262] NetLabel:  domain hash size = 128
[    0.187539] NetLabel:  protocols = UNLABELED CIPSOv4 CALIPSO
[    0.187896] NetLabel:  unlabeled traffic allowed by default
[    0.188265] PCI: Using ACPI for IRQ routing
[    0.188532] PCI: pci_cache_line_size set to 64 bytes
[    0.188651] e820: register RAM buffer resource [mem 0x0009fc00-0x0009ffff]
[    0.189091] e820: register RAM buffer resource [mem 0xbffe0000-0xbfffffff]
[    0.189275] vgaarb: loaded
[    0.189484] hpet0: at MMIO 0xfed00000, IRQs 2, 8, 0
[    0.189840] hpet0: 3 comparators, 64-bit 100.000000 MHz counter
[    0.195291] clocksource: Switched to clocksource kvm-clock
[    0.195686] VFS: Disk quotas dquot_6.6.0
[    0.195933] VFS: Dquot-cache hash table entries: 512 (order 0, 4096 bytes)
[    0.196651] pnp: PnP ACPI init
[    0.196916] pnp 00:02: [dma 2]
[    0.197011] pnp: PnP ACPI: found 4 devices
[    0.202727] clocksource: acpi_pm: mask: 0xffffff max_cycles: 0xffffff, max_idle_ns: 2085701024 ns
[    0.203294] NET: Registered PF_INET protocol family
[    0.203823] IP idents hash table entries: 131072 (order: 8, 1048576 bytes, linear)
[    0.213994] tcp_listen_portaddr_hash hash table entries: 4096 (order: 4, 65536 bytes, linear)
[    0.214541] Table-perturb hash table entries: 65536 (order: 6, 262144 bytes, linear)
[    0.215041] TCP established hash table entries: 65536 (order: 7, 524288 bytes, linear)
[    0.215562] TCP bind hash table entries: 65536 (order: 9, 2097152 bytes, linear)
[    0.216135] TCP: Hash tables configured (established 65536 bind 65536)
[    0.216552] UDP hash table entries: 4096 (order: 6, 262144 bytes, linear)
[    0.217149] NET: Registered PF_UNIX/PF_LOCAL protocol family
[    0.217660] RPC: Registered named UNIX socket transport module.
[    0.218025] RPC: Registered udp transport module.
[    0.218327] RPC: Registered tcp transport module.
[    0.218626] RPC: Registered tcp-with-tls transport module.
[    0.218961] RPC: Registered tcp NFSv4.1 backchannel transport module.
[    0.219676] pci_bus 0000:00: resource 4 [io  0x0000-0x0cf7 window]
[    0.220056] pci_bus 0000:00: resource 5 [io  0x0d00-0xffff window]
[    0.220484] pci_bus 0000:00: resource 6 [mem 0x000a0000-0x000bffff window]
[    0.220913] pci_bus 0000:00: resource 7 [mem 0xc0000000-0xfebfffff window]
[    0.221377] pci_bus 0000:00: resource 8 [mem 0x380000000000-0x38007fffffff window]
[    0.221869] pci 0000:00:01.0: PIIX3: Enabling Passive Release
[    0.222275] pci 0000:00:00.0: Limiting direct PCI/PCI transfers
[    0.222717] PCI: CLS 0 bytes, default 64
[    0.222989] PCI-DMA: Using software bounce buffering for IO (SWIOTLB)
[    0.223388] software IO TLB: mapped [mem 0x00000000bbfe0000-0x00000000bffe0000] (64MB)
[    0.223918] RAPL PMU: API unit is 2^-32 Joules, 0 fixed counters, 10737418240 ms ovfl timer
[    0.224447] clocksource: tsc: mask: 0xffffffffffffffff max_cycles: 0x6a464ae9873, max_idle_ns: 881590529744 ns
[    0.225141] clocksource: Switched to clocksource tsc
[    0.229772] Initialise system trusted keyrings
[    0.230143] workingset: timestamp_bits=56 (anon: 52) max_order=21 bucket_order=0 (anon: 0)
[    0.230759] NFS: Registering the id_resolver key type
[    0.231097] Key type id_resolver registered
[    0.231357] Key type id_legacy registered
[    0.231612] nfs4filelayout_init: NFSv4 File Layout Driver Registering...
[    0.232026] nfs4flexfilelayout_init: NFSv4 Flexfile Layout Driver Registering...
[    0.232768] fuse: init (API version 7.45)
[    0.233051] 9p: Installing v9fs 9p2000 file system support
[    0.233590] Key type asymmetric registered
[    0.233847] Asymmetric key parser 'x509' registered
[    0.234177] Block layer SCSI generic (bsg) driver version 0.4 loaded (major 251)
[    0.234665] io scheduler mq-deadline registered
[    0.234945] io scheduler kyber registered
[    0.235347] input: Power Button as /devices/platform/LNXPWRBN:00/input/input0
[    0.235823] ACPI: button: Power Button [PWRF]
[    0.236689] ACPI: \_SB_.LNKB: Enabled at IRQ 10
[    0.238075] ACPI: \_SB_.LNKC: Enabled at IRQ 11
[    0.239337] ACPI: \_SB_.LNKA: Enabled at IRQ 10
[    0.242538] ACPI: \_SB_.LNKD: Enabled at IRQ 11
[    0.245608] Serial: 8250/16550 driver, 4 ports, IRQ sharing enabled
[    0.246110] 00:03: ttyS0 at I/O 0x3f8 (irq = 4, base_baud = 115200) is a 16550A
[    0.316497] Non-volatile memory driver v1.3
[    0.316858] ACPI: bus type drm_connector registered
[    0.317943] loop: module loaded
[    0.318975] scsi host0: ata_piix
[    0.319281] scsi host1: ata_piix
[    0.319496] ata1: PATA max MWDMA2 cmd 0x1f0 ctl 0x3f6 bmdma 0xc200 irq 14 lpm-pol 0
[    0.319976] ata2: PATA max MWDMA2 cmd 0x170 ctl 0x376 bmdma 0xc208 irq 15 lpm-pol 0
[    0.320619] e100: Intel(R) PRO/100 Network Driver
[    0.321021] e100: Copyright(c) 1999-2006 Intel Corporation
[    0.321396] e1000: Intel(R) PRO/1000 Network Driver
[    0.321708] e1000: Copyright (c) 1999-2006 Intel Corporation.
[    0.322065] e1000e: Intel(R) PRO/1000 Network Driver
[    0.322426] e1000e: Copyright(c) 1999 - 2015 Intel Corporation.
[    0.322807] sky2: driver version 1.30
[    0.323159] usbcore: registered new interface driver usblp
[    0.323550] usbcore: registered new interface driver usb-storage
[    0.323977] i8042: PNP: PS/2 Controller [PNP0303:KBD,PNP0f13:MOU] at 0x60,0x64 irq 1,12
[    0.324942] serio: i8042 KBD port at 0x60,0x64 irq 1
[    0.325299] serio: i8042 AUX port at 0x60,0x64 irq 12
[    0.325716] rtc_cmos PNP0B00:00: RTC can wake from S4
[    0.326322] rtc_cmos PNP0B00:00: registered as rtc0
[    0.326697] rtc_cmos PNP0B00:00: alarms up to one day, y3k, 242 bytes nvram, hpet irqs
[    0.327313] device-mapper: ioctl: 4.50.0-ioctl (2025-04-28) initialised: dm-devel@lists.linux.dev
[    0.327901] intel_pstate: CPU model not supported
[    0.328255] hid: raw HID events driver (C) Jiri Kosina
[    0.328654] usbcore: registered new interface driver usbhid
[    0.329033] usbhid: USB HID core driver
[    0.329933] Initializing XFRM netlink socket
[    0.330235] NET: Registered PF_INET6 protocol family
[    0.330568] input: AT Translated Set 2 keyboard as /devices/platform/i8042/serio0/input/input1
[    0.331371] Segment Routing with IPv6
[    0.331661] In-situ OAM (IOAM) with IPv6
[    0.331925] NET: Registered PF_PACKET protocol family
[    0.332344] 9pnet: Installing 9P2000 support
[    0.333945] Key type dns_resolver registered
[    0.334583] IPI shorthand broadcast: enabled
[    0.336371] sched_clock: Marking stable (333001405, 2514291)->(348661435, -13145739)
[    0.337322] registered taskstats version 1
[    0.337652] Loading compiled-in X.509 certificates
[    0.338925] Demotion targets for Node 0: null
[    0.339300] PM:   Magic number: 2:262:341
[    0.339617] netconsole: network logging started
[    0.339998] cfg80211: Loading compiled-in X.509 certificates for regulatory database
[    0.340604] kworker/u16:0 (67) used greatest stack depth: 14480 bytes left
[    0.340803] Loaded X.509 cert 'sforshee: 00b28ddf47aef9cea7'
[    0.341502] Loaded X.509 cert 'wens: 61c038651aabdcf94bd0ac7ff06c7248db18c600'
[    0.341982] ALSA device list:
[    0.342201]   No soundcards found.
[    0.342611] faux_driver regulatory: Direct firmware load for regulatory.db failed with error -2
[    0.342955] cfg80211: failed to load regulatory.db
[    0.475011] ata2: found unknown device (class 0)
[    0.475622] ata2.00: ATAPI: QEMU DVD-ROM, 2.5+, max UDMA/100
[    0.476777] scsi 1:0:0:0: CD-ROM            QEMU     QEMU DVD-ROM     2.5+ PQ: 0 ANSI: 5
[    0.492899] sr 1:0:0:0: [sr0] scsi3-mmc drive: 4x/4x cd/rw xa/form2 tray
[    0.504774] cdrom: Uniform CD-ROM driver Revision: 3.20
[    0.511001] sr 1:0:0:0: Attached scsi CD-ROM sr0
[    0.511104] sr 1:0:0:0: Attached scsi generic sg0 type 5
[    0.747248] input: ImExPS/2 Generic Explorer Mouse as /devices/platform/i8042/serio1/input/input3
[    0.747887] md: Skipping autodetection of RAID arrays. (raid=autodetect will force)
[    0.748241] 9p: Bad value for 'source'
[    0.749283] VFS: Mounted root (9p filesystem) readonly on device 0:20.
[    0.750071] devtmpfs: mounted
[    0.750389] VFS: Pivoted into new rootfs
[    0.750919] Freeing unused kernel image (initmem) memory: 3032K
[    0.751188] Write protecting the kernel read-only data: 36864k
[    0.751687] Freeing unused kernel image (text/rodata gap) memory: 344K
[    0.752481] Freeing unused kernel image (rodata/data gap) memory: 1420K
[    0.757247] x86/mm: Checked W+X mappings: passed, no W+X pages found.
[    0.757506] Run /home/yunwei37/.local/lib/python3.12/site-packages/virtme/guest/bin/virtme-ng-init as init process
[    0.757909]   with arguments:
[    0.757910]     /home/yunwei37/.local/lib/python3.12/site-packages/virtme/guest/bin/virtme-ng-init
[    0.757910]   with environment:
[    0.757911]     HOME=/
[    0.757911]     TERM=linux
[    0.757912]     virtme_hostname=virtme-ng
[    0.757912]     nr_open=1048576
[    0.757912]     virtme_initmount0=home/yunwei37/workspace/namei_ext
[    0.757913]     virtme_rw_overlay0=/etc
[    0.757913]     virtme_rw_overlay1=/lib
[    0.757913]     virtme_rw_overlay2=/home
[    0.757914]     virtme_rw_overlay3=/opt
[    0.757914]     virtme_rw_overlay4=/srv
[    0.757914]     virtme_rw_overlay5=/usr
[    0.757915]     virtme_rw_overlay6=/var
[    0.757915]     virtme_rw_overlay7=/tmp
[    0.757915]     virtme_rw_overlay8=/tmp
[    0.757916]     virtme_chdir=home/yunwei37/workspace/namei_ext
[    0.776578] virtme-ng-init: mount devtmpfs -> /dev: EBUSY: Device or resource busy
[    1.151399] systemd-tmpfile (73) used greatest stack depth: 13088 bytes left
[    1.151502] virtme-ng-init: Failed to open path '/var/lib/containers/storage': Permission denied
               Failed to opendir() '/proc/self/fd/5': Permission denied
[    1.171285] ip (77) used greatest stack depth: 12184 bytes left
[    1.176799] virtme-ng-init: Starting systemd-udevd version 255.4-1ubuntu8.16
[    1.177241] virtme-ng-init: triggering udev coldplug
[    1.967477] virtme-ng-init: waiting for udev to settle
[    2.130342] virtme-ng-init: udev is done
[    2.131169] virtme-ng-init: initialization done
